Archive member included to satisfy reference by file (symbol)

/home/test/zynq_psoracle/toolchain/xpack-arm-none-eabi-gcc-14.2.1-1.1/bin/../lib/gcc/arm-none-eabi/14.2.1/thumb/v7-a+fp/hard/libgcc.a(_udivsi3.o)
                              /home/test/zynq_psoracle/firmware/bsp/out/arm_cortexa9_xil_cache.c.o (__aeabi_uidiv)
/home/test/zynq_psoracle/toolchain/xpack-arm-none-eabi-gcc-14.2.1-1.1/bin/../lib/gcc/arm-none-eabi/14.2.1/thumb/v7-a+fp/hard/libgcc.a(_dvmd_tls.o)
                              /home/test/zynq_psoracle/toolchain/xpack-arm-none-eabi-gcc-14.2.1-1.1/bin/../lib/gcc/arm-none-eabi/14.2.1/thumb/v7-a+fp/hard/libgcc.a(_udivsi3.o) (__aeabi_idiv0)
/home/test/zynq_psoracle/toolchain/xpack-arm-none-eabi-gcc-14.2.1-1.1/bin/../lib/gcc/arm-none-eabi/14.2.1/thumb/v7-a+fp/hard/libgcc.a(_aeabi_uldivmod.o)
                              /home/test/zynq_psoracle/firmware/bsp/out/common_xil_printf.c.o (__aeabi_uldivmod)
/home/test/zynq_psoracle/toolchain/xpack-arm-none-eabi-gcc-14.2.1-1.1/bin/../lib/gcc/arm-none-eabi/14.2.1/thumb/v7-a+fp/hard/libgcc.a(_udivmoddi4.o)
                              /home/test/zynq_psoracle/toolchain/xpack-arm-none-eabi-gcc-14.2.1-1.1/bin/../lib/gcc/arm-none-eabi/14.2.1/thumb/v7-a+fp/hard/libgcc.a(_aeabi_uldivmod.o) (__udivmoddi4)
/home/test/zynq_psoracle/toolchain/xpack-arm-none-eabi-gcc-14.2.1-1.1/bin/../lib/gcc/arm-none-eabi/14.2.1/../../../../arm-none-eabi/lib/thumb/v7-a+fp/hard/libc.a(libc_a-exit.o)
                              /home/test/zynq_psoracle/firmware/bsp/out/arm_cortexa9_gcc_xil-crt0.S.o (exit)
/home/test/zynq_psoracle/toolchain/xpack-arm-none-eabi-gcc-14.2.1-1.1/bin/../lib/gcc/arm-none-eabi/14.2.1/../../../../arm-none-eabi/lib/thumb/v7-a+fp/hard/libc.a(libc_a-strtoul.o)
                              /home/test/zynq_psoracle/firmware/bsp/out/p3_app.c.o (strtoul)
/home/test/zynq_psoracle/toolchain/xpack-arm-none-eabi-gcc-14.2.1-1.1/bin/../lib/gcc/arm-none-eabi/14.2.1/../../../../arm-none-eabi/lib/thumb/v7-a+fp/hard/libc.a(libc_a-ctype_.o)
                              /home/test/zynq_psoracle/firmware/bsp/out/common_xil_printf.c.o (_ctype_)
/home/test/zynq_psoracle/toolchain/xpack-arm-none-eabi-gcc-14.2.1-1.1/bin/../lib/gcc/arm-none-eabi/14.2.1/../../../../arm-none-eabi/lib/thumb/v7-a+fp/hard/libc.a(libc_a-findfp.o)
                              /home/test/zynq_psoracle/toolchain/xpack-arm-none-eabi-gcc-14.2.1-1.1/bin/../lib/gcc/arm-none-eabi/14.2.1/../../../../arm-none-eabi/lib/thumb/v7-a+fp/hard/libc.a(libc_a-exit.o) (__stdio_exit_handler)
/home/test/zynq_psoracle/toolchain/xpack-arm-none-eabi-gcc-14.2.1-1.1/bin/../lib/gcc/arm-none-eabi/14.2.1/../../../../arm-none-eabi/lib/thumb/v7-a+fp/hard/libc.a(libc_a-fwalk.o)
                              /home/test/zynq_psoracle/toolchain/xpack-arm-none-eabi-gcc-14.2.1-1.1/bin/../lib/gcc/arm-none-eabi/14.2.1/../../../../arm-none-eabi/lib/thumb/v7-a+fp/hard/libc.a(libc_a-findfp.o) (_fwalk_sglue)
/home/test/zynq_psoracle/toolchain/xpack-arm-none-eabi-gcc-14.2.1-1.1/bin/../lib/gcc/arm-none-eabi/14.2.1/../../../../arm-none-eabi/lib/thumb/v7-a+fp/hard/libc.a(libc_a-snprintf.o)
                              /home/test/zynq_psoracle/firmware/bsp/out/p3_app.c.o (snprintf)
/home/test/zynq_psoracle/toolchain/xpack-arm-none-eabi-gcc-14.2.1-1.1/bin/../lib/gcc/arm-none-eabi/14.2.1/../../../../arm-none-eabi/lib/thumb/v7-a+fp/hard/libc.a(libc_a-stdio.o)
                              /home/test/zynq_psoracle/toolchain/xpack-arm-none-eabi-gcc-14.2.1-1.1/bin/../lib/gcc/arm-none-eabi/14.2.1/../../../../arm-none-eabi/lib/thumb/v7-a+fp/hard/libc.a(libc_a-findfp.o) (__sread)
/home/test/zynq_psoracle/toolchain/xpack-arm-none-eabi-gcc-14.2.1-1.1/bin/../lib/gcc/arm-none-eabi/14.2.1/../../../../arm-none-eabi/lib/thumb/v7-a+fp/hard/libc.a(libc_a-vsnprintf.o)
                              /home/test/zynq_psoracle/firmware/bsp/out/p3_wire.c.o (vsnprintf)
/home/test/zynq_psoracle/toolchain/xpack-arm-none-eabi-gcc-14.2.1-1.1/bin/../lib/gcc/arm-none-eabi/14.2.1/../../../../arm-none-eabi/lib/thumb/v7-a+fp/hard/libc.a(libc_a-memcmp.o)
                              /home/test/zynq_psoracle/firmware/bsp/out/common_xil_sutil.c.o (memcmp)
/home/test/zynq_psoracle/toolchain/xpack-arm-none-eabi-gcc-14.2.1-1.1/bin/../lib/gcc/arm-none-eabi/14.2.1/../../../../arm-none-eabi/lib/thumb/v7-a+fp/hard/libc.a(libc_a-memmove.o)
                              /home/test/zynq_psoracle/firmware/bsp/out/common_xil_sutil.c.o (memmove)
/home/test/zynq_psoracle/toolchain/xpack-arm-none-eabi-gcc-14.2.1-1.1/bin/../lib/gcc/arm-none-eabi/14.2.1/../../../../arm-none-eabi/lib/thumb/v7-a+fp/hard/libc.a(libc_a-memset.o)
                              /home/test/zynq_psoracle/firmware/bsp/out/common_xil_printf.c.o (memset)
/home/test/zynq_psoracle/toolchain/xpack-arm-none-eabi-gcc-14.2.1-1.1/bin/../lib/gcc/arm-none-eabi/14.2.1/../../../../arm-none-eabi/lib/thumb/v7-a+fp/hard/libc.a(libc_a-strncat.o)
[...]
Memory Configuration

Name             Origin             Length             Attributes
ps7_ddr_0        0x02000000         0x0df00000
*default*        0x00000000         0xffffffff

Linker script and memory map

                0x00004000                        _STACK_SIZE = DEFINED (_STACK_SIZE)?_STACK_SIZE:0x4000
                0x00100000                        _HEAP_SIZE = DEFINED (_HEAP_SIZE)?_HEAP_SIZE:0x100000
                0x00000800                        _ABORT_STACK_SIZE = DEFINED (_ABORT_STACK_SIZE)?_ABORT_STACK_SIZE:0x800
                0x00001000                        _SUPERVISOR_STACK_SIZE = DEFINED (_SUPERVISOR_STACK_SIZE)?_SUPERVISOR_STACK_SIZE:0x1000
                0x00000800                        _IRQ_STACK_SIZE = DEFINED (_IRQ_STACK_SIZE)?_IRQ_STACK_SIZE:0x800
                0x00000800                        _FIQ_STACK_SIZE = DEFINED (_FIQ_STACK_SIZE)?_FIQ_STACK_SIZE:0x800
                0x00000800                        _UNDEF_STACK_SIZE = DEFINED (_UNDEF_STACK_SIZE)?_UNDEF_STACK_SIZE:0x800

.text           0x02000000     0xc734
 *(.vectors)
 .vectors       0x02000000       0xcc /home/test/zynq_psoracle/firmware/bsp/out/arm_cortexa9_gcc_asm_vectors.S.o
                0x02000000                _vector_table
 *(.boot)
 .boot          0x020000cc      0x38c /home/test/zynq_psoracle/firmware/bsp/out/arm_cortexa9_gcc_boot.S.o
                0x020000cc                _boot
                0x020000cc                _prestart
 *(.text)
 .text          0x02000458       0x3c /home/test/zynq_psoracle/firmware/bsp/out/arm_cortexa9_gcc_cpu_init.S.o
                0x02000458                __cpu_init
 .text          0x02000494       0x78 /home/test/zynq_psoracle/firmware/bsp/out/arm_cortexa9_gcc_xil-crt0.S.o
                0x020004a8                _start
 *fill*         0x0200050c        0x4 
 .text          0x02000510      0x278 /home/test/zynq_psoracle/toolchain/xpack-arm-none-eabi-gcc-14.2.1-1.1/bin/../lib/gcc/arm-none-eabi/14.2.1/thumb/v7-a+fp/hard/libgcc.a(_udivsi3.o)
                0x02000510                __udivsi3
                0x02000510                __aeabi_uidiv
                0x0200076c                __aeabi_uidivmod
 .text          0x02000788        0x4 /home/test/zynq_psoracle/toolchain/xpack-arm-none-eabi-gcc-14.2.1-1.1/bin/../lib/gcc/arm-none-eabi/14.2.1/thumb/v7-a+fp/hard/libgcc.a(_dvmd_tls.o)
                0x02000788                __aeabi_ldiv0
                0x02000788                __aeabi_idiv0
 *fill*         0x0200078c       0x14 
 .text          0x020007a0      0x2e0 /home/test/zynq_psoracle/toolchain/xpack-arm-none-eabi-gcc-14.2.1-1.1/bin/../lib/gcc/arm-none-eabi/14.2.1/../../../../arm-none-eabi/lib/thumb/v7-a+fp/hard/libc.a(libc_a-strcmp.o)
                0x020007a0                strcmp
 .text          0x02000a80      0x5e0 /home/test/zynq_psoracle/toolchain/xpack-arm-none-eabi-gcc-14.2.1-1.1/bin/../lib/gcc/arm-none-eabi/14.2.1/../../../../arm-none-eabi/lib/thumb/v7-a+fp/hard/libc.a(libc_a-memcpy.o)
                0x02000a80                memcpy
 *fill*         0x02001060       0x20 
 .text          0x02001080       0xd8 /home/test/zynq_psoracle/toolchain/xpack-arm-none-eabi-gcc-14.2.1-1.1/bin/../lib/gcc/arm-none-eabi/14.2.1/../../../../arm-none-eabi/lib/thumb/v7-a+fp/hard/libc.a(libc_a-strlen.o)
                0x02001080                strlen
 *fill*         0x02001158        0x8 
 .text          0x02001160       0xa0 /home/test/zynq_psoracle/toolchain/xpack-arm-none-eabi-gcc-14.2.1-1.1/bin/../lib/gcc/arm-none-eabi/14.2.1/../../../../arm-none-eabi/lib/thumb/v7-a+fp/hard/libc.a(libc_a-memchr.o)
                0x02001160                memchr
 .text          0x02001200      0x2b0 /home/test/zynq_psoracle/toolchain/xpack-arm-none-eabi-gcc-14.2.1-1.1/bin/../lib/gcc/arm-none-eabi/14.2.1/thumb/v7-a+fp/hard/libgcc.a(_divsi3.o)
                0x02001200                __aeabi_idiv
                0x02001200                __divsi3
                0x02001494                __aeabi_idivmod
 *(.text.*)
 .text.__do_global_dtors_aux
                0x020014b0       0x2c /home/test/zynq_psoracle/toolchain/xpack-arm-none-eabi-gcc-14.2.1-1.1/bin/../lib/gcc/arm-none-eabi/14.2.1/thumb/v7-a+fp/hard/crtbegin.o
 .text.frame_dummy
                0x020014dc       0x24 /home/test/zynq_psoracle/toolchain/xpack-arm-none-eabi-gcc-14.2.1-1.1/bin/../lib/gcc/arm-none-eabi/14.2.1/thumb/v7-a+fp/hard/crtbegin.o
 .text.Xil_L1DCacheFlush
                0x02001500       0x88 /home/test/zynq_psoracle/firmware/bsp/out/arm_cortexa9_xil_cache.c.o
                0x02001500                Xil_L1DCacheFlush
 .text.Xil_DCacheFlush
                0x02001588       0x1c /home/test/zynq_psoracle/firmware/bsp/out/arm_cortexa9_xil_cache.c.o
                0x02001588                Xil_DCacheFlush
 .text.Xil_SetTlbAttributes
                0x020015a4       0x38 /home/test/zynq_psoracle/firmware/bsp/out/arm_cortexa9_xil_mmu.c.o
                0x020015a4                Xil_SetTlbAttributes
 .text.XTime_SetTime
                0x020015dc       0x24 /home/test/zynq_psoracle/firmware/bsp/out/arm_cortexa9_xtime_l.c.o
                0x020015dc                XTime_SetTime
 .text.FIQInterrupt
                0x02001600       0x14 /home/test/zynq_psoracle/firmware/bsp/out/arm_common_vectors.c.o
                0x02001600                FIQInterrupt
 .text.IRQInterrupt
                0x02001614       0x14 /home/test/zynq_psoracle/firmware/bsp/out/arm_common_vectors.c.o
                0x02001614                IRQInterrupt
 .text.UndefinedException
                0x02001628       0x14 /home/test/zynq_psoracle/firmware/bsp/out/arm_common_vectors.c.o
                0x02001628                UndefinedException
 .text.SWInterrupt
                0x0200163c       0x14 /home/test/zynq_psoracle/firmware/bsp/out/arm_common_vectors.c.o
                0x0200163c                SWInterrupt
 .text.DataAbortInterrupt
                0x02001650       0x14 /home/test/zynq_psoracle/firmware/bsp/out/arm_common_vectors.c.o
                0x02001650                DataAbortInterrupt
 .text.PrefetchAbortInterrupt
                0x02001664       0x14 /home/test/zynq_psoracle/firmware/bsp/out/arm_common_vectors.c.o
                0x02001664                PrefetchAbortInterrupt
 .text.Xil_ExceptionNullHandler
                0x02001678        0x4 /home/test/zynq_psoracle/firmware/bsp/out/arm_common_xil_exception.c.o
 .text.Xil_DataAbortHandler
                0x0200167c        0x4 /home/test/zynq_psoracle/firmware/bsp/out/arm_common_xil_exception.c.o
 .text.Xil_PrefetchAbortHandler
                0x02001680        0x4 /home/test/zynq_psoracle/firmware/bsp/out/arm_common_xil_exception.c.o
 .text.Xil_UndefinedExceptionHandler
                0x02001684        0x4 /home/test/zynq_psoracle/firmware/bsp/out/arm_common_xil_exception.c.o
 .text.Xil_Assert
                0x02001688       0x34 /home/test/zynq_psoracle/firmware/bsp/out/common_xil_assert.c.o
                0x02001688                Xil_Assert
 .text._sbrk    0x020016bc       0x40 /home/test/zynq_psoracle/firmware/bsp/out/arm_common_gcc__sbrk.c.o
                0x020016bc                _sbrk
 .text._write   0x020016fc       0x5c /home/test/zynq_psoracle/firmware/bsp/out/arm_common_gcc_write.c.o
                0x020016fc                _write
 .text._read    0x02001758       0x44 /home/test/zynq_psoracle/firmware/bsp/out/arm_common_gcc_read.c.o
                0x02001758                _read
 .text._close   0x0200179c        0x8 /home/test/zynq_psoracle/firmware/bsp/out/arm_common_gcc_close.c.o
                0x0200179c                _close
 .text._fstat   0x020017a4       0x10 /home/test/zynq_psoracle/firmware/bsp/out/arm_common_gcc_fstat.c.o
                0x020017a4                _fstat
 .text._isatty  0x020017b4        0x8 /home/test/zynq_psoracle/firmware/bsp/out/arm_common_gcc_isatty.c.o
                0x020017b4                _isatty
 .text._lseek   0x020017bc       0x1c /home/test/zynq_psoracle/firmware/bsp/out/arm_common_gcc_lseek.c.o
                0x020017bc                _lseek
 .text._exit    0x020017d8        0x4 /home/test/zynq_psoracle/firmware/bsp/out/arm_common_gcc__exit.c.o
                0x020017d8                _exit
 .text.__errno  0x020017dc       0x10 /home/test/zynq_psoracle/firmware/bsp/out/arm_common_gcc_errno.c.o
                0x020017dc                __errno
 .text.unlikely.abort
                0x020017ec        0xc /home/test/zynq_psoracle/firmware/bsp/out/arm_common_gcc_abort.c.o
                0x020017ec                abort
 .text.XScuWdt_CfgInitialize
                0x020017f8       0xd8 /home/test/zynq_psoracle/firmware/bsp/out/wd_xscuwdt.c.o
                0x020017f8                XScuWdt_CfgInitialize
 .text.XScuWdt_Start
                0x020018d0       0x90 /home/test/zynq_psoracle/firmware/bsp/out/wd_xscuwdt.c.o
                0x020018d0                XScuWdt_Start
 .text.XScuWdt_LookupConfig
                0x02001960       0x1c /home/test/zynq_psoracle/firmware/bsp/out/wd_xscuwdt_sinit.c.o
                0x02001960                XScuWdt_LookupConfig
 .text.outbyte  0x0200197c       0x1c /home/test/zynq_psoracle/firmware/bsp/out/console.o
                0x0200197c                outbyte
 .text.inbyte   0x02001998       0x20 /home/test/zynq_psoracle/firmware/bsp/out/console.o
                0x02001998                inbyte
 .text.devcfg_dma
                0x020019b8      0x148 /home/test/zynq_psoracle/firmware/bsp/out/p3_app.c.o
 .text.link2_witness
                0x02001b00      0x1b0 /home/test/zynq_psoracle/firmware/bsp/out/p3_app.c.o
 .text.send_frame
                0x02001cb0       0xa4 /home/test/zynq_psoracle/firmware/bsp/out/p3_app.c.o
 .text.send_payload
                0x02001d54       0x70 /home/test/zynq_psoracle/firmware/bsp/out/p3_app.c.o
 .text.emit_summary
                0x02001dc4       0xd4 /home/test/zynq_psoracle/firmware/bsp/out/p3_app.c.o
 .text.stage_streams.isra.0
                0x02001e98       0x8c /home/test/zynq_psoracle/firmware/bsp/out/p3_app.c.o
 .text.axi_read
                0x02001f24       0x10 /home/test/zynq_psoracle/firmware/bsp/out/p3_app.c.o
 .text.write_envelopes
                0x02001f34       0x98 /home/test/zynq_psoracle/firmware/bsp/out/p3_app.c.o
 .text.serve_audit
                0x02001fcc      0x200 /home/test/zynq_psoracle/firmware/bsp/out/p3_app.c.o
 .text.arm_attempt
                0x020021cc      0x264 /home/test/zynq_psoracle/firmware/bsp/out/p3_app.c.o
 .text.emit_record
                0x02002430       0xc0 /home/test/zynq_psoracle/firmware/bsp/out/p3_app.c.o
 .text.run_candidate
                0x020024f0      0xad8 /home/test/zynq_psoracle/firmware/bsp/out/p3_app.c.o
 .text.startup.main
                0x02002fc8      0x55c /home/test/zynq_psoracle/firmware/bsp/out/p3_app.c.o
                0x02002fc8                main
 .text.sha256_block
                0x02003524      0x1e8 /home/test/zynq_psoracle/firmware/bsp/out/p3_derive.c.o
 .text.p3_sha256_init
                0x0200370c       0x30 /home/test/zynq_psoracle/firmware/bsp/out/p3_derive.c.o
                0x0200370c                p3_sha256_init
 .text.p3_sha256_update
                0x0200373c       0x9c /home/test/zynq_psoracle/firmware/bsp/out/p3_derive.c.o
                0x0200373c                p3_sha256_update
 .text.p3_sha256_final
                0x020037d8       0xec /home/test/zynq_psoracle/firmware/bsp/out/p3_derive.c.o
                0x020037d8                p3_sha256_final
 .text.p3_sha256_words
                0x020038c4       0x4c /home/test/zynq_psoracle/firmware/bsp/out/p3_derive.c.o
                0x020038c4                p3_sha256_words
 .text.p3_hex   0x02003910       0x54 /home/test/zynq_psoracle/firmware/bsp/out/p3_derive.c.o
                0x02003910                p3_hex
 .text.p3_crc32
                0x02003964       0x58 /home/test/zynq_psoracle/firmware/bsp/out/p3_derive.c.o
                0x02003964                p3_crc32
 .text.p3_frame_ecc
                0x020039bc       0xa8 /home/test/zynq_psoracle/firmware/bsp/out/p3_derive.c.o
                0x020039bc                p3_frame_ecc
 .text.p3_genome_to_hex
                0x02003a64       0x5c /home/test/zynq_psoracle/firmware/bsp/out/p3_derive.c.o
                0x02003a64                p3_genome_to_hex
 .text.p3_derive_frames
                0x02003ac0       0xc0 /home/test/zynq_psoracle/firmware/bsp/out/p3_derive.c.o
                0x02003ac0                p3_derive_frames
 .text.p3_build_stream
                0x02003b80      0x178 /home/test/zynq_psoracle/firmware/bsp/out/p3_derive.c.o
                0x02003b80                p3_build_stream
 .text.p3_parse_stream
                0x02003cf8      0x264 /home/test/zynq_psoracle/firmware/bsp/out/p3_derive.c.o
                0x02003cf8                p3_parse_stream
 .text.p3_frames_hash
                0x02003f5c      0x1e8 /home/test/zynq_psoracle/firmware/bsp/out/p3_derive.c.o
                0x02003f5c                p3_frames_hash
 .text.p3_build_readback_command
                0x02004144       0x78 /home/test/zynq_psoracle/firmware/bsp/out/p3_derive.c.o
                0x02004144                p3_build_readback_command
 .text.p3_build_cleanup_command
                0x020041bc       0x28 /home/test/zynq_psoracle/firmware/bsp/out/p3_derive.c.o
                0x020041bc                p3_build_cleanup_command
 .text.p3_nonce_step
                0x020041e4       0x34 /home/test/zynq_psoracle/firmware/bsp/out/p3_derive.c.o
                0x020041e4                p3_nonce_step
 .text.p3_base64url
                0x02004218      0x160 /home/test/zynq_psoracle/firmware/bsp/out/p3_derive.c.o
                0x02004218                p3_base64url
 .text.p3_base64url_decode
                0x02004378      0x190 /home/test/zynq_psoracle/firmware/bsp/out/p3_derive.c.o
                0x02004378                p3_base64url_decode
 .text.p3_parse_identity_page
                0x02004508      0x160 /home/test/zynq_psoracle/firmware/bsp/out/p3_derive.c.o
                0x02004508                p3_parse_identity_page
 .text.p3_search_next
                0x02004668       0x68 /home/test/zynq_psoracle/firmware/bsp/out/p3_search.c.o
                0x02004668                p3_search_next
 .text.w_fmt    0x020046d0       0x84 /home/test/zynq_psoracle/firmware/bsp/out/p3_wire.c.o
 .text.w_str.part.0
                0x02004754       0x7c /home/test/zynq_psoracle/firmware/bsp/out/p3_wire.c.o
 .text.w_tables
                0x020047d0       0x84 /home/test/zynq_psoracle/firmware/bsp/out/p3_wire.c.o
 .text.p3_wire_line
                0x02004854       0xe4 /home/test/zynq_psoracle/firmware/bsp/out/p3_wire.c.o
                0x02004854                p3_wire_line
 .text.p3_wire_identity
                0x02004938      0x174 /home/test/zynq_psoracle/firmware/bsp/out/p3_wire.c.o
                0x02004938                p3_wire_identity
 .text.p3_wire_sign_request
                0x02004aac       0xf0 /home/test/zynq_psoracle/firmware/bsp/out/p3_wire.c.o
                0x02004aac                p3_wire_sign_request
 .text.p3_wire_loop_record
                0x02004b9c      0x610 /home/test/zynq_psoracle/firmware/bsp/out/p3_wire.c.o
                0x02004b9c                p3_wire_loop_record
 .text.p3_wire_audit
                0x020051ac       0xf8 /home/test/zynq_psoracle/firmware/bsp/out/p3_wire.c.o
                0x020051ac                p3_wire_audit
 .text.p3_wire_closing
                0x020052a4       0x84 /home/test/zynq_psoracle/firmware/bsp/out/p3_wire.c.o
                0x020052a4                p3_wire_closing
 .text.p3_wire_summary
                0x02005328      0x164 /home/test/zynq_psoracle/firmware/bsp/out/p3_wire.c.o
                0x02005328                p3_wire_summary
 .text.exit     0x0200548c       0x20 /home/test/zynq_psoracle/toolchain/xpack-arm-none-eabi-gcc-14.2.1-1.1/bin/../lib/gcc/arm-none-eabi/14.2.1/../../../../arm-none-eabi/lib/thumb/v7-a+fp/hard/libc.a(libc_a-exit.o)
                0x0200548c                exit
 .text._strtoul_l.isra.0
                0x020054ac      0x148 /home/test/zynq_psoracle/toolchain/xpack-arm-none-eabi-gcc-14.2.1-1.1/bin/../lib/gcc/arm-none-eabi/14.2.1/../../../../arm-none-eabi/lib/thumb/v7-a+fp/hard/libc.a(libc_a-strtoul.o)
 .text.strtoul  0x020055f4       0x20 /home/test/zynq_psoracle/toolchain/xpack-arm-none-eabi-gcc-14.2.1-1.1/bin/../lib/gcc/arm-none-eabi/14.2.1/../../../../arm-none-eabi/lib/thumb/v7-a+fp/hard/libc.a(libc_a-strtoul.o)
                0x020055f4                strtoul
 .text.stdio_exit_handler
                0x02005614       0x1c /home/test/zynq_psoracle/toolchain/xpack-arm-none-eabi-gcc-14.2.1-1.1/bin/../lib/gcc/arm-none-eabi/14.2.1/../../../../arm-none-eabi/lib/thumb/v7-a+fp/hard/libc.a(libc_a-findfp.o)
 .text.cleanup_stdio
                0x02005630       0x40 /home/test/zynq_psoracle/toolchain/xpack-arm-none-eabi-gcc-14.2.1-1.1/bin/../lib/gcc/arm-none-eabi/14.2.1/../../../../arm-none-eabi/lib/thumb/v7-a+fp/hard/libc.a(libc_a-findfp.o)
 .text.global_stdio_init.part.0
                0x02005670       0xf8 /home/test/zynq_psoracle/toolchain/xpack-arm-none-eabi-gcc-14.2.1-1.1/bin/../lib/gcc/arm-none-eabi/14.2.1/../../../../arm-none-eabi/lib/thumb/v7-a+fp/hard/libc.a(libc_a-findfp.o)
 .text.__sinit  0x02005768       0x50 /home/test/zynq_psoracle/toolchain/xpack-arm-none-eabi-gcc-14.2.1-1.1/bin/../lib/gcc/arm-none-eabi/14.2.1/../../../../arm-none-eabi/lib/thumb/v7-a+fp/hard/libc.a(libc_a-findfp.o)
                0x02005768                __sinit
 .text.__sfp_lock_acquire
                0x020057b8        0xc /home/test/zynq_psoracle/toolchain/xpack-arm-none-eabi-gcc-14.2.1-1.1/bin/../lib/gcc/arm-none-eabi/14.2.1/../../../../arm-none-eabi/lib/thumb/v7-a+fp/hard/libc.a(libc_a-findfp.o)
                0x020057b8                __sfp_lock_acquire
 .text.__sfp_lock_release
                0x020057c4        0xc /home/test/zynq_psoracle/toolchain/xpack-arm-none-eabi-gcc-14.2.1-1.1/bin/../lib/gcc/arm-none-eabi/14.2.1/../../../../arm-none-eabi/lib/thumb/v7-a+fp/hard/libc.a(libc_a-findfp.o)
                0x020057c4                __sfp_lock_release
 .text._fwalk_sglue
                0x020057d0       0x44 /home/test/zynq_psoracle/toolchain/xpack-arm-none-eabi-gcc-14.2.1-1.1/bin/../lib/gcc/arm-none-eabi/14.2.1/../../../../arm-none-eabi/lib/thumb/v7-a+fp/hard/libc.a(libc_a-fwalk.o)
                0x020057d0                _fwalk_sglue
 .text.snprintf
                0x02005814       0x94 /home/test/zynq_psoracle/toolchain/xpack-arm-none-eabi-gcc-14.2.1-1.1/bin/../lib/gcc/arm-none-eabi/14.2.1/../../../../arm-none-eabi/lib/thumb/v7-a+fp/hard/libc.a(libc_a-snprintf.o)
                0x02005814                snprintf
 .text.__sread  0x020058a8       0x24 /home/test/zynq_psoracle/toolchain/xpack-arm-none-eabi-gcc-14.2.1-1.1/bin/../lib/gcc/arm-none-eabi/14.2.1/../../../../arm-none-eabi/lib/thumb/v7-a+fp/hard/libc.a(libc_a-stdio.o)
                0x020058a8                __sread
 .text.__swrite
                0x020058cc       0x40 /home/test/zynq_psoracle/toolchain/xpack-arm-none-eabi-gcc-14.2.1-1.1/bin/../lib/gcc/arm-none-eabi/14.2.1/../../../../arm-none-eabi/lib/thumb/v7-a+fp/hard/libc.a(libc_a-stdio.o)
                0x020058cc                __swrite
 .text.__sseek  0x0200590c       0x24 /home/test/zynq_psoracle/toolchain/xpack-arm-none-eabi-gcc-14.2.1-1.1/bin/../lib/gcc/arm-none-eabi/14.2.1/../../../../arm-none-eabi/lib/thumb/v7-a+fp/hard/libc.a(libc_a-stdio.o)
                0x0200590c                __sseek
 .text.__sclose
                0x02005930        0x8 /home/test/zynq_psoracle/toolchain/xpack-arm-none-eabi-gcc-14.2.1-1.1/bin/../lib/gcc/arm-none-eabi/14.2.1/../../../../arm-none-eabi/lib/thumb/v7-a+fp/hard/libc.a(libc_a-stdio.o)
                0x02005930                __sclose
 .text.vsnprintf
                0x02005938       0x7c /home/test/zynq_psoracle/toolchain/xpack-arm-none-eabi-gcc-14.2.1-1.1/bin/../lib/gcc/arm-none-eabi/14.2.1/../../../../arm-none-eabi/lib/thumb/v7-a+fp/hard/libc.a(libc_a-vsnprintf.o)
                0x02005938                vsnprintf
 .text.memcmp   0x020059b4       0x5c /home/test/zynq_psoracle/toolchain/xpack-arm-none-eabi-gcc-14.2.1-1.1/bin/../lib/gcc/arm-none-eabi/14.2.1/../../../../arm-none-eabi/lib/thumb/v7-a+fp/hard/libc.a(libc_a-memcmp.o)
                0x020059b4                memcmp
 .text.memmove  0x02005a10       0xfc /home/test/zynq_psoracle/toolchain/xpack-arm-none-eabi-gcc-14.2.1-1.1/bin/../lib/gcc/arm-none-eabi/14.2.1/../../../../arm-none-eabi/lib/thumb/v7-a+fp/hard/libc.a(libc_a-memmove.o)
                0x02005a10                memmove
 .text.memset   0x02005b0c       0x9c /home/test/zynq_psoracle/toolchain/xpack-arm-none-eabi-gcc-14.2.1-1.1/bin/../lib/gcc/arm-none-eabi/14.2.1/../../../../arm-none-eabi/lib/thumb/v7-a+fp/hard/libc.a(libc_a-memset.o)
                0x02005b0c                memset
 .text.strnlen  0x02005ba8       0x30 /home/test/zynq_psoracle/toolchain/xpack-arm-none-eabi-gcc-14.2.1-1.1/bin/../lib/gcc/arm-none-eabi/14.2.1/../../../../arm-none-eabi/lib/thumb/v7-a+fp/hard/libc.a(libc_a-strnlen.o)
                0x02005ba8                strnlen
 .text.strrchr  0x02005bd8       0x30 /home/test/zynq_psoracle/toolchain/xpack-arm-none-eabi-gcc-14.2.1-1.1/bin/../lib/gcc/arm-none-eabi/14.2.1/../../../../arm-none-eabi/lib/thumb/v7-a+fp/hard/libc.a(libc_a-strrchr.o)
                0x02005bd8                strrchr
 .text.critical_factorization
                0x02005c08       0xc8 /home/test/zynq_psoracle/toolchain/xpack-arm-none-eabi-gcc-14.2.1-1.1/bin/../lib/gcc/arm-none-eabi/14.2.1/../../../../arm-none-eabi/lib/thumb/v7-a+fp/hard/libc.a(libc_a-strstr.o)
 .text.two_way_long_needle
                0x02005cd0      0x20c /home/test/zynq_psoracle/toolchain/xpack-arm-none-eabi-gcc-14.2.1-1.1/bin/../lib/gcc/arm-none-eabi/14.2.1/../../../../arm-none-eabi/lib/thumb/v7-a+fp/hard/libc.a(libc_a-strstr.o)
 .text.strstr   0x02005edc      0x168 /home/test/zynq_psoracle/toolchain/xpack-arm-none-eabi-gcc-14.2.1-1.1/bin/../lib/gcc/arm-none-eabi/14.2.1/../../../../arm-none-eabi/lib/thumb/v7-a+fp/hard/libc.a(libc_a-strstr.o)
                0x02005edc                strstr
 .text._close_r
                0x02006044       0x28 /home/test/zynq_psoracle/toolchain/xpack-arm-none-eabi-gcc-14.2.1-1.1/bin/../lib/gcc/arm-none-eabi/14.2.1/../../../../arm-none-eabi/lib/thumb/v7-a+fp/hard/libc.a(libc_a-closer.o)
                0x02006044                _close_r
 .text._lseek_r
                0x0200606c       0x30 /home/test/zynq_psoracle/toolchain/xpack-arm-none-eabi-gcc-14.2.1-1.1/bin/../lib/gcc/arm-none-eabi/14.2.1/../../../../arm-none-eabi/lib/thumb/v7-a+fp/hard/libc.a(libc_a-lseekr.o)
                0x0200606c                _lseek_r
 .text._read_r  0x0200609c       0x30 /home/test/zynq_psoracle/toolchain/xpack-arm-none-eabi-gcc-14.2.1-1.1/bin/../lib/gcc/arm-none-eabi/14.2.1/../../../../arm-none-eabi/lib/thumb/v7-a+fp/hard/libc.a(libc_a-readr.o)
                0x0200609c                _read_r
 .text._write_r
                0x020060cc       0x30 /home/test/zynq_psoracle/toolchain/xpack-arm-none-eabi-gcc-14.2.1-1.1/bin/../lib/gcc/arm-none-eabi/14.2.1/../../../../arm-none-eabi/lib/thumb/v7-a+fp/hard/libc.a(libc_a-writer.o)
                0x020060cc                _write_r
 .text.__libc_init_array
                0x020060fc       0x58 /home/test/zynq_psoracle/toolchain/xpack-arm-none-eabi-gcc-14.2.1-1.1/bin/../lib/gcc/arm-none-eabi/14.2.1/../../../../arm-none-eabi/lib/thumb/v7-a+fp/hard/libc.a(libc_a-init.o)
                0x020060fc                __libc_init_array
 .text.__libc_fini_array
                0x02006154       0x2c /home/test/zynq_psoracle/toolchain/xpack-arm-none-eabi-gcc-14.2.1-1.1/bin/../lib/gcc/arm-none-eabi/14.2.1/../../../../arm-none-eabi/lib/thumb/v7-a+fp/hard/libc.a(libc_a-fini.o)
                0x02006154                __libc_fini_array
 .text.__retarget_lock_init_recursive
                0x02006180        0x4 /home/test/zynq_psoracle/toolchain/xpack-arm-none-eabi-gcc-14.2.1-1.1/bin/../lib/gcc/arm-none-eabi/14.2.1/../../../../arm-none-eabi/lib/thumb/v7-a+fp/hard/libc.a(libc_a-lock.o)
                0x02006180                __retarget_lock_init_recursive
 .text.__retarget_lock_close_recursive
                0x02006184        0x4 /home/test/zynq_psoracle/toolchain/xpack-arm-none-eabi-gcc-14.2.1-1.1/bin/../lib/gcc/arm-none-eabi/14.2.1/../../../../arm-none-eabi/lib/thumb/v7-a+fp/hard/libc.a(libc_a-lock.o)
                0x02006184                __retarget_lock_close_recursive
 .text.__retarget_lock_acquire_recursive
                0x02006188        0x4 /home/test/zynq_psoracle/toolchain/xpack-arm-none-eabi-gcc-14.2.1-1.1/bin/../lib/gcc/arm-none-eabi/14.2.1/../../../../arm-none-eabi/lib/thumb/v7-a+fp/hard/libc.a(libc_a-lock.o)
                0x02006188                __retarget_lock_acquire_recursive
 .text.__retarget_lock_release_recursive
                0x0200618c        0x4 /home/test/zynq_psoracle/toolchain/xpack-arm-none-eabi-gcc-14.2.1-1.1/bin/../lib/gcc/arm-none-eabi/14.2.1/../../../../arm-none-eabi/lib/thumb/v7-a+fp/hard/libc.a(libc_a-lock.o)
                0x0200618c                __retarget_lock_release_recursive
 .text.startup.register_fini
                0x02006190       0x18 /home/test/zynq_psoracle/toolchain/xpack-arm-none-eabi-gcc-14.2.1-1.1/bin/../lib/gcc/arm-none-eabi/14.2.1/../../../../arm-none-eabi/lib/thumb/v7-a+fp/hard/libc.a(libc_a-__call_atexit.o)
 .text.__call_exitprocs
                0x020061a8       0xd0 /home/test/zynq_psoracle/toolchain/xpack-arm-none-eabi-gcc-14.2.1-1.1/bin/../lib/gcc/arm-none-eabi/14.2.1/../../../../arm-none-eabi/lib/thumb/v7-a+fp/hard/libc.a(libc_a-__call_atexit.o)
                0x020061a8                __call_exitprocs
 .text.atexit   0x02006278        0xc /home/test/zynq_psoracle/toolchain/xpack-arm-none-eabi-gcc-14.2.1-1.1/bin/../lib/gcc/arm-none-eabi/14.2.1/../../../../arm-none-eabi/lib/thumb/v7-a+fp/hard/libc.a(libc_a-atexit.o)
                0x02006278                atexit
 .text._malloc_trim_r
                0x02006284       0xc0 /home/test/zynq_psoracle/toolchain/xpack-arm-none-eabi-gcc-14.2.1-1.1/bin/../lib/gcc/arm-none-eabi/14.2.1/../../../../arm-none-eabi/lib/thumb/v7-a+fp/hard/libc.a(libc_a-freer.o)
                0x02006284                _malloc_trim_r
 .text._free_r  0x02006344      0x200 /home/test/zynq_psoracle/toolchain/xpack-arm-none-eabi-gcc-14.2.1-1.1/bin/../lib/gcc/arm-none-eabi/14.2.1/../../../../arm-none-eabi/lib/thumb/v7-a+fp/hard/libc.a(libc_a-freer.o)
                0x02006344                _free_r
 .text._malloc_r
                0x02006544      0x5c4 /home/test/zynq_psoracle/toolchain/xpack-arm-none-eabi-gcc-14.2.1-1.1/bin/../lib/gcc/arm-none-eabi/14.2.1/../../../../arm-none-eabi/lib/thumb/v7-a+fp/hard/libc.a(libc_a-mallocr.o)
                0x02006544                _malloc_r
 .text.__malloc_lock
                0x02006b08        0xc /home/test/zynq_psoracle/toolchain/xpack-arm-none-eabi-gcc-14.2.1-1.1/bin/../lib/gcc/arm-none-eabi/14.2.1/../../../../arm-none-eabi/lib/thumb/v7-a+fp/hard/libc.a(libc_a-mlock.o)
                0x02006b08                __malloc_lock
 .text.__malloc_unlock
                0x02006b14        0xc /home/test/zynq_psoracle/toolchain/xpack-arm-none-eabi-gcc-14.2.1-1.1/bin/../lib/gcc/arm-none-eabi/14.2.1/../../../../arm-none-eabi/lib/thumb/v7-a+fp/hard/libc.a(libc_a-mlock.o)
                0x02006b14                __malloc_unlock
 .text._svfprintf_r
                0x02006b20     0x2190 /home/test/zynq_psoracle/toolchain/xpack-arm-none-eabi-gcc-14.2.1-1.1/bin/../lib/gcc/arm-none-eabi/14.2.1/../../../../arm-none-eabi/lib/thumb/v7-a+fp/hard/libc.a(libc_a-svfprintf.o)
                0x02006b20                _svfprintf_r
 .text.__ssprint_r
                0x02008cb0       0x58 /home/test/zynq_psoracle/toolchain/xpack-arm-none-eabi-gcc-14.2.1-1.1/bin/../lib/gcc/arm-none-eabi/14.2.1/../../../../arm-none-eabi/lib/thumb/v7-a+fp/hard/libc.a(libc_a-ssprint_r.o)
                0x02008cb0                __ssprint_r
 .text._fclose_r
                0x02008d08       0xc0 /home/test/zynq_psoracle/toolchain/xpack-arm-none-eabi-gcc-14.2.1-1.1/bin/../lib/gcc/arm-none-eabi/14.2.1/../../../../arm-none-eabi/lib/thumb/v7-a+fp/hard/libc.a(libc_a-fclose.o)
                0x02008d08                _fclose_r
 .text.__sflush_r
                0x02008dc8      0x138 /home/test/zynq_psoracle/toolchain/xpack-arm-none-eabi-gcc-14.2.1-1.1/bin/../lib/gcc/arm-none-eabi/14.2.1/../../../../arm-none-eabi/lib/thumb/v7-a+fp/hard/libc.a(libc_a-fflush.o)
                0x02008dc8                __sflush_r
 .text._fflush_r
                0x02008f00       0x54 /home/test/zynq_psoracle/toolchain/xpack-arm-none-eabi-gcc-14.2.1-1.1/bin/../lib/gcc/arm-none-eabi/14.2.1/../../../../arm-none-eabi/lib/thumb/v7-a+fp/hard/libc.a(libc_a-fflush.o)
                0x02008f00                _fflush_r
 .text.strchr   0x02008f54       0xd0 /home/test/zynq_psoracle/toolchain/xpack-arm-none-eabi-gcc-14.2.1-1.1/bin/../lib/gcc/arm-none-eabi/14.2.1/../../../../arm-none-eabi/lib/thumb/v7-a+fp/hard/libc.a(libc_a-strchr.o)
                0x02008f54                strchr
 .text.strncpy  0x02009024       0x74 /home/test/zynq_psoracle/toolchain/xpack-arm-none-eabi-gcc-14.2.1-1.1/bin/../lib/gcc/arm-none-eabi/14.2.1/../../../../arm-none-eabi/lib/thumb/v7-a+fp/hard/libc.a(libc_a-strncpy.o)
                0x02009024                strncpy
 .text.__locale_mb_cur_max
                0x02009098       0x10 /home/test/zynq_psoracle/toolchain/xpack-arm-none-eabi-gcc-14.2.1-1.1/bin/../lib/gcc/arm-none-eabi/14.2.1/../../../../arm-none-eabi/lib/thumb/v7-a+fp/hard/libc.a(libc_a-locale.o)
                0x02009098                __locale_mb_cur_max
 .text._localeconv_r
                0x020090a8        0x8 /home/test/zynq_psoracle/toolchain/xpack-arm-none-eabi-gcc-14.2.1-1.1/bin/../lib/gcc/arm-none-eabi/14.2.1/../../../../arm-none-eabi/lib/thumb/v7-a+fp/hard/libc.a(libc_a-localeconv.o)
                0x020090a8                _localeconv_r
 .text._sbrk_r  0x020090b0       0x28 /home/test/zynq_psoracle/toolchain/xpack-arm-none-eabi-gcc-14.2.1-1.1/bin/../lib/gcc/arm-none-eabi/14.2.1/../../../../arm-none-eabi/lib/thumb/v7-a+fp/hard/libc.a(libc_a-sbrkr.o)
                0x020090b0                _sbrk_r
 .text.sysconf  0x020090d8       0x1c /home/test/zynq_psoracle/toolchain/xpack-arm-none-eabi-gcc-14.2.1-1.1/bin/../lib/gcc/arm-none-eabi/14.2.1/../../../../arm-none-eabi/lib/thumb/v7-a+fp/hard/libc.a(libc_a-sysconf.o)
                0x020090d8                sysconf
 *fill*         0x020090f4        0x4 
 .text.frexp    0x020090f8       0x78 /home/test/zynq_psoracle/toolchain/xpack-arm-none-eabi-gcc-14.2.1-1.1/bin/../lib/gcc/arm-none-eabi/14.2.1/../../../../arm-none-eabi/lib/thumb/v7-a+fp/hard/libc.a(libm_a-s_frexp.o)
                0x020090f8                frexp
 .text.__register_exitproc
                0x02009170       0x88 /home/test/zynq_psoracle/toolchain/xpack-arm-none-eabi-gcc-14.2.1-1.1/bin/../lib/gcc/arm-none-eabi/14.2.1/../../../../arm-none-eabi/lib/thumb/v7-a+fp/hard/libc.a(libc_a-__atexit.o)
                0x02009170                __register_exitproc
 .text.quorem   0x020091f8      0x138 /home/test/zynq_psoracle/toolchain/xpack-arm-none-eabi-gcc-14.2.1-1.1/bin/../lib/gcc/arm-none-eabi/14.2.1/../../../../arm-none-eabi/lib/thumb/v7-a+fp/hard/libc.a(libc_a-dtoa.o)
 .text._dtoa_r  0x02009330      0xdac /home/test/zynq_psoracle/toolchain/xpack-arm-none-eabi-gcc-14.2.1-1.1/bin/../lib/gcc/arm-none-eabi/14.2.1/../../../../arm-none-eabi/lib/thumb/v7-a+fp/hard/libc.a(libc_a-dtoa.o)
                0x02009330                _dtoa_r
 .text.__ascii_mbtowc
                0x0200a0dc       0x24 /home/test/zynq_psoracle/toolchain/xpack-arm-none-eabi-gcc-14.2.1-1.1/bin/../lib/gcc/arm-none-eabi/14.2.1/../../../../arm-none-eabi/lib/thumb/v7-a+fp/hard/libc.a(libc_a-mbtowc_r.o)
                0x0200a0dc                __ascii_mbtowc
 .text._Balloc  0x0200a100       0x4c /home/test/zynq_psoracle/toolchain/xpack-arm-none-eabi-gcc-14.2.1-1.1/bin/../lib/gcc/arm-none-eabi/14.2.1/../../../../arm-none-eabi/lib/thumb/v7-a+fp/hard/libc.a(libc_a-mprec.o)
                0x0200a100                _Balloc
 .text._Bfree   0x0200a14c       0x14 /home/test/zynq_psoracle/toolchain/xpack-arm-none-eabi-gcc-14.2.1-1.1/bin/../lib/gcc/arm-none-eabi/14.2.1/../../../../arm-none-eabi/lib/thumb/v7-a+fp/hard/libc.a(libc_a-mprec.o)
                0x0200a14c                _Bfree
 .text.__multadd
                0x0200a160       0xa8 /home/test/zynq_psoracle/toolchain/xpack-arm-none-eabi-gcc-14.2.1-1.1/bin/../lib/gcc/arm-none-eabi/14.2.1/../../../../arm-none-eabi/lib/thumb/v7-a+fp/hard/libc.a(libc_a-mprec.o)
                0x0200a160                __multadd
 .text.__hi0bits
                0x0200a208       0x54 /home/test/zynq_psoracle/toolchain/xpack-arm-none-eabi-gcc-14.2.1-1.1/bin/../lib/gcc/arm-none-eabi/14.2.1/../../../../arm-none-eabi/lib/thumb/v7-a+fp/hard/libc.a(libc_a-mprec.o)
                0x0200a208                __hi0bits
 .text.__lo0bits
                0x0200a25c       0x80 /home/test/zynq_psoracle/toolchain/xpack-arm-none-eabi-gcc-14.2.1-1.1/bin/../lib/gcc/arm-none-eabi/14.2.1/../../../../arm-none-eabi/lib/thumb/v7-a+fp/hard/libc.a(libc_a-mprec.o)
                0x0200a25c                __lo0bits
 .text.__i2b    0x0200a2dc       0x60 /home/test/zynq_psoracle/toolchain/xpack-arm-none-eabi-gcc-14.2.1-1.1/bin/../lib/gcc/arm-none-eabi/14.2.1/../../../../arm-none-eabi/lib/thumb/v7-a+fp/hard/libc.a(libc_a-mprec.o)
                0x0200a2dc                __i2b
 .text.__multiply
                0x0200a33c      0x174 /home/test/zynq_psoracle/toolchain/xpack-arm-none-eabi-gcc-14.2.1-1.1/bin/../lib/gcc/arm-none-eabi/14.2.1/../../../../arm-none-eabi/lib/thumb/v7-a+fp/hard/libc.a(libc_a-mprec.o)
                0x0200a33c                __multiply
 .text.__pow5mult
                0x0200a4b0       0xc8 /home/test/zynq_psoracle/toolchain/xpack-arm-none-eabi-gcc-14.2.1-1.1/bin/../lib/gcc/arm-none-eabi/14.2.1/../../../../arm-none-eabi/lib/thumb/v7-a+fp/hard/libc.a(libc_a-mprec.o)
                0x0200a4b0                __pow5mult
 .text.__lshift
                0x0200a578       0xe8 /home/test/zynq_psoracle/toolchain/xpack-arm-none-eabi-gcc-14.2.1-1.1/bin/../lib/gcc/arm-none-eabi/14.2.1/../../../../arm-none-eabi/lib/thumb/v7-a+fp/hard/libc.a(libc_a-mprec.o)
                0x0200a578                __lshift
 .text.__mcmp   0x0200a660       0x40 /home/test/zynq_psoracle/toolchain/xpack-arm-none-eabi-gcc-14.2.1-1.1/bin/../lib/gcc/arm-none-eabi/14.2.1/../../../../arm-none-eabi/lib/thumb/v7-a+fp/hard/libc.a(libc_a-mprec.o)
                0x0200a660                __mcmp
 .text.__mdiff  0x0200a6a0      0x180 /home/test/zynq_psoracle/toolchain/xpack-arm-none-eabi-gcc-14.2.1-1.1/bin/../lib/gcc/arm-none-eabi/14.2.1/../../../../arm-none-eabi/lib/thumb/v7-a+fp/hard/libc.a(libc_a-mprec.o)
                0x0200a6a0                __mdiff
 .text.__d2b    0x0200a820       0xc0 /home/test/zynq_psoracle/toolchain/xpack-arm-none-eabi-gcc-14.2.1-1.1/bin/../lib/gcc/arm-none-eabi/14.2.1/../../../../arm-none-eabi/lib/thumb/v7-a+fp/hard/libc.a(libc_a-mprec.o)
                0x0200a820                __d2b
 .text.__ascii_wctomb
                0x0200a8e0       0x1c /home/test/zynq_psoracle/toolchain/xpack-arm-none-eabi-gcc-14.2.1-1.1/bin/../lib/gcc/arm-none-eabi/14.2.1/../../../../arm-none-eabi/lib/thumb/v7-a+fp/hard/libc.a(libc_a-wctomb_r.o)
                0x0200a8e0                __ascii_wctomb
 .text._wcrtomb_r
                0x0200a8fc       0x3c /home/test/zynq_psoracle/toolchain/xpack-arm-none-eabi-gcc-14.2.1-1.1/bin/../lib/gcc/arm-none-eabi/14.2.1/../../../../arm-none-eabi/lib/thumb/v7-a+fp/hard/libc.a(libc_a-wcrtomb.o)
                0x0200a8fc                _wcrtomb_r
 .text._wcsrtombs_r
                0x0200a938       0x18 /home/test/zynq_psoracle/toolchain/xpack-arm-none-eabi-gcc-14.2.1-1.1/bin/../lib/gcc/arm-none-eabi/14.2.1/../../../../arm-none-eabi/lib/thumb/v7-a+fp/hard/libc.a(libc_a-wcsrtombs.o)
                0x0200a938                _wcsrtombs_r
 .text.__ssputs_r
                0x0200a950       0xc0 /home/test/zynq_psoracle/toolchain/xpack-arm-none-eabi-gcc-14.2.1-1.1/bin/../lib/gcc/arm-none-eabi/14.2.1/../../../../arm-none-eabi/lib/thumb/v7-a+fp/hard/libc.a(libc_a-ssputs_r.o)
                0x0200a950                __ssputs_r
 .text.__assert_func
                0x0200aa10       0x44 /home/test/zynq_psoracle/toolchain/xpack-arm-none-eabi-gcc-14.2.1-1.1/bin/../lib/gcc/arm-none-eabi/14.2.1/../../../../arm-none-eabi/lib/thumb/v7-a+fp/hard/libc.a(libc_a-assert.o)
                0x0200aa10                __assert_func
 .text._calloc_r
                0x0200aa54       0x7c /home/test/zynq_psoracle/toolchain/xpack-arm-none-eabi-gcc-14.2.1-1.1/bin/../lib/gcc/arm-none-eabi/14.2.1/../../../../arm-none-eabi/lib/thumb/v7-a+fp/hard/libc.a(libc_a-callocr.o)
                0x0200aa54                _calloc_r
 .text._realloc_r
                0x0200aad0      0x380 /home/test/zynq_psoracle/toolchain/xpack-arm-none-eabi-gcc-14.2.1-1.1/bin/../lib/gcc/arm-none-eabi/14.2.1/../../../../arm-none-eabi/lib/thumb/v7-a+fp/hard/libc.a(libc_a-reallocr.o)
                0x0200aad0                _realloc_r
 .text._wcsnrtombs_l
                0x0200ae50       0xf0 /home/test/zynq_psoracle/toolchain/xpack-arm-none-eabi-gcc-14.2.1-1.1/bin/../lib/gcc/arm-none-eabi/14.2.1/../../../../arm-none-eabi/lib/thumb/v7-a+fp/hard/libc.a(libc_a-wcsnrtombs.o)
                0x0200ae50                _wcsnrtombs_l
 .text._wcsnrtombs_r
                0x0200af40       0x28 /home/test/zynq_psoracle/toolchain/xpack-arm-none-eabi-gcc-14.2.1-1.1/bin/../lib/gcc/arm-none-eabi/14.2.1/../../../../arm-none-eabi/lib/thumb/v7-a+fp/hard/libc.a(libc_a-wcsnrtombs.o)
                0x0200af40                _wcsnrtombs_r
 .text.fiprintf
                0x0200af68       0x2c /home/test/zynq_psoracle/toolchain/xpack-arm-none-eabi-gcc-14.2.1-1.1/bin/../lib/gcc/arm-none-eabi/14.2.1/../../../../arm-none-eabi/lib/thumb/v7-a+fp/hard/libc.a(libc_a-fiprintf.o)
                0x0200af68                fiprintf
 .text._vfiprintf_r
                0x0200af94     0x11fc /home/test/zynq_psoracle/toolchain/xpack-arm-none-eabi-gcc-14.2.1-1.1/bin/../lib/gcc/arm-none-eabi/14.2.1/../../../../arm-none-eabi/lib/thumb/v7-a+fp/hard/libc.a(libc_a-vfiprintf.o)
                0x0200af94                _vfiprintf_r
 .text.__sbprintf
                0x0200c190       0x84 /home/test/zynq_psoracle/toolchain/xpack-arm-none-eabi-gcc-14.2.1-1.1/bin/../lib/gcc/arm-none-eabi/14.2.1/../../../../arm-none-eabi/lib/thumb/v7-a+fp/hard/libc.a(libc_a-vfiprintf.o)
 .text.__sprint_r
                0x0200c214       0x20 /home/test/zynq_psoracle/toolchain/xpack-arm-none-eabi-gcc-14.2.1-1.1/bin/../lib/gcc/arm-none-eabi/14.2.1/../../../../arm-none-eabi/lib/thumb/v7-a+fp/hard/libc.a(libc_a-sprint_r.o)
                0x0200c214                __sprint_r
 .text.__sfvwrite_r
                0x0200c234      0x2f4 /home/test/zynq_psoracle/toolchain/xpack-arm-none-eabi-gcc-14.2.1-1.1/bin/../lib/gcc/arm-none-eabi/14.2.1/../../../../arm-none-eabi/lib/thumb/v7-a+fp/hard/libc.a(libc_a-fvwrite.o)
                0x0200c234                __sfvwrite_r
 .text.__swsetup_r
                0x0200c528       0xe8 /home/test/zynq_psoracle/toolchain/xpack-arm-none-eabi-gcc-14.2.1-1.1/bin/../lib/gcc/arm-none-eabi/14.2.1/../../../../arm-none-eabi/lib/thumb/v7-a+fp/hard/libc.a(libc_a-wsetup.o)
                0x0200c528                __swsetup_r
 .text.__smakebuf_r
                0x0200c610       0xd0 /home/test/zynq_psoracle/toolchain/xpack-arm-none-eabi-gcc-14.2.1-1.1/bin/../lib/gcc/arm-none-eabi/14.2.1/../../../../arm-none-eabi/lib/thumb/v7-a+fp/hard/libc.a(libc_a-makebuf.o)
                0x0200c610                __smakebuf_r
 .text._fstat_r
                0x0200c6e0       0x2c /home/test/zynq_psoracle/toolchain/xpack-arm-none-eabi-gcc-14.2.1-1.1/bin/../lib/gcc/arm-none-eabi/14.2.1/../../../../arm-none-eabi/lib/thumb/v7-a+fp/hard/libc.a(libc_a-fstatr.o)
                0x0200c6e0                _fstat_r
 .text._isatty_r
                0x0200c70c       0x28 /home/test/zynq_psoracle/toolchain/xpack-arm-none-eabi-gcc-14.2.1-1.1/bin/../lib/gcc/arm-none-eabi/14.2.1/../../../../arm-none-eabi/lib/thumb/v7-a+fp/hard/libc.a(libc_a-isattyr.o)
                0x0200c70c                _isatty_r
 *(.gnu.linkonce.t.*)
 *(.plt)
 *(.gnu_warning)
 *(.gcc_except_table)
 *(.glue_7)
 .glue_7        0x0200c734        0x0 linker stubs
 *(.glue_7t)
 .glue_7t       0x0200c734        0x0 linker stubs
 *(.vfp11_veneer)
 .vfp11_veneer  0x0200c734        0x0 linker stubs
 *(.ARM.extab)
 *(.gnu.linkonce.armextab.*)

.v4_bx          0x0200c734        0x0
 .v4_bx         0x0200c734        0x0 linker stubs

.iplt           0x0200c734        0x0
 .iplt          0x0200c734        0x0 /home/test/zynq_psoracle/toolchain/xpack-arm-none-eabi-gcc-14.2.1-1.1/bin/../lib/gcc/arm-none-eabi/14.2.1/thumb/v7-a+fp/hard/crtbegin.o

.init           0x0200c734        0xc
 *(.init)
 .init          0x0200c734        0x4 /home/test/zynq_psoracle/toolchain/xpack-arm-none-eabi-gcc-14.2.1-1.1/bin/../lib/gcc/arm-none-eabi/14.2.1/thumb/v7-a+fp/hard/crti.o
                0x0200c734                _init
 .init          0x0200c738        0x8 /home/test/zynq_psoracle/toolchain/xpack-arm-none-eabi-gcc-14.2.1-1.1/bin/../lib/gcc/arm-none-eabi/14.2.1/thumb/v7-a+fp/hard/crtn.o

.fini           0x0200c740        0xc
 *(.fini)
 .fini          0x0200c740        0x4 /home/test/zynq_psoracle/toolchain/xpack-arm-none-eabi-gcc-14.2.1-1.1/bin/../lib/gcc/arm-none-eabi/14.2.1/thumb/v7-a+fp/hard/crti.o
                0x0200c740                _fini
 .fini          0x0200c744        0x8 /home/test/zynq_psoracle/toolchain/xpack-arm-none-eabi-gcc-14.2.1-1.1/bin/../lib/gcc/arm-none-eabi/14.2.1/thumb/v7-a+fp/hard/crtn.o

.rodata         0x0200c750     0x2fe0
                0x0200c750                        __rodata_start = .
 *(.rodata)
 *(.rodata.*)
 .rodata.XScuWdt_CfgInitialize.str1.4
                0x0200c750      0xf87 /home/test/zynq_psoracle/firmware/bsp/out/wd_xscuwdt.c.o
                                 0x60 (size before relaxing)
 .rodata.devcfg_dma.str1.4
                0x0200d6d7       0x8f /home/test/zynq_psoracle/firmware/bsp/out/p3_app.c.o
 .rodata.link2_witness.str1.4
                0x0200d6d7       0x2d /home/test/zynq_psoracle/firmware/bsp/out/p3_app.c.o
 .rodata.send_frame.str1.4
                0x0200d6d7       0x27 /home/test/zynq_psoracle/firmware/bsp/out/p3_app.c.o
 .rodata.send_payload.str1.4
                0x0200d6d7       0x2b /home/test/zynq_psoracle/firmware/bsp/out/p3_app.c.o
 .rodata.emit_summary.str1.4
                0x0200d6d7        0x9 /home/test/zynq_psoracle/firmware/bsp/out/p3_app.c.o
 .rodata.write_envelopes.str1.4
                0x0200d6d7        0x7 /home/test/zynq_psoracle/firmware/bsp/out/p3_app.c.o
 .rodata.serve_audit.str1.4
                0x0200d6d7       0x4e /home/test/zynq_psoracle/firmware/bsp/out/p3_app.c.o
 .rodata.arm_attempt.str1.4
                0x0200d6d7       0x5c /home/test/zynq_psoracle/firmware/bsp/out/p3_app.c.o
 .rodata.emit_record.str1.4
                0x0200d6d7        0x4 /home/test/zynq_psoracle/firmware/bsp/out/p3_app.c.o
 .rodata.run_candidate.str1.4
                0x0200d6d7      0x243 /home/test/zynq_psoracle/firmware/bsp/out/p3_app.c.o
 .rodata.main.str1.4
                0x0200d6d7      0x182 /home/test/zynq_psoracle/firmware/bsp/out/p3_app.c.o
 *fill*         0x0200d6d7        0x1 
 .rodata.zero_tag.0
                0x0200d6d8       0x21 /home/test/zynq_psoracle/firmware/bsp/out/p3_app.c.o
 *fill*         0x0200d6f9        0x3 
 .rodata.key.1  0x0200d6fc       0x14 /home/test/zynq_psoracle/firmware/bsp/out/p3_app.c.o
 .rodata.str1.4
                0x0200d710       0x35 /home/test/zynq_psoracle/firmware/bsp/out/p3_app.c.o
 .rodata.refused_kind.2
                0x0200d710        0x4 /home/test/zynq_psoracle/firmware/bsp/out/p3_app.c.o
 .rodata.END_NAME
                0x0200d714       0x10 /home/test/zynq_psoracle/firmware/bsp/out/p3_app.c.o
 .rodata.DMA_READ_CLEANUP
                0x0200d724       0x10 /home/test/zynq_psoracle/firmware/bsp/out/p3_app.c.o
 .rodata.DMA_READ_FRAME
                0x0200d734       0x10 /home/test/zynq_psoracle/firmware/bsp/out/p3_app.c.o
 .rodata.DMA_READ_COMMAND
                0x0200d744       0x10 /home/test/zynq_psoracle/firmware/bsp/out/p3_app.c.o
 .rodata.DMA_WRITE_ENVELOPE
                0x0200d754       0x10 /home/test/zynq_psoracle/firmware/bsp/out/p3_app.c.o
 .rodata.P3_ENVELOPE
                0x0200d764       0x48 /home/test/zynq_psoracle/firmware/bsp/out/p3_app.c.o
 .rodata.P3_TARGET_FARS
                0x0200d7ac       0x30 /home/test/zynq_psoracle/firmware/bsp/out/p3_app.c.o
 .rodata.p3_parse_stream
                0x0200d7dc        0xc /home/test/zynq_psoracle/firmware/bsp/out/p3_derive.c.o
 .rodata.abc.0  0x0200d7e8       0x41 /home/test/zynq_psoracle/firmware/bsp/out/p3_derive.c.o
 *fill*         0x0200d829        0x3 
 .rodata.digits.2
                0x0200d82c       0x11 /home/test/zynq_psoracle/firmware/bsp/out/p3_derive.c.o
 *fill*         0x0200d83d        0x3 
 .rodata.iv.3   0x0200d840       0x20 /home/test/zynq_psoracle/firmware/bsp/out/p3_derive.c.o
 .rodata.K256   0x0200d860      0x100 /home/test/zynq_psoracle/firmware/bsp/out/p3_derive.c.o
 .rodata.P3_BASE_FLUSH
                0x0200d960      0x4bc /home/test/zynq_psoracle/firmware/bsp/out/p3_derive.c.o
 .rodata.P3_BASE_TARGET
                0x0200de1c     0x12f0 /home/test/zynq_psoracle/firmware/bsp/out/p3_derive.c.o
 .rodata.P3_WHITELIST
                0x0200f10c      0x36c /home/test/zynq_psoracle/firmware/bsp/out/p3_derive.c.o
 .rodata.P3_ENVELOPE
                0x0200f478       0x48 /home/test/zynq_psoracle/firmware/bsp/out/p3_derive.c.o
 .rodata.P3_TARGET_FARS
                0x0200f4c0       0x30 /home/test/zynq_psoracle/firmware/bsp/out/p3_derive.c.o
 .rodata.w_str.part.0.str1.4
                0x0200f4f0        0x7 /home/test/zynq_psoracle/firmware/bsp/out/p3_wire.c.o
 .rodata.w_tables.str1.4
                0x0200f4f0        0xa /home/test/zynq_psoracle/firmware/bsp/out/p3_wire.c.o
 .rodata.p3_wire_line.str1.4
                0x0200f4f0       0x20 /home/test/zynq_psoracle/firmware/bsp/out/p3_wire.c.o
 .rodata.p3_wire_identity.str1.4
                0x0200f4f0      0x108 /home/test/zynq_psoracle/firmware/bsp/out/p3_wire.c.o
 .rodata.p3_wire_sign_request.str1.4
                0x0200f4f0       0x76 /home/test/zynq_psoracle/firmware/bsp/out/p3_wire.c.o
 .rodata.p3_wire_loop_record.str1.4
                0x0200f4f0      0x35c /home/test/zynq_psoracle/firmware/bsp/out/p3_wire.c.o
 .rodata.p3_wire_audit.str1.4
                0x0200f4f0       0x9f /home/test/zynq_psoracle/firmware/bsp/out/p3_wire.c.o
 .rodata.p3_wire_closing.str1.4
                0x0200f4f0       0x64 /home/test/zynq_psoracle/firmware/bsp/out/p3_wire.c.o
 .rodata.p3_wire_summary.str1.4
                0x0200f4f0      0x159 /home/test/zynq_psoracle/firmware/bsp/out/p3_wire.c.o
 .rodata._ctype_
                0x0200f4f0      0x101 /home/test/zynq_psoracle/toolchain/xpack-arm-none-eabi-gcc-14.2.1-1.1/bin/../lib/gcc/arm-none-eabi/14.2.1/../../../../arm-none-eabi/lib/thumb/v7-a+fp/hard/libc.a(libc_a-ctype_.o)
                0x0200f4f0                _ctype_
 .rodata._svfprintf_r.str1.4
                0x0200f5f1       0x42 /home/test/zynq_psoracle/toolchain/xpack-arm-none-eabi-gcc-14.2.1-1.1/bin/../lib/gcc/arm-none-eabi/14.2.1/../../../../arm-none-eabi/lib/thumb/v7-a+fp/hard/libc.a(libc_a-svfprintf.o)
 *fill*         0x0200f5f1        0x3 
 .rodata.zeroes.0
                0x0200f5f4       0x10 /home/test/zynq_psoracle/toolchain/xpack-arm-none-eabi-gcc-14.2.1-1.1/bin/../lib/gcc/arm-none-eabi/14.2.1/../../../../arm-none-eabi/lib/thumb/v7-a+fp/hard/libc.a(libc_a-svfprintf.o)
 .rodata.blanks.1
                0x0200f604       0x10 /home/test/zynq_psoracle/toolchain/xpack-arm-none-eabi-gcc-14.2.1-1.1/bin/../lib/gcc/arm-none-eabi/14.2.1/../../../../arm-none-eabi/lib/thumb/v7-a+fp/hard/libc.a(libc_a-svfprintf.o)
 .rodata.str1.4
                0x0200f614       0x4c /home/test/zynq_psoracle/toolchain/xpack-arm-none-eabi-gcc-14.2.1-1.1/bin/../lib/gcc/arm-none-eabi/14.2.1/../../../../arm-none-eabi/lib/thumb/v7-a+fp/hard/libc.a(libc_a-locale.o)
 .rodata._dtoa_r.str1.4
                0x0200f614       0xaa /home/test/zynq_psoracle/toolchain/xpack-arm-none-eabi-gcc-14.2.1-1.1/bin/../lib/gcc/arm-none-eabi/14.2.1/../../../../arm-none-eabi/lib/thumb/v7-a+fp/hard/libc.a(libc_a-dtoa.o)
 .rodata.__multadd.str1.4
                0x0200f614       0x97 /home/test/zynq_psoracle/toolchain/xpack-arm-none-eabi-gcc-14.2.1-1.1/bin/../lib/gcc/arm-none-eabi/14.2.1/../../../../arm-none-eabi/lib/thumb/v7-a+fp/hard/libc.a(libc_a-mprec.o)
 .rodata.p05.0  0x0200f614        0xc /home/test/zynq_psoracle/toolchain/xpack-arm-none-eabi-gcc-14.2.1-1.1/bin/../lib/gcc/arm-none-eabi/14.2.1/../../../../arm-none-eabi/lib/thumb/v7-a+fp/hard/libc.a(libc_a-mprec.o)
 .rodata.__mprec_bigtens
                0x0200f620       0x28 /home/test/zynq_psoracle/toolchain/xpack-arm-none-eabi-gcc-14.2.1-1.1/bin/../lib/gcc/arm-none-eabi/14.2.1/../../../../arm-none-eabi/lib/thumb/v7-a+fp/hard/libc.a(libc_a-mprec.o)
                0x0200f620                __mprec_bigtens
 .rodata.__mprec_tens
                0x0200f648       0xc8 /home/test/zynq_psoracle/toolchain/xpack-arm-none-eabi-gcc-14.2.1-1.1/bin/../lib/gcc/arm-none-eabi/14.2.1/../../../../arm-none-eabi/lib/thumb/v7-a+fp/hard/libc.a(libc_a-mprec.o)
                0x0200f648                __mprec_tens
 .rodata.__assert_func.str1.4
                0x0200f710       0x43 /home/test/zynq_psoracle/toolchain/xpack-arm-none-eabi-gcc-14.2.1-1.1/bin/../lib/gcc/arm-none-eabi/14.2.1/../../../../arm-none-eabi/lib/thumb/v7-a+fp/hard/libc.a(libc_a-assert.o)
 .rodata._vfiprintf_r.str1.4
                0x0200f710       0x2f /home/test/zynq_psoracle/toolchain/xpack-arm-none-eabi-gcc-14.2.1-1.1/bin/../lib/gcc/arm-none-eabi/14.2.1/../../../../arm-none-eabi/lib/thumb/v7-a+fp/hard/libc.a(libc_a-vfiprintf.o)
 .rodata.zeroes.0
                0x0200f710       0x10 /home/test/zynq_psoracle/toolchain/xpack-arm-none-eabi-gcc-14.2.1-1.1/bin/../lib/gcc/arm-none-eabi/14.2.1/../../../../arm-none-eabi/lib/thumb/v7-a+fp/hard/libc.a(libc_a-vfiprintf.o)
 .rodata.blanks.1
                0x0200f720       0x10 /home/test/zynq_psoracle/toolchain/xpack-arm-none-eabi-gcc-14.2.1-1.1/bin/../lib/gcc/arm-none-eabi/14.2.1/../../../../arm-none-eabi/lib/thumb/v7-a+fp/hard/libc.a(libc_a-vfiprintf.o)
 *(.gnu.linkonce.r.*)
                0x0200f730                        __rodata_end = .

.rodata1        0x0200f730        0x0
                0x0200f730                        __rodata1_start = .
 *(.rodata1)
 *(.rodata1.*)
                0x0200f730                        __rodata1_end = .

.sdata2         0x0200f730        0x0
                0x0200f730                        __sdata2_start = .
 *(.sdata2)
 *(.sdata2.*)
 *(.gnu.linkonce.s2.*)
                0x0200f730                        __sdata2_end = .

.sbss2          0x0200f730        0x0
                0x0200f730                        __sbss2_start = .
 *(.sbss2)
 *(.sbss2.*)
 *(.gnu.linkonce.sb2.*)
                0x0200f730                        __sbss2_end = .

.data           0x0200f730      0x71c
                0x0200f730                        __data_start = .
 *(.data)
 *(.data.*)
 .data.XExc_VectorTable
                0x0200f730       0x38 /home/test/zynq_psoracle/firmware/bsp/out/arm_common_xil_exception.c.o
                0x0200f730                XExc_VectorTable
 .data.Xil_AssertWait
                0x0200f768        0x4 /home/test/zynq_psoracle/firmware/bsp/out/common_xil_assert.c.o
                0x0200f768                Xil_AssertWait
 .data.XScuWdt_ConfigTable
                0x0200f76c        0x8 /home/test/zynq_psoracle/firmware/bsp/out/wd_xscuwdt_g.c.o
                0x0200f76c                XScuWdt_ConfigTable
 .data.__sglue  0x0200f774        0xc /home/test/zynq_psoracle/toolchain/xpack-arm-none-eabi-gcc-14.2.1-1.1/bin/../lib/gcc/arm-none-eabi/14.2.1/../../../../arm-none-eabi/lib/thumb/v7-a+fp/hard/libc.a(libc_a-findfp.o)
                0x0200f774                __sglue
 .data._impure_ptr
                0x0200f780        0x4 /home/test/zynq_psoracle/toolchain/xpack-arm-none-eabi-gcc-14.2.1-1.1/bin/../lib/gcc/arm-none-eabi/14.2.1/../../../../arm-none-eabi/lib/thumb/v7-a+fp/hard/libc.a(libc_a-impure.o)
                0x0200f780                _impure_ptr
 *fill*         0x0200f784        0x4 
 .data._impure_data
                0x0200f788      0x140 /home/test/zynq_psoracle/toolchain/xpack-arm-none-eabi-gcc-14.2.1-1.1/bin/../lib/gcc/arm-none-eabi/14.2.1/../../../../arm-none-eabi/lib/thumb/v7-a+fp/hard/libc.a(libc_a-impure.o)
                0x0200f788                _impure_data
 .data.__atexit_recursive_mutex
                0x0200f8c8        0x4 /home/test/zynq_psoracle/toolchain/xpack-arm-none-eabi-gcc-14.2.1-1.1/bin/../lib/gcc/arm-none-eabi/14.2.1/../../../../arm-none-eabi/lib/thumb/v7-a+fp/hard/libc.a(libc_a-__call_atexit.o)
                0x0200f8c8                __atexit_recursive_mutex
 .data.__malloc_sbrk_base
                0x0200f8cc        0x4 /home/test/zynq_psoracle/toolchain/xpack-arm-none-eabi-gcc-14.2.1-1.1/bin/../lib/gcc/arm-none-eabi/14.2.1/../../../../arm-none-eabi/lib/thumb/v7-a+fp/hard/libc.a(libc_a-mallocr.o)
                0x0200f8cc                __malloc_sbrk_base
 .data.__malloc_trim_threshold
                0x0200f8d0        0x4 /home/test/zynq_psoracle/toolchain/xpack-arm-none-eabi-gcc-14.2.1-1.1/bin/../lib/gcc/arm-none-eabi/14.2.1/../../../../arm-none-eabi/lib/thumb/v7-a+fp/hard/libc.a(libc_a-mallocr.o)
                0x0200f8d0                __malloc_trim_threshold
 *fill*         0x0200f8d4        0x4 
 .data.__malloc_av_
                0x0200f8d8      0x408 /home/test/zynq_psoracle/toolchain/xpack-arm-none-eabi-gcc-14.2.1-1.1/bin/../lib/gcc/arm-none-eabi/14.2.1/../../../../arm-none-eabi/lib/thumb/v7-a+fp/hard/libc.a(libc_a-mallocr.o)
                0x0200f8d8                __malloc_av_
 .data.__global_locale
                0x0200fce0      0x16c /home/test/zynq_psoracle/toolchain/xpack-arm-none-eabi-gcc-14.2.1-1.1/bin/../lib/gcc/arm-none-eabi/14.2.1/../../../../arm-none-eabi/lib/thumb/v7-a+fp/hard/libc.a(libc_a-locale.o)
                0x0200fce0                __global_locale
 *(.gnu.linkonce.d.*)
 *(.jcr)
 *(.got)
 *(.got.plt)
                0x0200fe4c                        __data_end = .

.igot.plt       0x0200fe4c        0x0
 .igot.plt      0x0200fe4c        0x0 /home/test/zynq_psoracle/toolchain/xpack-arm-none-eabi-gcc-14.2.1-1.1/bin/../lib/gcc/arm-none-eabi/14.2.1/thumb/v7-a+fp/hard/crtbegin.o

.data1          0x0200fe4c        0x0
                0x0200fe4c                        __data1_start = .
 *(.data1)
 *(.data1.*)
                0x0200fe4c                        __data1_end = .

.got
 *(.got)

.ctors          0x0200fe4c        0x0
                0x0200fe4c                        __CTOR_LIST__ = .
                0x0200fe4c                        ___CTORS_LIST___ = .
 *crtbegin.o(.ctors)
 *(EXCLUDE_FILE(*crtend.o) .ctors)
 *(SORT_BY_NAME(.ctors.*))
 *(.ctors)
                0x0200fe4c                        __CTOR_END__ = .
                0x0200fe4c                        ___CTORS_END___ = .

.dtors          0x0200fe4c        0x0
                0x0200fe4c                        __DTOR_LIST__ = .
                0x0200fe4c                        ___DTORS_LIST___ = .
 *crtbegin.o(.dtors)
 *(EXCLUDE_FILE(*crtend.o) .dtors)
 *(SORT_BY_NAME(.dtors.*))
 *(.dtors)
                0x0200fe4c                        __DTOR_END__ = .
                0x0200fe4c                        ___DTORS_END___ = .

.fixup          0x0200fe4c        0x0
                0x0200fe4c                        __fixup_start = .
 *(.fixup)
                0x0200fe4c                        __fixup_end = .

.eh_frame       0x0200fe4c        0x0
 *(.eh_frame)
 .eh_frame      0x0200fe4c        0x0 /home/test/zynq_psoracle/toolchain/xpack-arm-none-eabi-gcc-14.2.1-1.1/bin/../lib/gcc/arm-none-eabi/14.2.1/thumb/v7-a+fp/hard/crtbegin.o

.eh_framehdr    0x0200fe4c        0x0
                0x0200fe4c                        __eh_framehdr_start = .
 *(.eh_framehdr)
                0x0200fe4c                        __eh_framehdr_end = .

.gcc_except_table
 *(.gcc_except_table)

.mmu_tbl        0x02010000     0x4000
                0x02010000                        __mmu_tbl_start = .
 *(.mmu_tbl)
 .mmu_tbl       0x02010000     0x4000 /home/test/zynq_psoracle/firmware/bsp/out/arm_cortexa9_gcc_translation_table.S.o
                0x02010000                MMUTable
                0x02014000                        __mmu_tbl_end = .

.ARM.exidx      0x02014000        0x8
                0x02014000                        __exidx_start = .
 *(.ARM.exidx*)
 .ARM.exidx     0x02014000        0x8 /home/test/zynq_psoracle/toolchain/xpack-arm-none-eabi-gcc-14.2.1-1.1/bin/../lib/gcc/arm-none-eabi/14.2.1/../../../../arm-none-eabi/lib/thumb/v7-a+fp/hard/libc.a(libc_a-strcmp.o)
 .ARM.exidx     0x02014008        0x0 /home/test/zynq_psoracle/toolchain/xpack-arm-none-eabi-gcc-14.2.1-1.1/bin/../lib/gcc/arm-none-eabi/14.2.1/../../../../arm-none-eabi/lib/thumb/v7-a+fp/hard/libc.a(libc_a-strlen.o)
                                  0x8 (size before relaxing)
 .ARM.exidx     0x02014008        0x0 /home/test/zynq_psoracle/toolchain/xpack-arm-none-eabi-gcc-14.2.1-1.1/bin/../lib/gcc/arm-none-eabi/14.2.1/../../../../arm-none-eabi/lib/thumb/v7-a+fp/hard/libc.a(libc_a-memchr.o)
                                  0x8 (size before relaxing)
 *(.gnu.linkonce.armexidx.*)
                0x02014008                        __exidx_end = .

.rel.dyn        0x02014008        0x0
 .rel.iplt      0x02014008        0x0 /home/test/zynq_psoracle/toolchain/xpack-arm-none-eabi-gcc-14.2.1-1.1/bin/../lib/gcc/arm-none-eabi/14.2.1/thumb/v7-a+fp/hard/crtbegin.o

.preinit_array  0x02014008        0x0
                0x02014008                        __preinit_array_start = .
 *(.preinit_array)
                0x02014008                        __preinit_array_end = .

.init_array     0x02014008        0x8
                0x02014008                        __init_array_start = .
 *(SORT_BY_NAME(.init_array.*))
 .init_array.00000
                0x02014008        0x4 /home/test/zynq_psoracle/toolchain/xpack-arm-none-eabi-gcc-14.2.1-1.1/bin/../lib/gcc/arm-none-eabi/14.2.1/../../../../arm-none-eabi/lib/thumb/v7-a+fp/hard/libc.a(libc_a-__call_atexit.o)
 *(.init_array)
 .init_array    0x0201400c        0x4 /home/test/zynq_psoracle/toolchain/xpack-arm-none-eabi-gcc-14.2.1-1.1/bin/../lib/gcc/arm-none-eabi/14.2.1/thumb/v7-a+fp/hard/crtbegin.o
                0x02014010                        __init_array_end = .

.fini_array     0x02014010        0x4
                0x02014010                        __fini_array_start = .
 *(SORT_BY_NAME(.fini_array.*))
 *(.fini_array)
 .fini_array    0x02014010        0x4 /home/test/zynq_psoracle/toolchain/xpack-arm-none-eabi-gcc-14.2.1-1.1/bin/../lib/gcc/arm-none-eabi/14.2.1/thumb/v7-a+fp/hard/crtbegin.o
                0x02014014                        __fini_array_end = .

.sdata          0x02014014        0x0
                0x02014014                        __sdata_start = .
 *(.sdata)
 *(.sdata.*)
 *(.gnu.linkonce.s.*)
                0x02014014                        __sdata_end = .

.sbss           0x02014014        0x0
                0x02014014                        __sbss_start = .
 *(.sbss)
 *(.sbss.*)
 *(.gnu.linkonce.sb.*)
                0x02014014                        __sbss_end = .

.tdata          0x02014014        0x0
                0x02014014                        __tdata_start = .
 *(.tdata)
 *(.tdata.*)
 *(.gnu.linkonce.td.*)
                0x02014014                        __tdata_end = .

.tbss           0x02014014        0x0
                0x02014014                        __tbss_start = .
 *(.tbss)
 *(.tbss.*)
 *(.gnu.linkonce.tb.*)
                0x02014014                        __tbss_end = .

.bss            0x02014018     0xb0bc
                0x02014018                        __bss_start__ = .
                0x02014018                        __bss_start = .
 *(.bss)
 *(.bss.*)
 .bss.completed.1
                0x02014018        0x1 /home/test/zynq_psoracle/toolchain/xpack-arm-none-eabi-gcc-14.2.1-1.1/bin/../lib/gcc/arm-none-eabi/14.2.1/thumb/v7-a+fp/hard/crtbegin.o
 *fill*         0x02014019        0x3 
 .bss.object.0  0x0201401c       0x18 /home/test/zynq_psoracle/toolchain/xpack-arm-none-eabi-gcc-14.2.1-1.1/bin/../lib/gcc/arm-none-eabi/14.2.1/thumb/v7-a+fp/hard/crtbegin.o
 .bss.UndefinedExceptionAddr
                0x02014034        0x4 /home/test/zynq_psoracle/firmware/bsp/out/arm_common_xil_exception.c.o
                0x02014034                UndefinedExceptionAddr
 .bss.PrefetchAbortAddr
                0x02014038        0x4 /home/test/zynq_psoracle/firmware/bsp/out/arm_common_xil_exception.c.o
                0x02014038                PrefetchAbortAddr
 .bss.DataAbortAddr
                0x0201403c        0x4 /home/test/zynq_psoracle/firmware/bsp/out/arm_common_xil_exception.c.o
                0x0201403c                DataAbortAddr
 .bss.Xil_AssertCallbackRoutine
                0x02014040        0x4 /home/test/zynq_psoracle/firmware/bsp/out/common_xil_assert.c.o
 .bss.Xil_AssertStatus
                0x02014044        0x4 /home/test/zynq_psoracle/firmware/bsp/out/common_xil_assert.c.o
                0x02014044                Xil_AssertStatus
 .bss.heap.1    0x02014048        0x4 /home/test/zynq_psoracle/firmware/bsp/out/arm_common_gcc__sbrk.c.o
 .bss.g_words_b64
                0x0201404c      0xc00 /home/test/zynq_psoracle/firmware/bsp/out/p3_app.c.o
 .bss.g_chunk   0x02014c4c      0x600 /home/test/zynq_psoracle/firmware/bsp/out/p3_app.c.o
 .bss.g_body    0x0201524c     0x1c00 /home/test/zynq_psoracle/firmware/bsp/out/p3_app.c.o
 .bss.g_encoded
                0x02016e4c     0x1800 /home/test/zynq_psoracle/firmware/bsp/out/p3_app.c.o
 .bss.g_payload
                0x0201864c     0x1000 /home/test/zynq_psoracle/firmware/bsp/out/p3_app.c.o
 .bss.g_json    0x0201964c     0x1000 /home/test/zynq_psoracle/firmware/bsp/out/p3_app.c.o
 .bss.g_line    0x0201a64c     0x2000 /home/test/zynq_psoracle/firmware/bsp/out/p3_app.c.o
 *fill*         0x0201c64c        0x4 
 .bss.S         0x0201c650     0x2770 /home/test/zynq_psoracle/firmware/bsp/out/p3_app.c.o
 .bss.__sf      0x0201edc0      0x138 /home/test/zynq_psoracle/toolchain/xpack-arm-none-eabi-gcc-14.2.1-1.1/bin/../lib/gcc/arm-none-eabi/14.2.1/../../../../arm-none-eabi/lib/thumb/v7-a+fp/hard/libc.a(libc_a-findfp.o)
                0x0201edc0                __sf
 .bss.__stdio_exit_handler
                0x0201eef8        0x4 /home/test/zynq_psoracle/toolchain/xpack-arm-none-eabi-gcc-14.2.1-1.1/bin/../lib/gcc/arm-none-eabi/14.2.1/../../../../arm-none-eabi/lib/thumb/v7-a+fp/hard/libc.a(libc_a-findfp.o)
                0x0201eef8                __stdio_exit_handler
 .bss.errno     0x0201eefc        0x4 /home/test/zynq_psoracle/toolchain/xpack-arm-none-eabi-gcc-14.2.1-1.1/bin/../lib/gcc/arm-none-eabi/14.2.1/../../../../arm-none-eabi/lib/thumb/v7-a+fp/hard/libc.a(libc_a-reent.o)
                0x0201eefc                errno
 .bss.__lock___malloc_recursive_mutex
                0x0201ef00        0x1 /home/test/zynq_psoracle/toolchain/xpack-arm-none-eabi-gcc-14.2.1-1.1/bin/../lib/gcc/arm-none-eabi/14.2.1/../../../../arm-none-eabi/lib/thumb/v7-a+fp/hard/libc.a(libc_a-lock.o)
                0x0201ef00                __lock___malloc_recursive_mutex
 *fill*         0x0201ef01        0x3 
 .bss.__lock___atexit_recursive_mutex
                0x0201ef04        0x1 /home/test/zynq_psoracle/toolchain/xpack-arm-none-eabi-gcc-14.2.1-1.1/bin/../lib/gcc/arm-none-eabi/14.2.1/../../../../arm-none-eabi/lib/thumb/v7-a+fp/hard/libc.a(libc_a-lock.o)
                0x0201ef04                __lock___atexit_recursive_mutex
 *fill*         0x0201ef05        0x3 
 .bss.__lock___sfp_recursive_mutex
                0x0201ef08        0x1 /home/test/zynq_psoracle/toolchain/xpack-arm-none-eabi-gcc-14.2.1-1.1/bin/../lib/gcc/arm-none-eabi/14.2.1/../../../../arm-none-eabi/lib/thumb/v7-a+fp/hard/libc.a(libc_a-lock.o)
                0x0201ef08                __lock___sfp_recursive_mutex
 *fill*         0x0201ef09        0x3 
 .bss.__atexit  0x0201ef0c        0x4 /home/test/zynq_psoracle/toolchain/xpack-arm-none-eabi-gcc-14.2.1-1.1/bin/../lib/gcc/arm-none-eabi/14.2.1/../../../../arm-none-eabi/lib/thumb/v7-a+fp/hard/libc.a(libc_a-__call_atexit.o)
                0x0201ef0c                __atexit
 .bss.__malloc_current_mallinfo
                0x0201ef10       0x28 /home/test/zynq_psoracle/toolchain/xpack-arm-none-eabi-gcc-14.2.1-1.1/bin/../lib/gcc/arm-none-eabi/14.2.1/../../../../arm-none-eabi/lib/thumb/v7-a+fp/hard/libc.a(libc_a-mallocr.o)
                0x0201ef10                __malloc_current_mallinfo
 .bss.__malloc_max_total_mem
                0x0201ef38        0x4 /home/test/zynq_psoracle/toolchain/xpack-arm-none-eabi-gcc-14.2.1-1.1/bin/../lib/gcc/arm-none-eabi/14.2.1/../../../../arm-none-eabi/lib/thumb/v7-a+fp/hard/libc.a(libc_a-mallocr.o)
                0x0201ef38                __malloc_max_total_mem
 .bss.__malloc_max_sbrked_mem
                0x0201ef3c        0x4 /home/test/zynq_psoracle/toolchain/xpack-arm-none-eabi-gcc-14.2.1-1.1/bin/../lib/gcc/arm-none-eabi/14.2.1/../../../../arm-none-eabi/lib/thumb/v7-a+fp/hard/libc.a(libc_a-mallocr.o)
                0x0201ef3c                __malloc_max_sbrked_mem
 .bss.__malloc_top_pad
                0x0201ef40        0x4 /home/test/zynq_psoracle/toolchain/xpack-arm-none-eabi-gcc-14.2.1-1.1/bin/../lib/gcc/arm-none-eabi/14.2.1/../../../../arm-none-eabi/lib/thumb/v7-a+fp/hard/libc.a(libc_a-mallocr.o)
                0x0201ef40                __malloc_top_pad
 .bss.__atexit0
                0x0201ef44      0x190 /home/test/zynq_psoracle/toolchain/xpack-arm-none-eabi-gcc-14.2.1-1.1/bin/../lib/gcc/arm-none-eabi/14.2.1/../../../../arm-none-eabi/lib/thumb/v7-a+fp/hard/libc.a(libc_a-__atexit.o)
                0x0201ef44                __atexit0
 *(.gnu.linkonce.b.*)
 *(COMMON)
                0x0201f0d4                        __bss_end__ = .
                0x0201f0d4                        __bss_end = .
                0x02014014                        _SDA_BASE_ = (__sdata_start + ((__sbss_end - __sdata_start) / 0x2))
                0x0200f730                        _SDA2_BASE_ = (__sdata2_start + ((__sbss2_end - __sdata2_start) / 0x2))

.heap           0x0201f0d4   0x10000c
                0x0201f0e0                        . = ALIGN (0x10)
 *fill*         0x0201f0d4        0xc 
                0x0201f0e0                        _heap = .
                0x0201f0e0                        HeapBase = .
                0x0201f0e0                        _heap_start = .
                0x0211f0e0                        . = (. + _HEAP_SIZE)
 *fill*         0x0201f0e0   0x100000 
                0x0211f0e0                        _heap_end = .
                0x0211f0e0                        HeapLimit = .

.stack          0x0211f0e0     0x7000
                0x0211f0e0                        . = ALIGN (0x10)
                0x0211f0e0                        _stack_end = .
                0x021230e0                        . = (. + _STACK_SIZE)
 *fill*         0x0211f0e0     0x4000 
                0x021230e0                        . = ALIGN (0x10)
                0x021230e0                        __stack = .
                0x021230e0                        . = ALIGN (0x10)
                0x021230e0                        _irq_stack_end = .
                0x021238e0                        . = (. + _IRQ_STACK_SIZE)
 *fill*         0x021230e0      0x800 
                0x021238e0                        . = ALIGN (0x10)
                0x021238e0                        __irq_stack = .
                0x021238e0                        _supervisor_stack_end = .
                0x021248e0                        . = (. + _SUPERVISOR_STACK_SIZE)
 *fill*         0x021238e0     0x1000 
                0x021248e0                        . = ALIGN (0x10)
                0x021248e0                        __supervisor_stack = .
                0x021248e0                        _abort_stack_end = .
                0x021250e0                        . = (. + _ABORT_STACK_SIZE)
 *fill*         0x021248e0      0x800 
                0x021250e0                        . = ALIGN (0x10)
                0x021250e0                        __abort_stack = .
                0x021250e0                        _fiq_stack_end = .
                0x021258e0                        . = (. + _FIQ_STACK_SIZE)
 *fill*         0x021250e0      0x800 
                0x021258e0                        . = ALIGN (0x10)
                0x021258e0                        __fiq_stack = .
                0x021258e0                        _undef_stack_end = .
                0x021260e0                        . = (. + _UNDEF_STACK_SIZE)
 *fill*         0x021258e0      0x800 
                0x021260e0                        . = ALIGN (0x10)
                0x021260e0                        __undef_stack = .
                0x021260e0                        _end = .
                0x021260e0                        end = .
LOAD /home/test/zynq_psoracle/toolchain/xpack-arm-none-eabi-gcc-14.2.1-1.1/bin/../lib/gcc/arm-none-eabi/14.2.1/thumb/v7-a+fp/hard/crti.o
LOAD /home/test/zynq_psoracle/toolchain/xpack-arm-none-eabi-gcc-14.2.1-1.1/bin/../lib/gcc/arm-none-eabi/14.2.1/thumb/v7-a+fp/hard/crtbegin.o
LOAD /home/test/zynq_psoracle/firmware/bsp/out/arm_cortexa9_gcc_boot.S.o
LOAD /home/test/zynq_psoracle/firmware/bsp/out/arm_cortexa9_gcc_cpu_init.S.o
LOAD /home/test/zynq_psoracle/firmware/bsp/out/arm_cortexa9_gcc_translation_table.S.o
LOAD /home/test/zynq_psoracle/firmware/bsp/out/arm_cortexa9_gcc_xil-crt0.S.o
LOAD /home/test/zynq_psoracle/firmware/bsp/out/arm_cortexa9_gcc_asm_vectors.S.o
LOAD /home/test/zynq_psoracle/firmware/bsp/out/arm_cortexa9_xil_cache.c.o
LOAD /home/test/zynq_psoracle/firmware/bsp/out/arm_cortexa9_xil_mmu.c.o
LOAD /home/test/zynq_psoracle/firmware/bsp/out/arm_cortexa9_xil_misc_psreset_api.c.o
LOAD /home/test/zynq_psoracle/firmware/bsp/out/arm_cortexa9_xl2cc_counter.c.o
LOAD /home/test/zynq_psoracle/firmware/bsp/out/arm_cortexa9_xtime_l.c.o
LOAD /home/test/zynq_psoracle/firmware/bsp/out/arm_common_vectors.c.o
LOAD /home/test/zynq_psoracle/firmware/bsp/out/arm_common_xil_exception.c.o
LOAD /home/test/zynq_psoracle/firmware/bsp/out/common_xil_assert.c.o
LOAD /home/test/zynq_psoracle/firmware/bsp/out/common_xil_printf.c.o
LOAD /home/test/zynq_psoracle/firmware/bsp/out/common_print.c.o
LOAD /home/test/zynq_psoracle/firmware/bsp/out/common_xil_mem.c.o
LOAD /home/test/zynq_psoracle/firmware/bsp/out/common_xil_sutil.c.o
LOAD /home/test/zynq_psoracle/firmware/bsp/out/common_xil_util.c.o
LOAD /home/test/zynq_psoracle/firmware/bsp/out/common_outbyte.c.o
LOAD /home/test/zynq_psoracle/firmware/bsp/out/common_inbyte.c.o
LOAD /home/test/zynq_psoracle/firmware/bsp/out/arm_common_gcc_sbrk.c.o
LOAD /home/test/zynq_psoracle/firmware/bsp/out/arm_common_gcc__sbrk.c.o
LOAD /home/test/zynq_psoracle/firmware/bsp/out/arm_common_gcc_write.c.o
LOAD /home/test/zynq_psoracle/firmware/bsp/out/arm_common_gcc_read.c.o
LOAD /home/test/zynq_psoracle/firmware/bsp/out/arm_common_gcc_close.c.o
LOAD /home/test/zynq_psoracle/firmware/bsp/out/arm_common_gcc_fstat.c.o
LOAD /home/test/zynq_psoracle/firmware/bsp/out/arm_common_gcc_isatty.c.o
LOAD /home/test/zynq_psoracle/firmware/bsp/out/arm_common_gcc_lseek.c.o
LOAD /home/test/zynq_psoracle/firmware/bsp/out/arm_common_gcc__exit.c.o
LOAD /home/test/zynq_psoracle/firmware/bsp/out/arm_common_gcc__open.c.o
LOAD /home/test/zynq_psoracle/firmware/bsp/out/arm_common_gcc_open.c.o
LOAD /home/test/zynq_psoracle/firmware/bsp/out/arm_common_gcc_unlink.c.o
LOAD /home/test/zynq_psoracle/firmware/bsp/out/arm_common_gcc_getpid.c.o
LOAD /home/test/zynq_psoracle/firmware/bsp/out/arm_common_gcc_kill.c.o
LOAD /home/test/zynq_psoracle/firmware/bsp/out/arm_common_gcc_errno.c.o
LOAD /home/test/zynq_psoracle/firmware/bsp/out/arm_common_gcc_abort.c.o
LOAD /home/test/zynq_psoracle/firmware/bsp/out/wd_xscuwdt.c.o
LOAD /home/test/zynq_psoracle/firmware/bsp/out/wd_xscuwdt_g.c.o
LOAD /home/test/zynq_psoracle/firmware/bsp/out/wd_xscuwdt_sinit.c.o
LOAD /home/test/zynq_psoracle/firmware/bsp/out/console.o
LOAD /home/test/zynq_psoracle/firmware/bsp/out/p3_app.c.o
LOAD /home/test/zynq_psoracle/firmware/bsp/out/p3_derive.c.o
LOAD /home/test/zynq_psoracle/firmware/bsp/out/p3_search.c.o
LOAD /home/test/zynq_psoracle/firmware/bsp/out/p3_wire.c.o
START GROUP
LOAD /home/test/zynq_psoracle/toolchain/xpack-arm-none-eabi-gcc-14.2.1-1.1/bin/../lib/gcc/arm-none-eabi/14.2.1/thumb/v7-a+fp/hard/libgcc.a
LOAD /home/test/zynq_psoracle/toolchain/xpack-arm-none-eabi-gcc-14.2.1-1.1/bin/../lib/gcc/arm-none-eabi/14.2.1/../../../../arm-none-eabi/lib/thumb/v7-a+fp/hard/libc.a
LOAD /home/test/zynq_psoracle/toolchain/xpack-arm-none-eabi-gcc-14.2.1-1.1/bin/../lib/gcc/arm-none-eabi/14.2.1/../../../../arm-none-eabi/lib/thumb/v7-a+fp/hard/libm.a
END GROUP
LOAD /home/test/zynq_psoracle/toolchain/xpack-arm-none-eabi-gcc-14.2.1-1.1/bin/../lib/gcc/arm-none-eabi/14.2.1/thumb/v7-a+fp/hard/crtend.o
LOAD /home/test/zynq_psoracle/toolchain/xpack-arm-none-eabi-gcc-14.2.1-1.1/bin/../lib/gcc/arm-none-eabi/14.2.1/thumb/v7-a+fp/hard/crtn.o
START GROUP
LOAD /home/test/zynq_psoracle/toolchain/xpack-arm-none-eabi-gcc-14.2.1-1.1/bin/../lib/gcc/arm-none-eabi/14.2.1/thumb/v7-a+fp/hard/libgcc.a
LOAD /home/test/zynq_psoracle/toolchain/xpack-arm-none-eabi-gcc-14.2.1-1.1/bin/../lib/gcc/arm-none-eabi/14.2.1/../../../../arm-none-eabi/lib/thumb/v7-a+fp/hard/libc.a
END GROUP
OUTPUT(/home/test/zynq_psoracle/firmware/bsp/out/p3_app.elf elf32-littlearm)
LOAD linker stubs

.ARM.attributes
                0x00000000       0x33
 .ARM.attributes
                0x00000000       0x21 /home/test/zynq_psoracle/toolchain/xpack-arm-none-eabi-gcc-14.2.1-1.1/bin/../lib/gcc/arm-none-eabi/14.2.1/thumb/v7-a+fp/hard/crti.o
 .ARM.attributes
                0x00000021       0x33 /home/test/zynq_psoracle/toolchain/xpack-arm-none-eabi-gcc-14.2.1-1.1/bin/../lib/gcc/arm-none-eabi/14.2.1/thumb/v7-a+fp/hard/crtbegin.o
 .ARM.attributes
                0x00000054       0x23 /home/test/zynq_psoracle/firmware/bsp/out/arm_cortexa9_gcc_boot.S.o
 .ARM.attributes
                0x00000077       0x23 /home/test/zynq_psoracle/firmware/bsp/out/arm_cortexa9_gcc_cpu_init.S.o
 .ARM.attributes
                0x0000009a       0x23 /home/test/zynq_psoracle/firmware/bsp/out/arm_cortexa9_gcc_translation_table.S.o
 .ARM.attributes
                0x000000bd       0x23 /home/test/zynq_psoracle/firmware/bsp/out/arm_cortexa9_gcc_xil-crt0.S.o
 .ARM.attributes
                0x000000e0       0x37 /home/test/zynq_psoracle/firmware/bsp/out/arm_cortexa9_xil_cache.c.o
 .ARM.attributes
                0x00000117       0x37 /home/test/zynq_psoracle/firmware/bsp/out/arm_cortexa9_xil_mmu.c.o
 .ARM.attributes
                0x0000014e       0x37 /home/test/zynq_psoracle/firmware/bsp/out/arm_cortexa9_xtime_l.c.o
 .ARM.attributes
                0x00000185       0x37 /home/test/zynq_psoracle/firmware/bsp/out/arm_common_vectors.c.o
 .ARM.attributes
                0x000001bc       0x37 /home/test/zynq_psoracle/firmware/bsp/out/arm_common_xil_exception.c.o
 .ARM.attributes
                0x000001f3       0x37 /home/test/zynq_psoracle/firmware/bsp/out/common_xil_assert.c.o
 .ARM.attributes
                0x0000022a       0x37 /home/test/zynq_psoracle/firmware/bsp/out/arm_common_gcc__sbrk.c.o
 .ARM.attributes
                0x00000261       0x37 /home/test/zynq_psoracle/firmware/bsp/out/arm_common_gcc_write.c.o
 .ARM.attributes
                0x00000298       0x37 /home/test/zynq_psoracle/firmware/bsp/out/arm_common_gcc_read.c.o
 .ARM.attributes
                0x000002cf       0x37 /home/test/zynq_psoracle/firmware/bsp/out/arm_common_gcc_close.c.o
 .ARM.attributes
                0x00000306       0x37 /home/test/zynq_psoracle/firmware/bsp/out/arm_common_gcc_fstat.c.o
 .ARM.attributes
                0x0000033d       0x37 /home/test/zynq_psoracle/firmware/bsp/out/arm_common_gcc_isatty.c.o
 .ARM.attributes
                0x00000374       0x37 /home/test/zynq_psoracle/firmware/bsp/out/arm_common_gcc_lseek.c.o
 .ARM.attributes
                0x000003ab       0x37 /home/test/zynq_psoracle/firmware/bsp/out/arm_common_gcc__exit.c.o
 .ARM.attributes
                0x000003e2       0x37 /home/test/zynq_psoracle/firmware/bsp/out/arm_common_gcc_errno.c.o
 .ARM.attributes
                0x00000419       0x37 /home/test/zynq_psoracle/firmware/bsp/out/arm_common_gcc_abort.c.o
 .ARM.attributes
                0x00000450       0x37 /home/test/zynq_psoracle/firmware/bsp/out/wd_xscuwdt.c.o
 .ARM.attributes
                0x00000487       0x37 /home/test/zynq_psoracle/firmware/bsp/out/wd_xscuwdt_g.c.o
 .ARM.attributes
                0x000004be       0x37 /home/test/zynq_psoracle/firmware/bsp/out/wd_xscuwdt_sinit.c.o
 .ARM.attributes
                0x000004f5       0x37 /home/test/zynq_psoracle/firmware/bsp/out/console.o
 .ARM.attributes
                0x0000052c       0x37 /home/test/zynq_psoracle/firmware/bsp/out/p3_app.c.o
 .ARM.attributes
                0x00000563       0x37 /home/test/zynq_psoracle/firmware/bsp/out/p3_derive.c.o
 .ARM.attributes
                0x0000059a       0x37 /home/test/zynq_psoracle/firmware/bsp/out/p3_search.c.o
 .ARM.attributes
                0x000005d1       0x37 /home/test/zynq_psoracle/firmware/bsp/out/p3_wire.c.o
 .ARM.attributes
                0x00000608       0x21 /home/test/zynq_psoracle/toolchain/xpack-arm-none-eabi-gcc-14.2.1-1.1/bin/../lib/gcc/arm-none-eabi/14.2.1/thumb/v7-a+fp/hard/libgcc.a(_udivsi3.o)
 .ARM.attributes
                0x00000629       0x21 /home/test/zynq_psoracle/toolchain/xpack-arm-none-eabi-gcc-14.2.1-1.1/bin/../lib/gcc/arm-none-eabi/14.2.1/thumb/v7-a+fp/hard/libgcc.a(_dvmd_tls.o)
 .ARM.attributes
                0x0000064a       0x33 /home/test/zynq_psoracle/toolchain/xpack-arm-none-eabi-gcc-14.2.1-1.1/bin/../lib/gcc/arm-none-eabi/14.2.1/../../../../arm-none-eabi/lib/thumb/v7-a+fp/hard/libc.a(libc_a-exit.o)
 .ARM.attributes
                0x0000067d       0x33 /home/test/zynq_psoracle/toolchain/xpack-arm-none-eabi-gcc-14.2.1-1.1/bin/../lib/gcc/arm-none-eabi/14.2.1/../../../../arm-none-eabi/lib/thumb/v7-a+fp/hard/libc.a(libc_a-strtoul.o)
 .ARM.attributes
                0x000006b0       0x33 /home/test/zynq_psoracle/toolchain/xpack-arm-none-eabi-gcc-14.2.1-1.1/bin/../lib/gcc/arm-none-eabi/14.2.1/../../../../arm-none-eabi/lib/thumb/v7-a+fp/hard/libc.a(libc_a-ctype_.o)
 .ARM.attributes
                0x000006e3       0x33 /home/test/zynq_psoracle/toolchain/xpack-arm-none-eabi-gcc-14.2.1-1.1/bin/../lib/gcc/arm-none-eabi/14.2.1/../../../../arm-none-eabi/lib/thumb/v7-a+fp/hard/libc.a(libc_a-findfp.o)
 .ARM.attributes
                0x00000716       0x33 /home/test/zynq_psoracle/toolchain/xpack-arm-none-eabi-gcc-14.2.1-1.1/bin/../lib/gcc/arm-none-eabi/14.2.1/../../../../arm-none-eabi/lib/thumb/v7-a+fp/hard/libc.a(libc_a-fwalk.o)
 .ARM.attributes
                0x00000749       0x33 /home/test/zynq_psoracle/toolchain/xpack-arm-none-eabi-gcc-14.2.1-1.1/bin/../lib/gcc/arm-none-eabi/14.2.1/../../../../arm-none-eabi/lib/thumb/v7-a+fp/hard/libc.a(libc_a-snprintf.o)
 .ARM.attributes
                0x0000077c       0x33 /home/test/zynq_psoracle/toolchain/xpack-arm-none-eabi-gcc-14.2.1-1.1/bin/../lib/gcc/arm-none-eabi/14.2.1/../../../../arm-none-eabi/lib/thumb/v7-a+fp/hard/libc.a(libc_a-stdio.o)
 .ARM.attributes
                0x000007af       0x33 /home/test/zynq_psoracle/toolchain/xpack-arm-none-eabi-gcc-14.2.1-1.1/bin/../lib/gcc/arm-none-eabi/14.2.1/../../../../arm-none-eabi/lib/thumb/v7-a+fp/hard/libc.a(libc_a-vsnprintf.o)
 .ARM.attributes
                0x000007e2       0x33 /home/test/zynq_psoracle/toolchain/xpack-arm-none-eabi-gcc-14.2.1-1.1/bin/../lib/gcc/arm-none-eabi/14.2.1/../../../../arm-none-eabi/lib/thumb/v7-a+fp/hard/libc.a(libc_a-memcmp.o)
 .ARM.attributes
                0x00000815       0x33 /home/test/zynq_psoracle/toolchain/xpack-arm-none-eabi-gcc-14.2.1-1.1/bin/../lib/gcc/arm-none-eabi/14.2.1/../../../../arm-none-eabi/lib/thumb/v7-a+fp/hard/libc.a(libc_a-memmove.o)
 .ARM.attributes
                0x00000848       0x33 /home/test/zynq_psoracle/toolchain/xpack-arm-none-eabi-gcc-14.2.1-1.1/bin/../lib/gcc/arm-none-eabi/14.2.1/../../../../arm-none-eabi/lib/thumb/v7-a+fp/hard/libc.a(libc_a-memset.o)
 .ARM.attributes
                0x0000087b       0x33 /home/test/zynq_psoracle/toolchain/xpack-arm-none-eabi-gcc-14.2.1-1.1/bin/../lib/gcc/arm-none-eabi/14.2.1/../../../../arm-none-eabi/lib/thumb/v7-a+fp/hard/libc.a(libc_a-strnlen.o)
 .ARM.attributes
                0x000008ae       0x33 /home/test/zynq_psoracle/toolchain/xpack-arm-none-eabi-gcc-14.2.1-1.1/bin/../lib/gcc/arm-none-eabi/14.2.1/../../../../arm-none-eabi/lib/thumb/v7-a+fp/hard/libc.a(libc_a-strrchr.o)
 .ARM.attributes
                0x000008e1       0x33 /home/test/zynq_psoracle/toolchain/xpack-arm-none-eabi-gcc-14.2.1-1.1/bin/../lib/gcc/arm-none-eabi/14.2.1/../../../../arm-none-eabi/lib/thumb/v7-a+fp/hard/libc.a(libc_a-strstr.o)
 .ARM.attributes
                0x00000914       0x33 /home/test/zynq_psoracle/toolchain/xpack-arm-none-eabi-gcc-14.2.1-1.1/bin/../lib/gcc/arm-none-eabi/14.2.1/../../../../arm-none-eabi/lib/thumb/v7-a+fp/hard/libc.a(libc_a-closer.o)
 .ARM.attributes
                0x00000947       0x33 /home/test/zynq_psoracle/toolchain/xpack-arm-none-eabi-gcc-14.2.1-1.1/bin/../lib/gcc/arm-none-eabi/14.2.1/../../../../arm-none-eabi/lib/thumb/v7-a+fp/hard/libc.a(libc_a-reent.o)
 .ARM.attributes
                0x0000097a       0x33 /home/test/zynq_psoracle/toolchain/xpack-arm-none-eabi-gcc-14.2.1-1.1/bin/../lib/gcc/arm-none-eabi/14.2.1/../../../../arm-none-eabi/lib/thumb/v7-a+fp/hard/libc.a(libc_a-impure.o)
 .ARM.attributes
                0x000009ad       0x33 /home/test/zynq_psoracle/toolchain/xpack-arm-none-eabi-gcc-14.2.1-1.1/bin/../lib/gcc/arm-none-eabi/14.2.1/../../../../arm-none-eabi/lib/thumb/v7-a+fp/hard/libc.a(libc_a-lseekr.o)
 .ARM.attributes
                0x000009e0       0x33 /home/test/zynq_psoracle/toolchain/xpack-arm-none-eabi-gcc-14.2.1-1.1/bin/../lib/gcc/arm-none-eabi/14.2.1/../../../../arm-none-eabi/lib/thumb/v7-a+fp/hard/libc.a(libc_a-readr.o)
 .ARM.attributes
                0x00000a13       0x33 /home/test/zynq_psoracle/toolchain/xpack-arm-none-eabi-gcc-14.2.1-1.1/bin/../lib/gcc/arm-none-eabi/14.2.1/../../../../arm-none-eabi/lib/thumb/v7-a+fp/hard/libc.a(libc_a-writer.o)
 .ARM.attributes
                0x00000a46       0x33 /home/test/zynq_psoracle/toolchain/xpack-arm-none-eabi-gcc-14.2.1-1.1/bin/../lib/gcc/arm-none-eabi/14.2.1/../../../../arm-none-eabi/lib/thumb/v7-a+fp/hard/libc.a(libc_a-init.o)
 .ARM.attributes
                0x00000a79       0x33 /home/test/zynq_psoracle/toolchain/xpack-arm-none-eabi-gcc-14.2.1-1.1/bin/../lib/gcc/arm-none-eabi/14.2.1/../../../../arm-none-eabi/lib/thumb/v7-a+fp/hard/libc.a(libc_a-fini.o)
 .ARM.attributes
                0x00000aac       0x33 /home/test/zynq_psoracle/toolchain/xpack-arm-none-eabi-gcc-14.2.1-1.1/bin/../lib/gcc/arm-none-eabi/14.2.1/../../../../arm-none-eabi/lib/thumb/v7-a+fp/hard/libc.a(libc_a-lock.o)
 .ARM.attributes
                0x00000adf       0x1f /home/test/zynq_psoracle/toolchain/xpack-arm-none-eabi-gcc-14.2.1-1.1/bin/../lib/gcc/arm-none-eabi/14.2.1/../../../../arm-none-eabi/lib/thumb/v7-a+fp/hard/libc.a(libc_a-strcmp.o)
 .ARM.attributes
                0x00000afe       0x1b /home/test/zynq_psoracle/toolchain/xpack-arm-none-eabi-gcc-14.2.1-1.1/bin/../lib/gcc/arm-none-eabi/14.2.1/../../../../arm-none-eabi/lib/thumb/v7-a+fp/hard/libc.a(libc_a-memcpy.o)
 .ARM.attributes
                0x00000b19       0x19 /home/test/zynq_psoracle/toolchain/xpack-arm-none-eabi-gcc-14.2.1-1.1/bin/../lib/gcc/arm-none-eabi/14.2.1/../../../../arm-none-eabi/lib/thumb/v7-a+fp/hard/libc.a(libc_a-strlen.o)
 .ARM.attributes
                0x00000b32       0x33 /home/test/zynq_psoracle/toolchain/xpack-arm-none-eabi-gcc-14.2.1-1.1/bin/../lib/gcc/arm-none-eabi/14.2.1/../../../../arm-none-eabi/lib/thumb/v7-a+fp/hard/libc.a(libc_a-__call_atexit.o)
 .ARM.attributes
                0x00000b65       0x33 /home/test/zynq_psoracle/toolchain/xpack-arm-none-eabi-gcc-14.2.1-1.1/bin/../lib/gcc/arm-none-eabi/14.2.1/../../../../arm-none-eabi/lib/thumb/v7-a+fp/hard/libc.a(libc_a-atexit.o)
 .ARM.attributes
                0x00000b98       0x33 /home/test/zynq_psoracle/toolchain/xpack-arm-none-eabi-gcc-14.2.1-1.1/bin/../lib/gcc/arm-none-eabi/14.2.1/../../../../arm-none-eabi/lib/thumb/v7-a+fp/hard/libc.a(libc_a-freer.o)
 .ARM.attributes
                0x00000bcb       0x33 /home/test/zynq_psoracle/toolchain/xpack-arm-none-eabi-gcc-14.2.1-1.1/bin/../lib/gcc/arm-none-eabi/14.2.1/../../../../arm-none-eabi/lib/thumb/v7-a+fp/hard/libc.a(libc_a-mallocr.o)
 .ARM.attributes
                0x00000bfe       0x33 /home/test/zynq_psoracle/toolchain/xpack-arm-none-eabi-gcc-14.2.1-1.1/bin/../lib/gcc/arm-none-eabi/14.2.1/../../../../arm-none-eabi/lib/thumb/v7-a+fp/hard/libc.a(libc_a-mlock.o)
 .ARM.attributes
                0x00000c31       0x33 /home/test/zynq_psoracle/toolchain/xpack-arm-none-eabi-gcc-14.2.1-1.1/bin/../lib/gcc/arm-none-eabi/14.2.1/../../../../arm-none-eabi/lib/thumb/v7-a+fp/hard/libc.a(libc_a-svfprintf.o)
 .ARM.attributes
                0x00000c64       0x33 /home/test/zynq_psoracle/toolchain/xpack-arm-none-eabi-gcc-14.2.1-1.1/bin/../lib/gcc/arm-none-eabi/14.2.1/../../../../arm-none-eabi/lib/thumb/v7-a+fp/hard/libc.a(libc_a-ssprint_r.o)
 .ARM.attributes
                0x00000c97       0x33 /home/test/zynq_psoracle/toolchain/xpack-arm-none-eabi-gcc-14.2.1-1.1/bin/../lib/gcc/arm-none-eabi/14.2.1/../../../../arm-none-eabi/lib/thumb/v7-a+fp/hard/libc.a(libc_a-fclose.o)
 .ARM.attributes
                0x00000cca       0x33 /home/test/zynq_psoracle/toolchain/xpack-arm-none-eabi-gcc-14.2.1-1.1/bin/../lib/gcc/arm-none-eabi/14.2.1/../../../../arm-none-eabi/lib/thumb/v7-a+fp/hard/libc.a(libc_a-fflush.o)
 .ARM.attributes
                0x00000cfd       0x33 /home/test/zynq_psoracle/toolchain/xpack-arm-none-eabi-gcc-14.2.1-1.1/bin/../lib/gcc/arm-none-eabi/14.2.1/../../../../arm-none-eabi/lib/thumb/v7-a+fp/hard/libc.a(libc_a-strchr.o)
 .ARM.attributes
                0x00000d30       0x33 /home/test/zynq_psoracle/toolchain/xpack-arm-none-eabi-gcc-14.2.1-1.1/bin/../lib/gcc/arm-none-eabi/14.2.1/../../../../arm-none-eabi/lib/thumb/v7-a+fp/hard/libc.a(libc_a-strncpy.o)
 .ARM.attributes
                0x00000d63       0x33 /home/test/zynq_psoracle/toolchain/xpack-arm-none-eabi-gcc-14.2.1-1.1/bin/../lib/gcc/arm-none-eabi/14.2.1/../../../../arm-none-eabi/lib/thumb/v7-a+fp/hard/libc.a(libc_a-locale.o)
 .ARM.attributes
                0x00000d96       0x33 /home/test/zynq_psoracle/toolchain/xpack-arm-none-eabi-gcc-14.2.1-1.1/bin/../lib/gcc/arm-none-eabi/14.2.1/../../../../arm-none-eabi/lib/thumb/v7-a+fp/hard/libc.a(libc_a-localeconv.o)
 .ARM.attributes
                0x00000dc9       0x33 /home/test/zynq_psoracle/toolchain/xpack-arm-none-eabi-gcc-14.2.1-1.1/bin/../lib/gcc/arm-none-eabi/14.2.1/../../../../arm-none-eabi/lib/thumb/v7-a+fp/hard/libc.a(libc_a-sbrkr.o)
 .ARM.attributes
                0x00000dfc       0x33 /home/test/zynq_psoracle/toolchain/xpack-arm-none-eabi-gcc-14.2.1-1.1/bin/../lib/gcc/arm-none-eabi/14.2.1/../../../../arm-none-eabi/lib/thumb/v7-a+fp/hard/libc.a(libc_a-sysconf.o)
 .ARM.attributes
                0x00000e2f       0x1b /home/test/zynq_psoracle/toolchain/xpack-arm-none-eabi-gcc-14.2.1-1.1/bin/../lib/gcc/arm-none-eabi/14.2.1/../../../../arm-none-eabi/lib/thumb/v7-a+fp/hard/libc.a(libc_a-memchr.o)
 .ARM.attributes
                0x00000e4a       0x33 /home/test/zynq_psoracle/toolchain/xpack-arm-none-eabi-gcc-14.2.1-1.1/bin/../lib/gcc/arm-none-eabi/14.2.1/../../../../arm-none-eabi/lib/thumb/v7-a+fp/hard/libc.a(libm_a-s_frexp.o)
 .ARM.attributes
                0x00000e7d       0x33 /home/test/zynq_psoracle/toolchain/xpack-arm-none-eabi-gcc-14.2.1-1.1/bin/../lib/gcc/arm-none-eabi/14.2.1/../../../../arm-none-eabi/lib/thumb/v7-a+fp/hard/libc.a(libc_a-__atexit.o)
 .ARM.attributes
                0x00000eb0       0x33 /home/test/zynq_psoracle/toolchain/xpack-arm-none-eabi-gcc-14.2.1-1.1/bin/../lib/gcc/arm-none-eabi/14.2.1/../../../../arm-none-eabi/lib/thumb/v7-a+fp/hard/libc.a(libc_a-dtoa.o)
 .ARM.attributes
                0x00000ee3       0x33 /home/test/zynq_psoracle/toolchain/xpack-arm-none-eabi-gcc-14.2.1-1.1/bin/../lib/gcc/arm-none-eabi/14.2.1/../../../../arm-none-eabi/lib/thumb/v7-a+fp/hard/libc.a(libc_a-mbtowc_r.o)
 .ARM.attributes
                0x00000f16       0x33 /home/test/zynq_psoracle/toolchain/xpack-arm-none-eabi-gcc-14.2.1-1.1/bin/../lib/gcc/arm-none-eabi/14.2.1/../../../../arm-none-eabi/lib/thumb/v7-a+fp/hard/libc.a(libc_a-mprec.o)
 .ARM.attributes
                0x00000f49       0x33 /home/test/zynq_psoracle/toolchain/xpack-arm-none-eabi-gcc-14.2.1-1.1/bin/../lib/gcc/arm-none-eabi/14.2.1/../../../../arm-none-eabi/lib/thumb/v7-a+fp/hard/libc.a(libc_a-wctomb_r.o)
 .ARM.attributes
                0x00000f7c       0x33 /home/test/zynq_psoracle/toolchain/xpack-arm-none-eabi-gcc-14.2.1-1.1/bin/../lib/gcc/arm-none-eabi/14.2.1/../../../../arm-none-eabi/lib/thumb/v7-a+fp/hard/libc.a(libc_a-wcrtomb.o)
 .ARM.attributes
                0x00000faf       0x33 /home/test/zynq_psoracle/toolchain/xpack-arm-none-eabi-gcc-14.2.1-1.1/bin/../lib/gcc/arm-none-eabi/14.2.1/../../../../arm-none-eabi/lib/thumb/v7-a+fp/hard/libc.a(libc_a-wcsrtombs.o)
 .ARM.attributes
                0x00000fe2       0x33 /home/test/zynq_psoracle/toolchain/xpack-arm-none-eabi-gcc-14.2.1-1.1/bin/../lib/gcc/arm-none-eabi/14.2.1/../../../../arm-none-eabi/lib/thumb/v7-a+fp/hard/libc.a(libc_a-ssputs_r.o)
 .ARM.attributes
                0x00001015       0x33 /home/test/zynq_psoracle/toolchain/xpack-arm-none-eabi-gcc-14.2.1-1.1/bin/../lib/gcc/arm-none-eabi/14.2.1/../../../../arm-none-eabi/lib/thumb/v7-a+fp/hard/libc.a(libc_a-assert.o)
 .ARM.attributes
                0x00001048       0x33 /home/test/zynq_psoracle/toolchain/xpack-arm-none-eabi-gcc-14.2.1-1.1/bin/../lib/gcc/arm-none-eabi/14.2.1/../../../../arm-none-eabi/lib/thumb/v7-a+fp/hard/libc.a(libc_a-callocr.o)
 .ARM.attributes
                0x0000107b       0x33 /home/test/zynq_psoracle/toolchain/xpack-arm-none-eabi-gcc-14.2.1-1.1/bin/../lib/gcc/arm-none-eabi/14.2.1/../../../../arm-none-eabi/lib/thumb/v7-a+fp/hard/libc.a(libc_a-reallocr.o)
 .ARM.attributes
                0x000010ae       0x33 /home/test/zynq_psoracle/toolchain/xpack-arm-none-eabi-gcc-14.2.1-1.1/bin/../lib/gcc/arm-none-eabi/14.2.1/../../../../arm-none-eabi/lib/thumb/v7-a+fp/hard/libc.a(libc_a-wcsnrtombs.o)
 .ARM.attributes
                0x000010e1       0x33 /home/test/zynq_psoracle/toolchain/xpack-arm-none-eabi-gcc-14.2.1-1.1/bin/../lib/gcc/arm-none-eabi/14.2.1/../../../../arm-none-eabi/lib/thumb/v7-a+fp/hard/libc.a(libc_a-fiprintf.o)
 .ARM.attributes
                0x00001114       0x33 /home/test/zynq_psoracle/toolchain/xpack-arm-none-eabi-gcc-14.2.1-1.1/bin/../lib/gcc/arm-none-eabi/14.2.1/../../../../arm-none-eabi/lib/thumb/v7-a+fp/hard/libc.a(libc_a-vfiprintf.o)
 .ARM.attributes
                0x00001147       0x33 /home/test/zynq_psoracle/toolchain/xpack-arm-none-eabi-gcc-14.2.1-1.1/bin/../lib/gcc/arm-none-eabi/14.2.1/../../../../arm-none-eabi/lib/thumb/v7-a+fp/hard/libc.a(libc_a-sprint_r.o)
 .ARM.attributes
                0x0000117a       0x33 /home/test/zynq_psoracle/toolchain/xpack-arm-none-eabi-gcc-14.2.1-1.1/bin/../lib/gcc/arm-none-eabi/14.2.1/../../../../arm-none-eabi/lib/thumb/v7-a+fp/hard/libc.a(libc_a-fvwrite.o)
 .ARM.attributes
                0x000011ad       0x33 /home/test/zynq_psoracle/toolchain/xpack-arm-none-eabi-gcc-14.2.1-1.1/bin/../lib/gcc/arm-none-eabi/14.2.1/../../../../arm-none-eabi/lib/thumb/v7-a+fp/hard/libc.a(libc_a-wsetup.o)
 .ARM.attributes
                0x000011e0       0x33 /home/test/zynq_psoracle/toolchain/xpack-arm-none-eabi-gcc-14.2.1-1.1/bin/../lib/gcc/arm-none-eabi/14.2.1/../../../../arm-none-eabi/lib/thumb/v7-a+fp/hard/libc.a(libc_a-makebuf.o)
 .ARM.attributes
                0x00001213       0x33 /home/test/zynq_psoracle/toolchain/xpack-arm-none-eabi-gcc-14.2.1-1.1/bin/../lib/gcc/arm-none-eabi/14.2.1/../../../../arm-none-eabi/lib/thumb/v7-a+fp/hard/libc.a(libc_a-fstatr.o)
 .ARM.attributes
                0x00001246       0x33 /home/test/zynq_psoracle/toolchain/xpack-arm-none-eabi-gcc-14.2.1-1.1/bin/../lib/gcc/arm-none-eabi/14.2.1/../../../../arm-none-eabi/lib/thumb/v7-a+fp/hard/libc.a(libc_a-isattyr.o)
 .ARM.attributes
                0x00001279       0x21 /home/test/zynq_psoracle/toolchain/xpack-arm-none-eabi-gcc-14.2.1-1.1/bin/../lib/gcc/arm-none-eabi/14.2.1/thumb/v7-a+fp/hard/libgcc.a(_divsi3.o)
 .ARM.attributes
                0x0000129a       0x21 /home/test/zynq_psoracle/toolchain/xpack-arm-none-eabi-gcc-14.2.1-1.1/bin/../lib/gcc/arm-none-eabi/14.2.1/thumb/v7-a+fp/hard/crtn.o

.comment        0x00000000       0x39
 .comment       0x00000000       0x39 /home/test/zynq_psoracle/toolchain/xpack-arm-none-eabi-gcc-14.2.1-1.1/bin/../lib/gcc/arm-none-eabi/14.2.1/thumb/v7-a+fp/hard/crtbegin.o
                                 0x3a (size before relaxing)
 .comment       0x00000039       0x3a /home/test/zynq_psoracle/firmware/bsp/out/arm_cortexa9_xil_cache.c.o
 .comment       0x00000039       0x3a /home/test/zynq_psoracle/firmware/bsp/out/arm_cortexa9_xil_mmu.c.o
 .comment       0x00000039       0x3a /home/test/zynq_psoracle/firmware/bsp/out/arm_cortexa9_xtime_l.c.o
 .comment       0x00000039       0x3a /home/test/zynq_psoracle/firmware/bsp/out/arm_common_vectors.c.o
 .comment       0x00000039       0x3a /home/test/zynq_psoracle/firmware/bsp/out/arm_common_xil_exception.c.o
 .comment       0x00000039       0x3a /home/test/zynq_psoracle/firmware/bsp/out/common_xil_assert.c.o
 .comment       0x00000039       0x3a /home/test/zynq_psoracle/firmware/bsp/out/arm_common_gcc__sbrk.c.o
 .comment       0x00000039       0x3a /home/test/zynq_psoracle/firmware/bsp/out/arm_common_gcc_write.c.o
 .comment       0x00000039       0x3a /home/test/zynq_psoracle/firmware/bsp/out/arm_common_gcc_read.c.o