Archive member included to satisfy reference by file (symbol)

/home/test/zynq_psoracle/toolchain/xpack-arm-none-eabi-gcc-14.2.1-1.1/bin/../lib/gcc/arm-none-eabi/14.2.1/thumb/v7-a+fp/hard/libgcc.a(_udivsi3.o)
                              /home/test/zynq_psoracle/firmware/bsp/out/arm_cortexa9_xil_cache.c.o (__aeabi_uidiv)
/home/test/zynq_psoracle/toolchain/xpack-arm-none-eabi-gcc-14.2.1-1.1/bin/../lib/gcc/arm-none-eabi/14.2.1/thumb/v7-a+fp/hard/libgcc.a(_dvmd_tls.o)
                              /home/test/zynq_psoracle/toolchain/xpack-arm-none-eabi-gcc-14.2.1-1.1/bin/../lib/gcc/arm-none-eabi/14.2.1/thumb/v7-a+fp/hard/libgcc.a(_udivsi3.o) (__aeabi_idiv0)
/home/test/zynq_psoracle/toolchain/xpack-arm-none-eabi-gcc-14.2.1-1.1/bin/../lib/gcc/arm-none-eabi/14.2.1/thumb/v7-a+fp/hard/libgcc.a(_aeabi_uldivmod.o)
                              /home/test/zynq_psoracle/firmware/bsp/out/common_xil_printf.c.o (__aeabi_uldivmod)
/home/test/zynq_psoracle/toolchain/xpack-arm-none-eabi-gcc-14.2.1-1.1/bin/../lib/gcc/arm-none-eabi/14.2.1/thumb/v7-a+fp/hard/libgcc.a(_udivmoddi4.o)
                              /home/test/zynq_psoracle/toolchain/xpack-arm-none-eabi-gcc-14.2.1-1.1/bin/../lib/gcc/arm-none-eabi/14.2.1/thumb/v7-a+fp/hard/libgcc.a(_aeabi_uldivmod.o) (__udivmoddi4)
/home/test/zynq_psoracle/toolchain/xpack-arm-none-eabi-gcc-14.2.1-1.1/bin/../lib/gcc/arm-none-eabi/14.2.1/../../../../arm-none-eabi/lib/thumb/v7-a+fp/hard/libc.a(libc_a-exit.o)
                              /home/test/zynq_psoracle/firmware/bsp/out/arm_cortexa9_gcc_xil-crt0.S.o (exit)
/home/test/zynq_psoracle/toolchain/xpack-arm-none-eabi-gcc-14.2.1-1.1/bin/../lib/gcc/arm-none-eabi/14.2.1/../../../../arm-none-eabi/lib/thumb/v7-a+fp/hard/libc.a(libc_a-strtoul.o)
                              /home/test/zynq_psoracle/firmware/bsp/out/p3_app.c.o (strtoul)
/home/test/zynq_psoracle/toolchain/xpack-arm-none-eabi-gcc-14.2.1-1.1/bin/../lib/gcc/arm-none-eabi/14.2.1/../../../../arm-none-eabi/lib/thumb/v7-a+fp/hard/libc.a(libc_a-ctype_.o)
                              /home/test/zynq_psoracle/firmware/bsp/out/common_xil_printf.c.o (_ctype_)
/home/test/zynq_psoracle/toolchain/xpack-arm-none-eabi-gcc-14.2.1-1.1/bin/../lib/gcc/arm-none-eabi/14.2.1/../../../../arm-none-eabi/lib/thumb/v7-a+fp/hard/libc.a(libc_a-findfp.o)
                              /home/test/zynq_psoracle/toolchain/xpack-arm-none-eabi-gcc-14.2.1-1.1/bin/../lib/gcc/arm-none-eabi/14.2.1/../../../../arm-none-eabi/lib/thumb/v7-a+fp/hard/libc.a(libc_a-exit.o) (__stdio_exit_handler)
/home/test/zynq_psoracle/toolchain/xpack-arm-none-eabi-gcc-14.2.1-1.1/bin/../lib/gcc/arm-none-eabi/14.2.1/../../../../arm-none-eabi/lib/thumb/v7-a+fp/hard/libc.a(libc_a-fwalk.o)
                              /home/test/zynq_psoracle/toolchain/xpack-arm-none-eabi-gcc-14.2.1-1.1/bin/../lib/gcc/arm-none-eabi/14.2.1/../../../../arm-none-eabi/lib/thumb/v7-a+fp/hard/libc.a(libc_a-findfp.o) (_fwalk_sglue)
/home/test/zynq_psoracle/toolchain/xpack-arm-none-eabi-gcc-14.2.1-1.1/bin/../lib/gcc/arm-none-eabi/14.2.1/../../../../arm-none-eabi/lib/thumb/v7-a+fp/hard/libc.a(libc_a-snprintf.o)
                              /home/test/zynq_psoracle/firmware/bsp/out/p3_app.c.o (snprintf)
/home/test/zynq_psoracle/toolchain/xpack-arm-none-eabi-gcc-14.2.1-1.1/bin/../lib/gcc/arm-none-eabi/14.2.1/../../../../arm-none-eabi/lib/thumb/v7-a+fp/hard/libc.a(libc_a-stdio.o)
                              /home/test/zynq_psoracle/toolchain/xpack-arm-none-eabi-gcc-14.2.1-1.1/bin/../lib/gcc/arm-none-eabi/14.2.1/../../../../arm-none-eabi/lib/thumb/v7-a+fp/hard/libc.a(libc_a-findfp.o) (__sread)
/home/test/zynq_psoracle/toolchain/xpack-arm-none-eabi-gcc-14.2.1-1.1/bin/../lib/gcc/arm-none-eabi/14.2.1/../../../../arm-none-eabi/lib/thumb/v7-a+fp/hard/libc.a(libc_a-memcmp.o)
                              /home/test/zynq_psoracle/firmware/bsp/out/common_xil_sutil.c.o (memcmp)
/home/test/zynq_psoracle/toolchain/xpack-arm-none-eabi-gcc-14.2.1-1.1/bin/../lib/gcc/arm-none-eabi/14.2.1/../../../../arm-none-eabi/lib/thumb/v7-a+fp/hard/libc.a(libc_a-memmove.o)
                              /home/test/zynq_psoracle/firmware/bsp/out/common_xil_sutil.c.o (memmove)
/home/test/zynq_psoracle/toolchain/xpack-arm-none-eabi-gcc-14.2.1-1.1/bin/../lib/gcc/arm-none-eabi/14.2.1/../../../../arm-none-eabi/lib/thumb/v7-a+fp/hard/libc.a(libc_a-memset.o)
                              /home/test/zynq_psoracle/firmware/bsp/out/common_xil_printf.c.o (memset)
/home/test/zynq_psoracle/toolchain/xpack-arm-none-eabi-gcc-14.2.1-1.1/bin/../lib/gcc/arm-none-eabi/14.2.1/../../../../arm-none-eabi/lib/thumb/v7-a+fp/hard/libc.a(libc_a-strncat.o)
                              /home/test/zynq_psoracle/firmware/bsp/out/common_xil_sutil.c.o (strncat)
/home/test/zynq_psoracle/toolchain/xpack-arm-none-eabi-gcc-14.2.1-1.1/bin/../lib/gcc/arm-none-eabi/14.2.1/../../../../arm-none-eabi/lib/thumb/v7-a+fp/hard/libc.a(libc_a-strnlen.o)
[...]
Memory Configuration

Name             Origin             Length             Attributes
ps7_ddr_0        0x02000000         0x0df00000
*default*        0x00000000         0xffffffff

Linker script and memory map

                0x00004000                        _STACK_SIZE = DEFINED (_STACK_SIZE)?_STACK_SIZE:0x4000
                0x00100000                        _HEAP_SIZE = DEFINED (_HEAP_SIZE)?_HEAP_SIZE:0x100000
                0x00000800                        _ABORT_STACK_SIZE = DEFINED (_ABORT_STACK_SIZE)?_ABORT_STACK_SIZE:0x800
                0x00001000                        _SUPERVISOR_STACK_SIZE = DEFINED (_SUPERVISOR_STACK_SIZE)?_SUPERVISOR_STACK_SIZE:0x1000
                0x00000800                        _IRQ_STACK_SIZE = DEFINED (_IRQ_STACK_SIZE)?_IRQ_STACK_SIZE:0x800
                0x00000800                        _FIQ_STACK_SIZE = DEFINED (_FIQ_STACK_SIZE)?_FIQ_STACK_SIZE:0x800
                0x00000800                        _UNDEF_STACK_SIZE = DEFINED (_UNDEF_STACK_SIZE)?_UNDEF_STACK_SIZE:0x800

.text           0x02000000     0xb504
 *(.vectors)
 .vectors       0x02000000       0xcc /home/test/zynq_psoracle/firmware/bsp/out/arm_cortexa9_gcc_asm_vectors.S.o
                0x02000000                _vector_table
 *(.boot)
 .boot          0x020000cc      0x38c /home/test/zynq_psoracle/firmware/bsp/out/arm_cortexa9_gcc_boot.S.o
                0x020000cc                _boot
                0x020000cc                _prestart
 *(.text)
 .text          0x02000458       0x3c /home/test/zynq_psoracle/firmware/bsp/out/arm_cortexa9_gcc_cpu_init.S.o
                0x02000458                __cpu_init
 .text          0x02000494       0x78 /home/test/zynq_psoracle/firmware/bsp/out/arm_cortexa9_gcc_xil-crt0.S.o
                0x020004a8                _start
 *fill*         0x0200050c        0x4 
 .text          0x02000510      0x278 /home/test/zynq_psoracle/toolchain/xpack-arm-none-eabi-gcc-14.2.1-1.1/bin/../lib/gcc/arm-none-eabi/14.2.1/thumb/v7-a+fp/hard/libgcc.a(_udivsi3.o)
                0x02000510                __udivsi3
                0x02000510                __aeabi_uidiv
                0x0200076c                __aeabi_uidivmod
 .text          0x02000788        0x4 /home/test/zynq_psoracle/toolchain/xpack-arm-none-eabi-gcc-14.2.1-1.1/bin/../lib/gcc/arm-none-eabi/14.2.1/thumb/v7-a+fp/hard/libgcc.a(_dvmd_tls.o)
                0x02000788                __aeabi_ldiv0
                0x02000788                __aeabi_idiv0
 *fill*         0x0200078c       0x14 
 .text          0x020007a0      0x2e0 /home/test/zynq_psoracle/toolchain/xpack-arm-none-eabi-gcc-14.2.1-1.1/bin/../lib/gcc/arm-none-eabi/14.2.1/../../../../arm-none-eabi/lib/thumb/v7-a+fp/hard/libc.a(libc_a-strcmp.o)
                0x020007a0                strcmp
 .text          0x02000a80      0x5e0 /home/test/zynq_psoracle/toolchain/xpack-arm-none-eabi-gcc-14.2.1-1.1/bin/../lib/gcc/arm-none-eabi/14.2.1/../../../../arm-none-eabi/lib/thumb/v7-a+fp/hard/libc.a(libc_a-memcpy.o)
                0x02000a80                memcpy
 *fill*         0x02001060       0x20 
 .text          0x02001080       0xd8 /home/test/zynq_psoracle/toolchain/xpack-arm-none-eabi-gcc-14.2.1-1.1/bin/../lib/gcc/arm-none-eabi/14.2.1/../../../../arm-none-eabi/lib/thumb/v7-a+fp/hard/libc.a(libc_a-strlen.o)
                0x02001080                strlen
 *fill*         0x02001158        0x8 
 .text          0x02001160       0xa0 /home/test/zynq_psoracle/toolchain/xpack-arm-none-eabi-gcc-14.2.1-1.1/bin/../lib/gcc/arm-none-eabi/14.2.1/../../../../arm-none-eabi/lib/thumb/v7-a+fp/hard/libc.a(libc_a-memchr.o)
                0x02001160                memchr
 .text          0x02001200      0x2b0 /home/test/zynq_psoracle/toolchain/xpack-arm-none-eabi-gcc-14.2.1-1.1/bin/../lib/gcc/arm-none-eabi/14.2.1/thumb/v7-a+fp/hard/libgcc.a(_divsi3.o)
                0x02001200                __aeabi_idiv
                0x02001200                __divsi3
                0x02001494                __aeabi_idivmod
 *(.text.*)
 .text.__do_global_dtors_aux
                0x020014b0       0x2c /home/test/zynq_psoracle/toolchain/xpack-arm-none-eabi-gcc-14.2.1-1.1/bin/../lib/gcc/arm-none-eabi/14.2.1/thumb/v7-a+fp/hard/crtbegin.o
 .text.frame_dummy
                0x020014dc       0x24 /home/test/zynq_psoracle/toolchain/xpack-arm-none-eabi-gcc-14.2.1-1.1/bin/../lib/gcc/arm-none-eabi/14.2.1/thumb/v7-a+fp/hard/crtbegin.o
 .text.Xil_L1DCacheFlush
                0x02001500       0x88 /home/test/zynq_psoracle/firmware/bsp/out/arm_cortexa9_xil_cache.c.o
                0x02001500                Xil_L1DCacheFlush
 .text.Xil_DCacheFlush
                0x02001588       0x1c /home/test/zynq_psoracle/firmware/bsp/out/arm_cortexa9_xil_cache.c.o
                0x02001588                Xil_DCacheFlush
 .text.Xil_SetTlbAttributes
                0x020015a4       0x38 /home/test/zynq_psoracle/firmware/bsp/out/arm_cortexa9_xil_mmu.c.o
                0x020015a4                Xil_SetTlbAttributes
 .text.XTime_SetTime
                0x020015dc       0x24 /home/test/zynq_psoracle/firmware/bsp/out/arm_cortexa9_xtime_l.c.o
                0x020015dc                XTime_SetTime
 .text.FIQInterrupt
                0x02001600       0x14 /home/test/zynq_psoracle/firmware/bsp/out/arm_common_vectors.c.o
                0x02001600                FIQInterrupt
 .text.IRQInterrupt
                0x02001614       0x14 /home/test/zynq_psoracle/firmware/bsp/out/arm_common_vectors.c.o
                0x02001614                IRQInterrupt
 .text.UndefinedException
                0x02001628       0x14 /home/test/zynq_psoracle/firmware/bsp/out/arm_common_vectors.c.o
                0x02001628                UndefinedException
 .text.SWInterrupt
                0x0200163c       0x14 /home/test/zynq_psoracle/firmware/bsp/out/arm_common_vectors.c.o
                0x0200163c                SWInterrupt
 .text.DataAbortInterrupt
                0x02001650       0x14 /home/test/zynq_psoracle/firmware/bsp/out/arm_common_vectors.c.o
                0x02001650                DataAbortInterrupt
 .text.PrefetchAbortInterrupt
                0x02001664       0x14 /home/test/zynq_psoracle/firmware/bsp/out/arm_common_vectors.c.o
                0x02001664                PrefetchAbortInterrupt
 .text.Xil_ExceptionNullHandler
                0x02001678        0x4 /home/test/zynq_psoracle/firmware/bsp/out/arm_common_xil_exception.c.o
 .text.Xil_DataAbortHandler
                0x0200167c        0x4 /home/test/zynq_psoracle/firmware/bsp/out/arm_common_xil_exception.c.o
 .text.Xil_PrefetchAbortHandler
                0x02001680        0x4 /home/test/zynq_psoracle/firmware/bsp/out/arm_common_xil_exception.c.o
 .text.Xil_UndefinedExceptionHandler
                0x02001684        0x4 /home/test/zynq_psoracle/firmware/bsp/out/arm_common_xil_exception.c.o
 .text.Xil_Assert
                0x02001688       0x34 /home/test/zynq_psoracle/firmware/bsp/out/common_xil_assert.c.o
                0x02001688                Xil_Assert
 .text._sbrk    0x020016bc       0x40 /home/test/zynq_psoracle/firmware/bsp/out/arm_common_gcc__sbrk.c.o
                0x020016bc                _sbrk
 .text._write   0x020016fc       0x5c /home/test/zynq_psoracle/firmware/bsp/out/arm_common_gcc_write.c.o
                0x020016fc                _write
 .text._read    0x02001758       0x44 /home/test/zynq_psoracle/firmware/bsp/out/arm_common_gcc_read.c.o
                0x02001758                _read
 .text._close   0x0200179c        0x8 /home/test/zynq_psoracle/firmware/bsp/out/arm_common_gcc_close.c.o
                0x0200179c                _close
 .text._fstat   0x020017a4       0x10 /home/test/zynq_psoracle/firmware/bsp/out/arm_common_gcc_fstat.c.o
                0x020017a4                _fstat
 .text._isatty  0x020017b4        0x8 /home/test/zynq_psoracle/firmware/bsp/out/arm_common_gcc_isatty.c.o
                0x020017b4                _isatty
 .text._lseek   0x020017bc       0x1c /home/test/zynq_psoracle/firmware/bsp/out/arm_common_gcc_lseek.c.o
                0x020017bc                _lseek
 .text._exit    0x020017d8        0x4 /home/test/zynq_psoracle/firmware/bsp/out/arm_common_gcc__exit.c.o
                0x020017d8                _exit
 .text.__errno  0x020017dc       0x10 /home/test/zynq_psoracle/firmware/bsp/out/arm_common_gcc_errno.c.o
                0x020017dc                __errno
 .text.unlikely.abort
                0x020017ec        0xc /home/test/zynq_psoracle/firmware/bsp/out/arm_common_gcc_abort.c.o
                0x020017ec                abort
 .text.XScuWdt_CfgInitialize
                0x020017f8       0xd8 /home/test/zynq_psoracle/firmware/bsp/out/wd_xscuwdt.c.o
                0x020017f8                XScuWdt_CfgInitialize
 .text.XScuWdt_Start
                0x020018d0       0x90 /home/test/zynq_psoracle/firmware/bsp/out/wd_xscuwdt.c.o
                0x020018d0                XScuWdt_Start
 .text.XScuWdt_LookupConfig
                0x02001960       0x1c /home/test/zynq_psoracle/firmware/bsp/out/wd_xscuwdt_sinit.c.o
                0x02001960                XScuWdt_LookupConfig
 .text.outbyte  0x0200197c       0x1c /home/test/zynq_psoracle/firmware/bsp/out/console.o
                0x0200197c                outbyte
 .text.inbyte   0x02001998       0x20 /home/test/zynq_psoracle/firmware/bsp/out/console.o
                0x02001998                inbyte
 .text.devcfg_dma
                0x020019b8      0x148 /home/test/zynq_psoracle/firmware/bsp/out/p3_app.c.o
 .text.link2_witness
                0x02001b00      0x1b0 /home/test/zynq_psoracle/firmware/bsp/out/p3_app.c.o
 .text.stage_streams.isra.0
                0x02001cb0       0x8c /home/test/zynq_psoracle/firmware/bsp/out/p3_app.c.o
 .text.send_frame.constprop.0
                0x02001d3c      0x100 /home/test/zynq_psoracle/firmware/bsp/out/p3_app.c.o
 .text.emit_summary
                0x02001e3c      0x104 /home/test/zynq_psoracle/firmware/bsp/out/p3_app.c.o
 .text.arm_attempt
                0x02001f40      0x264 /home/test/zynq_psoracle/firmware/bsp/out/p3_app.c.o
 .text.run_candidate
                0x020021a4      0xaa0 /home/test/zynq_psoracle/firmware/bsp/out/p3_app.c.o
 .text.startup.main
                0x02002c44      0x4f0 /home/test/zynq_psoracle/firmware/bsp/out/p3_app.c.o
                0x02002c44                main
 .text.sha256_block
                0x02003134      0x1e8 /home/test/zynq_psoracle/firmware/bsp/out/p3_derive.c.o
 .text.p3_sha256_init
                0x0200331c       0x30 /home/test/zynq_psoracle/firmware/bsp/out/p3_derive.c.o
                0x0200331c                p3_sha256_init
 .text.p3_sha256_update
                0x0200334c       0x9c /home/test/zynq_psoracle/firmware/bsp/out/p3_derive.c.o
                0x0200334c                p3_sha256_update
 .text.p3_sha256_final
                0x020033e8       0xec /home/test/zynq_psoracle/firmware/bsp/out/p3_derive.c.o
                0x020033e8                p3_sha256_final
 .text.p3_sha256_words
                0x020034d4       0x4c /home/test/zynq_psoracle/firmware/bsp/out/p3_derive.c.o
                0x020034d4                p3_sha256_words
 .text.p3_hex   0x02003520       0x54 /home/test/zynq_psoracle/firmware/bsp/out/p3_derive.c.o
                0x02003520                p3_hex
 .text.p3_crc32
                0x02003574       0x58 /home/test/zynq_psoracle/firmware/bsp/out/p3_derive.c.o
                0x02003574                p3_crc32
 .text.p3_frame_ecc
                0x020035cc       0xa8 /home/test/zynq_psoracle/firmware/bsp/out/p3_derive.c.o
                0x020035cc                p3_frame_ecc
 .text.p3_genome_to_hex
                0x02003674       0x5c /home/test/zynq_psoracle/firmware/bsp/out/p3_derive.c.o
                0x02003674                p3_genome_to_hex
 .text.p3_derive_frames
                0x020036d0       0xc0 /home/test/zynq_psoracle/firmware/bsp/out/p3_derive.c.o
                0x020036d0                p3_derive_frames
 .text.p3_build_stream
                0x02003790      0x178 /home/test/zynq_psoracle/firmware/bsp/out/p3_derive.c.o
                0x02003790                p3_build_stream
 .text.p3_parse_stream
                0x02003908      0x264 /home/test/zynq_psoracle/firmware/bsp/out/p3_derive.c.o
                0x02003908                p3_parse_stream
 .text.p3_frames_hash
                0x02003b6c      0x1e8 /home/test/zynq_psoracle/firmware/bsp/out/p3_derive.c.o
                0x02003b6c                p3_frames_hash
 .text.p3_build_readback_command
                0x02003d54       0x78 /home/test/zynq_psoracle/firmware/bsp/out/p3_derive.c.o
                0x02003d54                p3_build_readback_command
 .text.p3_build_cleanup_command
                0x02003dcc       0x28 /home/test/zynq_psoracle/firmware/bsp/out/p3_derive.c.o
                0x02003dcc                p3_build_cleanup_command
 .text.p3_nonce_step
                0x02003df4       0x34 /home/test/zynq_psoracle/firmware/bsp/out/p3_derive.c.o
                0x02003df4                p3_nonce_step
 .text.p3_base64url
                0x02003e28      0x160 /home/test/zynq_psoracle/firmware/bsp/out/p3_derive.c.o
                0x02003e28                p3_base64url
 .text.p3_base64url_decode
                0x02003f88      0x190 /home/test/zynq_psoracle/firmware/bsp/out/p3_derive.c.o
                0x02003f88                p3_base64url_decode
 .text.p3_parse_identity_page
                0x02004118      0x158 /home/test/zynq_psoracle/firmware/bsp/out/p3_derive.c.o
                0x02004118                p3_parse_identity_page
 .text.p3_search_next
                0x02004270       0x68 /home/test/zynq_psoracle/firmware/bsp/out/p3_search.c.o
                0x02004270                p3_search_next
 .text.exit     0x020042d8       0x20 /home/test/zynq_psoracle/toolchain/xpack-arm-none-eabi-gcc-14.2.1-1.1/bin/../lib/gcc/arm-none-eabi/14.2.1/../../../../arm-none-eabi/lib/thumb/v7-a+fp/hard/libc.a(libc_a-exit.o)
                0x020042d8                exit
 .text._strtoul_l.isra.0
                0x020042f8      0x148 /home/test/zynq_psoracle/toolchain/xpack-arm-none-eabi-gcc-14.2.1-1.1/bin/../lib/gcc/arm-none-eabi/14.2.1/../../../../arm-none-eabi/lib/thumb/v7-a+fp/hard/libc.a(libc_a-strtoul.o)
 .text.strtoul  0x02004440       0x20 /home/test/zynq_psoracle/toolchain/xpack-arm-none-eabi-gcc-14.2.1-1.1/bin/../lib/gcc/arm-none-eabi/14.2.1/../../../../arm-none-eabi/lib/thumb/v7-a+fp/hard/libc.a(libc_a-strtoul.o)
                0x02004440                strtoul
 .text.stdio_exit_handler
                0x02004460       0x1c /home/test/zynq_psoracle/toolchain/xpack-arm-none-eabi-gcc-14.2.1-1.1/bin/../lib/gcc/arm-none-eabi/14.2.1/../../../../arm-none-eabi/lib/thumb/v7-a+fp/hard/libc.a(libc_a-findfp.o)
 .text.cleanup_stdio
                0x0200447c       0x40 /home/test/zynq_psoracle/toolchain/xpack-arm-none-eabi-gcc-14.2.1-1.1/bin/../lib/gcc/arm-none-eabi/14.2.1/../../../../arm-none-eabi/lib/thumb/v7-a+fp/hard/libc.a(libc_a-findfp.o)
 .text.global_stdio_init.part.0
                0x020044bc       0xf8 /home/test/zynq_psoracle/toolchain/xpack-arm-none-eabi-gcc-14.2.1-1.1/bin/../lib/gcc/arm-none-eabi/14.2.1/../../../../arm-none-eabi/lib/thumb/v7-a+fp/hard/libc.a(libc_a-findfp.o)
 .text.__sinit  0x020045b4       0x50 /home/test/zynq_psoracle/toolchain/xpack-arm-none-eabi-gcc-14.2.1-1.1/bin/../lib/gcc/arm-none-eabi/14.2.1/../../../../arm-none-eabi/lib/thumb/v7-a+fp/hard/libc.a(libc_a-findfp.o)
                0x020045b4                __sinit
 .text.__sfp_lock_acquire
                0x02004604        0xc /home/test/zynq_psoracle/toolchain/xpack-arm-none-eabi-gcc-14.2.1-1.1/bin/../lib/gcc/arm-none-eabi/14.2.1/../../../../arm-none-eabi/lib/thumb/v7-a+fp/hard/libc.a(libc_a-findfp.o)
                0x02004604                __sfp_lock_acquire
 .text.__sfp_lock_release
                0x02004610        0xc /home/test/zynq_psoracle/toolchain/xpack-arm-none-eabi-gcc-14.2.1-1.1/bin/../lib/gcc/arm-none-eabi/14.2.1/../../../../arm-none-eabi/lib/thumb/v7-a+fp/hard/libc.a(libc_a-findfp.o)
                0x02004610                __sfp_lock_release
 .text._fwalk_sglue
                0x0200461c       0x44 /home/test/zynq_psoracle/toolchain/xpack-arm-none-eabi-gcc-14.2.1-1.1/bin/../lib/gcc/arm-none-eabi/14.2.1/../../../../arm-none-eabi/lib/thumb/v7-a+fp/hard/libc.a(libc_a-fwalk.o)
                0x0200461c                _fwalk_sglue
 .text.snprintf
                0x02004660       0x94 /home/test/zynq_psoracle/toolchain/xpack-arm-none-eabi-gcc-14.2.1-1.1/bin/../lib/gcc/arm-none-eabi/14.2.1/../../../../arm-none-eabi/lib/thumb/v7-a+fp/hard/libc.a(libc_a-snprintf.o)
                0x02004660                snprintf
 .text.__sread  0x020046f4       0x24 /home/test/zynq_psoracle/toolchain/xpack-arm-none-eabi-gcc-14.2.1-1.1/bin/../lib/gcc/arm-none-eabi/14.2.1/../../../../arm-none-eabi/lib/thumb/v7-a+fp/hard/libc.a(libc_a-stdio.o)
                0x020046f4                __sread
 .text.__swrite
                0x02004718       0x40 /home/test/zynq_psoracle/toolchain/xpack-arm-none-eabi-gcc-14.2.1-1.1/bin/../lib/gcc/arm-none-eabi/14.2.1/../../../../arm-none-eabi/lib/thumb/v7-a+fp/hard/libc.a(libc_a-stdio.o)
                0x02004718                __swrite
 .text.__sseek  0x02004758       0x24 /home/test/zynq_psoracle/toolchain/xpack-arm-none-eabi-gcc-14.2.1-1.1/bin/../lib/gcc/arm-none-eabi/14.2.1/../../../../arm-none-eabi/lib/thumb/v7-a+fp/hard/libc.a(libc_a-stdio.o)
                0x02004758                __sseek
 .text.__sclose
                0x0200477c        0x8 /home/test/zynq_psoracle/toolchain/xpack-arm-none-eabi-gcc-14.2.1-1.1/bin/../lib/gcc/arm-none-eabi/14.2.1/../../../../arm-none-eabi/lib/thumb/v7-a+fp/hard/libc.a(libc_a-stdio.o)
                0x0200477c                __sclose
 .text.memcmp   0x02004784       0x5c /home/test/zynq_psoracle/toolchain/xpack-arm-none-eabi-gcc-14.2.1-1.1/bin/../lib/gcc/arm-none-eabi/14.2.1/../../../../arm-none-eabi/lib/thumb/v7-a+fp/hard/libc.a(libc_a-memcmp.o)
                0x02004784                memcmp
 .text.memmove  0x020047e0       0xfc /home/test/zynq_psoracle/toolchain/xpack-arm-none-eabi-gcc-14.2.1-1.1/bin/../lib/gcc/arm-none-eabi/14.2.1/../../../../arm-none-eabi/lib/thumb/v7-a+fp/hard/libc.a(libc_a-memmove.o)
                0x020047e0                memmove
 .text.memset   0x020048dc       0x9c /home/test/zynq_psoracle/toolchain/xpack-arm-none-eabi-gcc-14.2.1-1.1/bin/../lib/gcc/arm-none-eabi/14.2.1/../../../../arm-none-eabi/lib/thumb/v7-a+fp/hard/libc.a(libc_a-memset.o)
                0x020048dc                memset
 .text.strnlen  0x02004978       0x30 /home/test/zynq_psoracle/toolchain/xpack-arm-none-eabi-gcc-14.2.1-1.1/bin/../lib/gcc/arm-none-eabi/14.2.1/../../../../arm-none-eabi/lib/thumb/v7-a+fp/hard/libc.a(libc_a-strnlen.o)
                0x02004978                strnlen
 .text.strrchr  0x020049a8       0x30 /home/test/zynq_psoracle/toolchain/xpack-arm-none-eabi-gcc-14.2.1-1.1/bin/../lib/gcc/arm-none-eabi/14.2.1/../../../../arm-none-eabi/lib/thumb/v7-a+fp/hard/libc.a(libc_a-strrchr.o)
                0x020049a8                strrchr
 .text.critical_factorization
                0x020049d8       0xc8 /home/test/zynq_psoracle/toolchain/xpack-arm-none-eabi-gcc-14.2.1-1.1/bin/../lib/gcc/arm-none-eabi/14.2.1/../../../../arm-none-eabi/lib/thumb/v7-a+fp/hard/libc.a(libc_a-strstr.o)
 .text.two_way_long_needle
                0x02004aa0      0x20c /home/test/zynq_psoracle/toolchain/xpack-arm-none-eabi-gcc-14.2.1-1.1/bin/../lib/gcc/arm-none-eabi/14.2.1/../../../../arm-none-eabi/lib/thumb/v7-a+fp/hard/libc.a(libc_a-strstr.o)
 .text.strstr   0x02004cac      0x168 /home/test/zynq_psoracle/toolchain/xpack-arm-none-eabi-gcc-14.2.1-1.1/bin/../lib/gcc/arm-none-eabi/14.2.1/../../../../arm-none-eabi/lib/thumb/v7-a+fp/hard/libc.a(libc_a-strstr.o)
                0x02004cac                strstr
 .text._close_r
                0x02004e14       0x28 /home/test/zynq_psoracle/toolchain/xpack-arm-none-eabi-gcc-14.2.1-1.1/bin/../lib/gcc/arm-none-eabi/14.2.1/../../../../arm-none-eabi/lib/thumb/v7-a+fp/hard/libc.a(libc_a-closer.o)
                0x02004e14                _close_r
 .text._lseek_r
                0x02004e3c       0x30 /home/test/zynq_psoracle/toolchain/xpack-arm-none-eabi-gcc-14.2.1-1.1/bin/../lib/gcc/arm-none-eabi/14.2.1/../../../../arm-none-eabi/lib/thumb/v7-a+fp/hard/libc.a(libc_a-lseekr.o)
                0x02004e3c                _lseek_r
 .text._read_r  0x02004e6c       0x30 /home/test/zynq_psoracle/toolchain/xpack-arm-none-eabi-gcc-14.2.1-1.1/bin/../lib/gcc/arm-none-eabi/14.2.1/../../../../arm-none-eabi/lib/thumb/v7-a+fp/hard/libc.a(libc_a-readr.o)
                0x02004e6c                _read_r
 .text._write_r
                0x02004e9c       0x30 /home/test/zynq_psoracle/toolchain/xpack-arm-none-eabi-gcc-14.2.1-1.1/bin/../lib/gcc/arm-none-eabi/14.2.1/../../../../arm-none-eabi/lib/thumb/v7-a+fp/hard/libc.a(libc_a-writer.o)
                0x02004e9c                _write_r
 .text.__libc_init_array
                0x02004ecc       0x58 /home/test/zynq_psoracle/toolchain/xpack-arm-none-eabi-gcc-14.2.1-1.1/bin/../lib/gcc/arm-none-eabi/14.2.1/../../../../arm-none-eabi/lib/thumb/v7-a+fp/hard/libc.a(libc_a-init.o)
                0x02004ecc                __libc_init_array
 .text.__libc_fini_array
                0x02004f24       0x2c /home/test/zynq_psoracle/toolchain/xpack-arm-none-eabi-gcc-14.2.1-1.1/bin/../lib/gcc/arm-none-eabi/14.2.1/../../../../arm-none-eabi/lib/thumb/v7-a+fp/hard/libc.a(libc_a-fini.o)
                0x02004f24                __libc_fini_array
 .text.__retarget_lock_init_recursive
                0x02004f50        0x4 /home/test/zynq_psoracle/toolchain/xpack-arm-none-eabi-gcc-14.2.1-1.1/bin/../lib/gcc/arm-none-eabi/14.2.1/../../../../arm-none-eabi/lib/thumb/v7-a+fp/hard/libc.a(libc_a-lock.o)
                0x02004f50                __retarget_lock_init_recursive
 .text.__retarget_lock_close_recursive
                0x02004f54        0x4 /home/test/zynq_psoracle/toolchain/xpack-arm-none-eabi-gcc-14.2.1-1.1/bin/../lib/gcc/arm-none-eabi/14.2.1/../../../../arm-none-eabi/lib/thumb/v7-a+fp/hard/libc.a(libc_a-lock.o)
                0x02004f54                __retarget_lock_close_recursive
 .text.__retarget_lock_acquire_recursive
                0x02004f58        0x4 /home/test/zynq_psoracle/toolchain/xpack-arm-none-eabi-gcc-14.2.1-1.1/bin/../lib/gcc/arm-none-eabi/14.2.1/../../../../arm-none-eabi/lib/thumb/v7-a+fp/hard/libc.a(libc_a-lock.o)
                0x02004f58                __retarget_lock_acquire_recursive
 .text.__retarget_lock_release_recursive
                0x02004f5c        0x4 /home/test/zynq_psoracle/toolchain/xpack-arm-none-eabi-gcc-14.2.1-1.1/bin/../lib/gcc/arm-none-eabi/14.2.1/../../../../arm-none-eabi/lib/thumb/v7-a+fp/hard/libc.a(libc_a-lock.o)
                0x02004f5c                __retarget_lock_release_recursive
 .text.startup.register_fini
                0x02004f60       0x18 /home/test/zynq_psoracle/toolchain/xpack-arm-none-eabi-gcc-14.2.1-1.1/bin/../lib/gcc/arm-none-eabi/14.2.1/../../../../arm-none-eabi/lib/thumb/v7-a+fp/hard/libc.a(libc_a-__call_atexit.o)
 .text.__call_exitprocs
                0x02004f78       0xd0 /home/test/zynq_psoracle/toolchain/xpack-arm-none-eabi-gcc-14.2.1-1.1/bin/../lib/gcc/arm-none-eabi/14.2.1/../../../../arm-none-eabi/lib/thumb/v7-a+fp/hard/libc.a(libc_a-__call_atexit.o)
                0x02004f78                __call_exitprocs
 .text.atexit   0x02005048        0xc /home/test/zynq_psoracle/toolchain/xpack-arm-none-eabi-gcc-14.2.1-1.1/bin/../lib/gcc/arm-none-eabi/14.2.1/../../../../arm-none-eabi/lib/thumb/v7-a+fp/hard/libc.a(libc_a-atexit.o)
                0x02005048                atexit
 .text._malloc_trim_r
                0x02005054       0xc0 /home/test/zynq_psoracle/toolchain/xpack-arm-none-eabi-gcc-14.2.1-1.1/bin/../lib/gcc/arm-none-eabi/14.2.1/../../../../arm-none-eabi/lib/thumb/v7-a+fp/hard/libc.a(libc_a-freer.o)
                0x02005054                _malloc_trim_r
 .text._free_r  0x02005114      0x200 /home/test/zynq_psoracle/toolchain/xpack-arm-none-eabi-gcc-14.2.1-1.1/bin/../lib/gcc/arm-none-eabi/14.2.1/../../../../arm-none-eabi/lib/thumb/v7-a+fp/hard/libc.a(libc_a-freer.o)
                0x02005114                _free_r
 .text._malloc_r
                0x02005314      0x5c4 /home/test/zynq_psoracle/toolchain/xpack-arm-none-eabi-gcc-14.2.1-1.1/bin/../lib/gcc/arm-none-eabi/14.2.1/../../../../arm-none-eabi/lib/thumb/v7-a+fp/hard/libc.a(libc_a-mallocr.o)
                0x02005314                _malloc_r
 .text.__malloc_lock
                0x020058d8        0xc /home/test/zynq_psoracle/toolchain/xpack-arm-none-eabi-gcc-14.2.1-1.1/bin/../lib/gcc/arm-none-eabi/14.2.1/../../../../arm-none-eabi/lib/thumb/v7-a+fp/hard/libc.a(libc_a-mlock.o)
                0x020058d8                __malloc_lock
 .text.__malloc_unlock
                0x020058e4        0xc /home/test/zynq_psoracle/toolchain/xpack-arm-none-eabi-gcc-14.2.1-1.1/bin/../lib/gcc/arm-none-eabi/14.2.1/../../../../arm-none-eabi/lib/thumb/v7-a+fp/hard/libc.a(libc_a-mlock.o)
                0x020058e4                __malloc_unlock
 .text._svfprintf_r
                0x020058f0     0x2190 /home/test/zynq_psoracle/toolchain/xpack-arm-none-eabi-gcc-14.2.1-1.1/bin/../lib/gcc/arm-none-eabi/14.2.1/../../../../arm-none-eabi/lib/thumb/v7-a+fp/hard/libc.a(libc_a-svfprintf.o)
                0x020058f0                _svfprintf_r
 .text.__ssprint_r
                0x02007a80       0x58 /home/test/zynq_psoracle/toolchain/xpack-arm-none-eabi-gcc-14.2.1-1.1/bin/../lib/gcc/arm-none-eabi/14.2.1/../../../../arm-none-eabi/lib/thumb/v7-a+fp/hard/libc.a(libc_a-ssprint_r.o)
                0x02007a80                __ssprint_r
 .text._fclose_r
                0x02007ad8       0xc0 /home/test/zynq_psoracle/toolchain/xpack-arm-none-eabi-gcc-14.2.1-1.1/bin/../lib/gcc/arm-none-eabi/14.2.1/../../../../arm-none-eabi/lib/thumb/v7-a+fp/hard/libc.a(libc_a-fclose.o)
                0x02007ad8                _fclose_r
 .text.__sflush_r
                0x02007b98      0x138 /home/test/zynq_psoracle/toolchain/xpack-arm-none-eabi-gcc-14.2.1-1.1/bin/../lib/gcc/arm-none-eabi/14.2.1/../../../../arm-none-eabi/lib/thumb/v7-a+fp/hard/libc.a(libc_a-fflush.o)
                0x02007b98                __sflush_r
 .text._fflush_r
                0x02007cd0       0x54 /home/test/zynq_psoracle/toolchain/xpack-arm-none-eabi-gcc-14.2.1-1.1/bin/../lib/gcc/arm-none-eabi/14.2.1/../../../../arm-none-eabi/lib/thumb/v7-a+fp/hard/libc.a(libc_a-fflush.o)
                0x02007cd0                _fflush_r
 .text.strchr   0x02007d24       0xd0 /home/test/zynq_psoracle/toolchain/xpack-arm-none-eabi-gcc-14.2.1-1.1/bin/../lib/gcc/arm-none-eabi/14.2.1/../../../../arm-none-eabi/lib/thumb/v7-a+fp/hard/libc.a(libc_a-strchr.o)
                0x02007d24                strchr
 .text.strncpy  0x02007df4       0x74 /home/test/zynq_psoracle/toolchain/xpack-arm-none-eabi-gcc-14.2.1-1.1/bin/../lib/gcc/arm-none-eabi/14.2.1/../../../../arm-none-eabi/lib/thumb/v7-a+fp/hard/libc.a(libc_a-strncpy.o)
                0x02007df4                strncpy
 .text.__locale_mb_cur_max
                0x02007e68       0x10 /home/test/zynq_psoracle/toolchain/xpack-arm-none-eabi-gcc-14.2.1-1.1/bin/../lib/gcc/arm-none-eabi/14.2.1/../../../../arm-none-eabi/lib/thumb/v7-a+fp/hard/libc.a(libc_a-locale.o)
                0x02007e68                __locale_mb_cur_max
 .text._localeconv_r
                0x02007e78        0x8 /home/test/zynq_psoracle/toolchain/xpack-arm-none-eabi-gcc-14.2.1-1.1/bin/../lib/gcc/arm-none-eabi/14.2.1/../../../../arm-none-eabi/lib/thumb/v7-a+fp/hard/libc.a(libc_a-localeconv.o)
                0x02007e78                _localeconv_r
 .text._sbrk_r  0x02007e80       0x28 /home/test/zynq_psoracle/toolchain/xpack-arm-none-eabi-gcc-14.2.1-1.1/bin/../lib/gcc/arm-none-eabi/14.2.1/../../../../arm-none-eabi/lib/thumb/v7-a+fp/hard/libc.a(libc_a-sbrkr.o)
                0x02007e80                _sbrk_r
 .text.sysconf  0x02007ea8       0x1c /home/test/zynq_psoracle/toolchain/xpack-arm-none-eabi-gcc-14.2.1-1.1/bin/../lib/gcc/arm-none-eabi/14.2.1/../../../../arm-none-eabi/lib/thumb/v7-a+fp/hard/libc.a(libc_a-sysconf.o)
                0x02007ea8                sysconf
 *fill*         0x02007ec4        0x4 
 .text.frexp    0x02007ec8       0x78 /home/test/zynq_psoracle/toolchain/xpack-arm-none-eabi-gcc-14.2.1-1.1/bin/../lib/gcc/arm-none-eabi/14.2.1/../../../../arm-none-eabi/lib/thumb/v7-a+fp/hard/libc.a(libm_a-s_frexp.o)
                0x02007ec8                frexp
 .text.__register_exitproc
                0x02007f40       0x88 /home/test/zynq_psoracle/toolchain/xpack-arm-none-eabi-gcc-14.2.1-1.1/bin/../lib/gcc/arm-none-eabi/14.2.1/../../../../arm-none-eabi/lib/thumb/v7-a+fp/hard/libc.a(libc_a-__atexit.o)
                0x02007f40                __register_exitproc
 .text.quorem   0x02007fc8      0x138 /home/test/zynq_psoracle/toolchain/xpack-arm-none-eabi-gcc-14.2.1-1.1/bin/../lib/gcc/arm-none-eabi/14.2.1/../../../../arm-none-eabi/lib/thumb/v7-a+fp/hard/libc.a(libc_a-dtoa.o)
 .text._dtoa_r  0x02008100      0xdac /home/test/zynq_psoracle/toolchain/xpack-arm-none-eabi-gcc-14.2.1-1.1/bin/../lib/gcc/arm-none-eabi/14.2.1/../../../../arm-none-eabi/lib/thumb/v7-a+fp/hard/libc.a(libc_a-dtoa.o)
                0x02008100                _dtoa_r
 .text.__ascii_mbtowc
                0x02008eac       0x24 /home/test/zynq_psoracle/toolchain/xpack-arm-none-eabi-gcc-14.2.1-1.1/bin/../lib/gcc/arm-none-eabi/14.2.1/../../../../arm-none-eabi/lib/thumb/v7-a+fp/hard/libc.a(libc_a-mbtowc_r.o)
                0x02008eac                __ascii_mbtowc
 .text._Balloc  0x02008ed0       0x4c /home/test/zynq_psoracle/toolchain/xpack-arm-none-eabi-gcc-14.2.1-1.1/bin/../lib/gcc/arm-none-eabi/14.2.1/../../../../arm-none-eabi/lib/thumb/v7-a+fp/hard/libc.a(libc_a-mprec.o)
                0x02008ed0                _Balloc
 .text._Bfree   0x02008f1c       0x14 /home/test/zynq_psoracle/toolchain/xpack-arm-none-eabi-gcc-14.2.1-1.1/bin/../lib/gcc/arm-none-eabi/14.2.1/../../../../arm-none-eabi/lib/thumb/v7-a+fp/hard/libc.a(libc_a-mprec.o)
                0x02008f1c                _Bfree
 .text.__multadd
                0x02008f30       0xa8 /home/test/zynq_psoracle/toolchain/xpack-arm-none-eabi-gcc-14.2.1-1.1/bin/../lib/gcc/arm-none-eabi/14.2.1/../../../../arm-none-eabi/lib/thumb/v7-a+fp/hard/libc.a(libc_a-mprec.o)
                0x02008f30                __multadd
 .text.__hi0bits
                0x02008fd8       0x54 /home/test/zynq_psoracle/toolchain/xpack-arm-none-eabi-gcc-14.2.1-1.1/bin/../lib/gcc/arm-none-eabi/14.2.1/../../../../arm-none-eabi/lib/thumb/v7-a+fp/hard/libc.a(libc_a-mprec.o)
                0x02008fd8                __hi0bits
 .text.__lo0bits
                0x0200902c       0x80 /home/test/zynq_psoracle/toolchain/xpack-arm-none-eabi-gcc-14.2.1-1.1/bin/../lib/gcc/arm-none-eabi/14.2.1/../../../../arm-none-eabi/lib/thumb/v7-a+fp/hard/libc.a(libc_a-mprec.o)
                0x0200902c                __lo0bits
 .text.__i2b    0x020090ac       0x60 /home/test/zynq_psoracle/toolchain/xpack-arm-none-eabi-gcc-14.2.1-1.1/bin/../lib/gcc/arm-none-eabi/14.2.1/../../../../arm-none-eabi/lib/thumb/v7-a+fp/hard/libc.a(libc_a-mprec.o)
                0x020090ac                __i2b
 .text.__multiply
                0x0200910c      0x174 /home/test/zynq_psoracle/toolchain/xpack-arm-none-eabi-gcc-14.2.1-1.1/bin/../lib/gcc/arm-none-eabi/14.2.1/../../../../arm-none-eabi/lib/thumb/v7-a+fp/hard/libc.a(libc_a-mprec.o)
                0x0200910c                __multiply
 .text.__pow5mult
                0x02009280       0xc8 /home/test/zynq_psoracle/toolchain/xpack-arm-none-eabi-gcc-14.2.1-1.1/bin/../lib/gcc/arm-none-eabi/14.2.1/../../../../arm-none-eabi/lib/thumb/v7-a+fp/hard/libc.a(libc_a-mprec.o)
                0x02009280                __pow5mult
 .text.__lshift
                0x02009348       0xe8 /home/test/zynq_psoracle/toolchain/xpack-arm-none-eabi-gcc-14.2.1-1.1/bin/../lib/gcc/arm-none-eabi/14.2.1/../../../../arm-none-eabi/lib/thumb/v7-a+fp/hard/libc.a(libc_a-mprec.o)
                0x02009348                __lshift
 .text.__mcmp   0x02009430       0x40 /home/test/zynq_psoracle/toolchain/xpack-arm-none-eabi-gcc-14.2.1-1.1/bin/../lib/gcc/arm-none-eabi/14.2.1/../../../../arm-none-eabi/lib/thumb/v7-a+fp/hard/libc.a(libc_a-mprec.o)
                0x02009430                __mcmp
 .text.__mdiff  0x02009470      0x180 /home/test/zynq_psoracle/toolchain/xpack-arm-none-eabi-gcc-14.2.1-1.1/bin/../lib/gcc/arm-none-eabi/14.2.1/../../../../arm-none-eabi/lib/thumb/v7-a+fp/hard/libc.a(libc_a-mprec.o)
                0x02009470                __mdiff
 .text.__d2b    0x020095f0       0xc0 /home/test/zynq_psoracle/toolchain/xpack-arm-none-eabi-gcc-14.2.1-1.1/bin/../lib/gcc/arm-none-eabi/14.2.1/../../../../arm-none-eabi/lib/thumb/v7-a+fp/hard/libc.a(libc_a-mprec.o)
                0x020095f0                __d2b
 .text.__ascii_wctomb
                0x020096b0       0x1c /home/test/zynq_psoracle/toolchain/xpack-arm-none-eabi-gcc-14.2.1-1.1/bin/../lib/gcc/arm-none-eabi/14.2.1/../../../../arm-none-eabi/lib/thumb/v7-a+fp/hard/libc.a(libc_a-wctomb_r.o)
                0x020096b0                __ascii_wctomb
 .text._wcrtomb_r
                0x020096cc       0x3c /home/test/zynq_psoracle/toolchain/xpack-arm-none-eabi-gcc-14.2.1-1.1/bin/../lib/gcc/arm-none-eabi/14.2.1/../../../../arm-none-eabi/lib/thumb/v7-a+fp/hard/libc.a(libc_a-wcrtomb.o)
                0x020096cc                _wcrtomb_r
 .text._wcsrtombs_r
                0x02009708       0x18 /home/test/zynq_psoracle/toolchain/xpack-arm-none-eabi-gcc-14.2.1-1.1/bin/../lib/gcc/arm-none-eabi/14.2.1/../../../../arm-none-eabi/lib/thumb/v7-a+fp/hard/libc.a(libc_a-wcsrtombs.o)
                0x02009708                _wcsrtombs_r
 .text.__ssputs_r
                0x02009720       0xc0 /home/test/zynq_psoracle/toolchain/xpack-arm-none-eabi-gcc-14.2.1-1.1/bin/../lib/gcc/arm-none-eabi/14.2.1/../../../../arm-none-eabi/lib/thumb/v7-a+fp/hard/libc.a(libc_a-ssputs_r.o)
                0x02009720                __ssputs_r
 .text.__assert_func
                0x020097e0       0x44 /home/test/zynq_psoracle/toolchain/xpack-arm-none-eabi-gcc-14.2.1-1.1/bin/../lib/gcc/arm-none-eabi/14.2.1/../../../../arm-none-eabi/lib/thumb/v7-a+fp/hard/libc.a(libc_a-assert.o)
                0x020097e0                __assert_func
 .text._calloc_r
                0x02009824       0x7c /home/test/zynq_psoracle/toolchain/xpack-arm-none-eabi-gcc-14.2.1-1.1/bin/../lib/gcc/arm-none-eabi/14.2.1/../../../../arm-none-eabi/lib/thumb/v7-a+fp/hard/libc.a(libc_a-callocr.o)
                0x02009824                _calloc_r
 .text._realloc_r
                0x020098a0      0x380 /home/test/zynq_psoracle/toolchain/xpack-arm-none-eabi-gcc-14.2.1-1.1/bin/../lib/gcc/arm-none-eabi/14.2.1/../../../../arm-none-eabi/lib/thumb/v7-a+fp/hard/libc.a(libc_a-reallocr.o)
                0x020098a0                _realloc_r
 .text._wcsnrtombs_l
                0x02009c20       0xf0 /home/test/zynq_psoracle/toolchain/xpack-arm-none-eabi-gcc-14.2.1-1.1/bin/../lib/gcc/arm-none-eabi/14.2.1/../../../../arm-none-eabi/lib/thumb/v7-a+fp/hard/libc.a(libc_a-wcsnrtombs.o)
                0x02009c20                _wcsnrtombs_l
 .text._wcsnrtombs_r
                0x02009d10       0x28 /home/test/zynq_psoracle/toolchain/xpack-arm-none-eabi-gcc-14.2.1-1.1/bin/../lib/gcc/arm-none-eabi/14.2.1/../../../../arm-none-eabi/lib/thumb/v7-a+fp/hard/libc.a(libc_a-wcsnrtombs.o)
                0x02009d10                _wcsnrtombs_r
 .text.fiprintf
                0x02009d38       0x2c /home/test/zynq_psoracle/toolchain/xpack-arm-none-eabi-gcc-14.2.1-1.1/bin/../lib/gcc/arm-none-eabi/14.2.1/../../../../arm-none-eabi/lib/thumb/v7-a+fp/hard/libc.a(libc_a-fiprintf.o)
                0x02009d38                fiprintf
 .text._vfiprintf_r
                0x02009d64     0x11fc /home/test/zynq_psoracle/toolchain/xpack-arm-none-eabi-gcc-14.2.1-1.1/bin/../lib/gcc/arm-none-eabi/14.2.1/../../../../arm-none-eabi/lib/thumb/v7-a+fp/hard/libc.a(libc_a-vfiprintf.o)
                0x02009d64                _vfiprintf_r
 .text.__sbprintf
                0x0200af60       0x84 /home/test/zynq_psoracle/toolchain/xpack-arm-none-eabi-gcc-14.2.1-1.1/bin/../lib/gcc/arm-none-eabi/14.2.1/../../../../arm-none-eabi/lib/thumb/v7-a+fp/hard/libc.a(libc_a-vfiprintf.o)
 .text.__sprint_r
                0x0200afe4       0x20 /home/test/zynq_psoracle/toolchain/xpack-arm-none-eabi-gcc-14.2.1-1.1/bin/../lib/gcc/arm-none-eabi/14.2.1/../../../../arm-none-eabi/lib/thumb/v7-a+fp/hard/libc.a(libc_a-sprint_r.o)
                0x0200afe4                __sprint_r
 .text.__sfvwrite_r
                0x0200b004      0x2f4 /home/test/zynq_psoracle/toolchain/xpack-arm-none-eabi-gcc-14.2.1-1.1/bin/../lib/gcc/arm-none-eabi/14.2.1/../../../../arm-none-eabi/lib/thumb/v7-a+fp/hard/libc.a(libc_a-fvwrite.o)
                0x0200b004                __sfvwrite_r
 .text.__swsetup_r
                0x0200b2f8       0xe8 /home/test/zynq_psoracle/toolchain/xpack-arm-none-eabi-gcc-14.2.1-1.1/bin/../lib/gcc/arm-none-eabi/14.2.1/../../../../arm-none-eabi/lib/thumb/v7-a+fp/hard/libc.a(libc_a-wsetup.o)
                0x0200b2f8                __swsetup_r
 .text.__smakebuf_r
                0x0200b3e0       0xd0 /home/test/zynq_psoracle/toolchain/xpack-arm-none-eabi-gcc-14.2.1-1.1/bin/../lib/gcc/arm-none-eabi/14.2.1/../../../../arm-none-eabi/lib/thumb/v7-a+fp/hard/libc.a(libc_a-makebuf.o)
                0x0200b3e0                __smakebuf_r
 .text._fstat_r
                0x0200b4b0       0x2c /home/test/zynq_psoracle/toolchain/xpack-arm-none-eabi-gcc-14.2.1-1.1/bin/../lib/gcc/arm-none-eabi/14.2.1/../../../../arm-none-eabi/lib/thumb/v7-a+fp/hard/libc.a(libc_a-fstatr.o)
                0x0200b4b0                _fstat_r
 .text._isatty_r
                0x0200b4dc       0x28 /home/test/zynq_psoracle/toolchain/xpack-arm-none-eabi-gcc-14.2.1-1.1/bin/../lib/gcc/arm-none-eabi/14.2.1/../../../../arm-none-eabi/lib/thumb/v7-a+fp/hard/libc.a(libc_a-isattyr.o)
                0x0200b4dc                _isatty_r
 *(.gnu.linkonce.t.*)
 *(.plt)
 *(.gnu_warning)
 *(.gcc_except_table)
 *(.glue_7)
 .glue_7        0x0200b504        0x0 linker stubs
 *(.glue_7t)
 .glue_7t       0x0200b504        0x0 linker stubs
 *(.vfp11_veneer)
 .vfp11_veneer  0x0200b504        0x0 linker stubs
 *(.ARM.extab)
 *(.gnu.linkonce.armextab.*)

.v4_bx          0x0200b504        0x0
 .v4_bx         0x0200b504        0x0 linker stubs

.iplt           0x0200b504        0x0
 .iplt          0x0200b504        0x0 /home/test/zynq_psoracle/toolchain/xpack-arm-none-eabi-gcc-14.2.1-1.1/bin/../lib/gcc/arm-none-eabi/14.2.1/thumb/v7-a+fp/hard/crtbegin.o

.init           0x0200b504        0xc
 *(.init)
 .init          0x0200b504        0x4 /home/test/zynq_psoracle/toolchain/xpack-arm-none-eabi-gcc-14.2.1-1.1/bin/../lib/gcc/arm-none-eabi/14.2.1/thumb/v7-a+fp/hard/crti.o
                0x0200b504                _init
 .init          0x0200b508        0x8 /home/test/zynq_psoracle/toolchain/xpack-arm-none-eabi-gcc-14.2.1-1.1/bin/../lib/gcc/arm-none-eabi/14.2.1/thumb/v7-a+fp/hard/crtn.o

.fini           0x0200b510        0xc
 *(.fini)
 .fini          0x0200b510        0x4 /home/test/zynq_psoracle/toolchain/xpack-arm-none-eabi-gcc-14.2.1-1.1/bin/../lib/gcc/arm-none-eabi/14.2.1/thumb/v7-a+fp/hard/crti.o
                0x0200b510                _fini
 .fini          0x0200b514        0x8 /home/test/zynq_psoracle/toolchain/xpack-arm-none-eabi-gcc-14.2.1-1.1/bin/../lib/gcc/arm-none-eabi/14.2.1/thumb/v7-a+fp/hard/crtn.o

.rodata         0x0200b520     0x2b38
                0x0200b520                        __rodata_start = .
 *(.rodata)
 *(.rodata.*)
 .rodata.XScuWdt_CfgInitialize.str1.4
                0x0200b520      0xae3 /home/test/zynq_psoracle/firmware/bsp/out/wd_xscuwdt.c.o
                                 0x60 (size before relaxing)
 .rodata.devcfg_dma.str1.4
                0x0200c003       0x8f /home/test/zynq_psoracle/firmware/bsp/out/p3_app.c.o
 .rodata.link2_witness.str1.4
                0x0200c003       0x2d /home/test/zynq_psoracle/firmware/bsp/out/p3_app.c.o
 .rodata.send_frame.constprop.0.str1.4
                0x0200c003       0x44 /home/test/zynq_psoracle/firmware/bsp/out/p3_app.c.o
 .rodata.emit_summary.str1.4
                0x0200c003      0x135 /home/test/zynq_psoracle/firmware/bsp/out/p3_app.c.o
 .rodata.arm_attempt.str1.4
                0x0200c003       0x5c /home/test/zynq_psoracle/firmware/bsp/out/p3_app.c.o
 .rodata.run_candidate.str1.4
                0x0200c003      0x3d3 /home/test/zynq_psoracle/firmware/bsp/out/p3_app.c.o
 .rodata.main.str1.4
                0x0200c003      0x1ff /home/test/zynq_psoracle/firmware/bsp/out/p3_app.c.o
 *fill*         0x0200c003        0x1 
 .rodata.zero_tag.0
                0x0200c004       0x21 /home/test/zynq_psoracle/firmware/bsp/out/p3_app.c.o
 *fill*         0x0200c025        0x3 
 .rodata.key.1  0x0200c028       0x14 /home/test/zynq_psoracle/firmware/bsp/out/p3_app.c.o
 .rodata.str1.4
                0x0200c03c       0x25 /home/test/zynq_psoracle/firmware/bsp/out/p3_app.c.o
 .rodata.END_NAME
                0x0200c03c       0x10 /home/test/zynq_psoracle/firmware/bsp/out/p3_app.c.o
 .rodata.DMA_READ_CLEANUP
                0x0200c04c       0x10 /home/test/zynq_psoracle/firmware/bsp/out/p3_app.c.o
 .rodata.DMA_READ_FRAME
                0x0200c05c       0x10 /home/test/zynq_psoracle/firmware/bsp/out/p3_app.c.o
 .rodata.DMA_READ_COMMAND
                0x0200c06c       0x10 /home/test/zynq_psoracle/firmware/bsp/out/p3_app.c.o
 .rodata.DMA_WRITE_ENVELOPE
                0x0200c07c       0x10 /home/test/zynq_psoracle/firmware/bsp/out/p3_app.c.o
 .rodata.P3_ENVELOPE
                0x0200c08c       0x48 /home/test/zynq_psoracle/firmware/bsp/out/p3_app.c.o
 .rodata.P3_TARGET_FARS
                0x0200c0d4       0x30 /home/test/zynq_psoracle/firmware/bsp/out/p3_app.c.o
 .rodata.p3_parse_stream
                0x0200c104        0xc /home/test/zynq_psoracle/firmware/bsp/out/p3_derive.c.o
 .rodata.abc.0  0x0200c110       0x41 /home/test/zynq_psoracle/firmware/bsp/out/p3_derive.c.o
 *fill*         0x0200c151        0x3 
 .rodata.digits.2
                0x0200c154       0x11 /home/test/zynq_psoracle/firmware/bsp/out/p3_derive.c.o
 *fill*         0x0200c165        0x3 
 .rodata.iv.3   0x0200c168       0x20 /home/test/zynq_psoracle/firmware/bsp/out/p3_derive.c.o
 .rodata.K256   0x0200c188      0x100 /home/test/zynq_psoracle/firmware/bsp/out/p3_derive.c.o
 .rodata.P3_BASE_FLUSH
                0x0200c288      0x4bc /home/test/zynq_psoracle/firmware/bsp/out/p3_derive.c.o
 .rodata.P3_BASE_TARGET
                0x0200c744     0x12f0 /home/test/zynq_psoracle/firmware/bsp/out/p3_derive.c.o
 .rodata.P3_WHITELIST
                0x0200da34      0x36c /home/test/zynq_psoracle/firmware/bsp/out/p3_derive.c.o
 .rodata.P3_ENVELOPE
                0x0200dda0       0x48 /home/test/zynq_psoracle/firmware/bsp/out/p3_derive.c.o
 .rodata.P3_TARGET_FARS
                0x0200dde8       0x30 /home/test/zynq_psoracle/firmware/bsp/out/p3_derive.c.o
 .rodata._ctype_
                0x0200de18      0x101 /home/test/zynq_psoracle/toolchain/xpack-arm-none-eabi-gcc-14.2.1-1.1/bin/../lib/gcc/arm-none-eabi/14.2.1/../../../../arm-none-eabi/lib/thumb/v7-a+fp/hard/libc.a(libc_a-ctype_.o)
                0x0200de18                _ctype_
 .rodata._svfprintf_r.str1.4
                0x0200df19       0x42 /home/test/zynq_psoracle/toolchain/xpack-arm-none-eabi-gcc-14.2.1-1.1/bin/../lib/gcc/arm-none-eabi/14.2.1/../../../../arm-none-eabi/lib/thumb/v7-a+fp/hard/libc.a(libc_a-svfprintf.o)
 *fill*         0x0200df19        0x3 
 .rodata.zeroes.0
                0x0200df1c       0x10 /home/test/zynq_psoracle/toolchain/xpack-arm-none-eabi-gcc-14.2.1-1.1/bin/../lib/gcc/arm-none-eabi/14.2.1/../../../../arm-none-eabi/lib/thumb/v7-a+fp/hard/libc.a(libc_a-svfprintf.o)
 .rodata.blanks.1
                0x0200df2c       0x10 /home/test/zynq_psoracle/toolchain/xpack-arm-none-eabi-gcc-14.2.1-1.1/bin/../lib/gcc/arm-none-eabi/14.2.1/../../../../arm-none-eabi/lib/thumb/v7-a+fp/hard/libc.a(libc_a-svfprintf.o)
 .rodata.str1.4
                0x0200df3c       0x4c /home/test/zynq_psoracle/toolchain/xpack-arm-none-eabi-gcc-14.2.1-1.1/bin/../lib/gcc/arm-none-eabi/14.2.1/../../../../arm-none-eabi/lib/thumb/v7-a+fp/hard/libc.a(libc_a-locale.o)
 .rodata._dtoa_r.str1.4
                0x0200df3c       0xaa /home/test/zynq_psoracle/toolchain/xpack-arm-none-eabi-gcc-14.2.1-1.1/bin/../lib/gcc/arm-none-eabi/14.2.1/../../../../arm-none-eabi/lib/thumb/v7-a+fp/hard/libc.a(libc_a-dtoa.o)
 .rodata.__multadd.str1.4
                0x0200df3c       0x97 /home/test/zynq_psoracle/toolchain/xpack-arm-none-eabi-gcc-14.2.1-1.1/bin/../lib/gcc/arm-none-eabi/14.2.1/../../../../arm-none-eabi/lib/thumb/v7-a+fp/hard/libc.a(libc_a-mprec.o)
 .rodata.p05.0  0x0200df3c        0xc /home/test/zynq_psoracle/toolchain/xpack-arm-none-eabi-gcc-14.2.1-1.1/bin/../lib/gcc/arm-none-eabi/14.2.1/../../../../arm-none-eabi/lib/thumb/v7-a+fp/hard/libc.a(libc_a-mprec.o)
 .rodata.__mprec_bigtens
                0x0200df48       0x28 /home/test/zynq_psoracle/toolchain/xpack-arm-none-eabi-gcc-14.2.1-1.1/bin/../lib/gcc/arm-none-eabi/14.2.1/../../../../arm-none-eabi/lib/thumb/v7-a+fp/hard/libc.a(libc_a-mprec.o)
                0x0200df48                __mprec_bigtens
 .rodata.__mprec_tens
                0x0200df70       0xc8 /home/test/zynq_psoracle/toolchain/xpack-arm-none-eabi-gcc-14.2.1-1.1/bin/../lib/gcc/arm-none-eabi/14.2.1/../../../../arm-none-eabi/lib/thumb/v7-a+fp/hard/libc.a(libc_a-mprec.o)
                0x0200df70                __mprec_tens
 .rodata.__assert_func.str1.4
                0x0200e038       0x43 /home/test/zynq_psoracle/toolchain/xpack-arm-none-eabi-gcc-14.2.1-1.1/bin/../lib/gcc/arm-none-eabi/14.2.1/../../../../arm-none-eabi/lib/thumb/v7-a+fp/hard/libc.a(libc_a-assert.o)
 .rodata._vfiprintf_r.str1.4
                0x0200e038       0x2f /home/test/zynq_psoracle/toolchain/xpack-arm-none-eabi-gcc-14.2.1-1.1/bin/../lib/gcc/arm-none-eabi/14.2.1/../../../../arm-none-eabi/lib/thumb/v7-a+fp/hard/libc.a(libc_a-vfiprintf.o)
 .rodata.zeroes.0
                0x0200e038       0x10 /home/test/zynq_psoracle/toolchain/xpack-arm-none-eabi-gcc-14.2.1-1.1/bin/../lib/gcc/arm-none-eabi/14.2.1/../../../../arm-none-eabi/lib/thumb/v7-a+fp/hard/libc.a(libc_a-vfiprintf.o)
 .rodata.blanks.1
                0x0200e048       0x10 /home/test/zynq_psoracle/toolchain/xpack-arm-none-eabi-gcc-14.2.1-1.1/bin/../lib/gcc/arm-none-eabi/14.2.1/../../../../arm-none-eabi/lib/thumb/v7-a+fp/hard/libc.a(libc_a-vfiprintf.o)
 *(.gnu.linkonce.r.*)
                0x0200e058                        __rodata_end = .

.rodata1        0x0200e058        0x0
                0x0200e058                        __rodata1_start = .
 *(.rodata1)
 *(.rodata1.*)
                0x0200e058                        __rodata1_end = .

.sdata2         0x0200e058        0x0
                0x0200e058                        __sdata2_start = .
 *(.sdata2)
 *(.sdata2.*)
 *(.gnu.linkonce.s2.*)
                0x0200e058                        __sdata2_end = .

.sbss2          0x0200e058        0x0
                0x0200e058                        __sbss2_start = .
 *(.sbss2)
 *(.sbss2.*)
 *(.gnu.linkonce.sb2.*)
                0x0200e058                        __sbss2_end = .

.data           0x0200e058      0x71c
                0x0200e058                        __data_start = .
 *(.data)
 *(.data.*)
 .data.XExc_VectorTable
                0x0200e058       0x38 /home/test/zynq_psoracle/firmware/bsp/out/arm_common_xil_exception.c.o
                0x0200e058                XExc_VectorTable
 .data.Xil_AssertWait
                0x0200e090        0x4 /home/test/zynq_psoracle/firmware/bsp/out/common_xil_assert.c.o
                0x0200e090                Xil_AssertWait
 .data.XScuWdt_ConfigTable
                0x0200e094        0x8 /home/test/zynq_psoracle/firmware/bsp/out/wd_xscuwdt_g.c.o
                0x0200e094                XScuWdt_ConfigTable
 .data.__sglue  0x0200e09c        0xc /home/test/zynq_psoracle/toolchain/xpack-arm-none-eabi-gcc-14.2.1-1.1/bin/../lib/gcc/arm-none-eabi/14.2.1/../../../../arm-none-eabi/lib/thumb/v7-a+fp/hard/libc.a(libc_a-findfp.o)
                0x0200e09c                __sglue
 .data._impure_ptr
                0x0200e0a8        0x4 /home/test/zynq_psoracle/toolchain/xpack-arm-none-eabi-gcc-14.2.1-1.1/bin/../lib/gcc/arm-none-eabi/14.2.1/../../../../arm-none-eabi/lib/thumb/v7-a+fp/hard/libc.a(libc_a-impure.o)
                0x0200e0a8                _impure_ptr
 *fill*         0x0200e0ac        0x4 
 .data._impure_data
                0x0200e0b0      0x140 /home/test/zynq_psoracle/toolchain/xpack-arm-none-eabi-gcc-14.2.1-1.1/bin/../lib/gcc/arm-none-eabi/14.2.1/../../../../arm-none-eabi/lib/thumb/v7-a+fp/hard/libc.a(libc_a-impure.o)
                0x0200e0b0                _impure_data
 .data.__atexit_recursive_mutex
                0x0200e1f0        0x4 /home/test/zynq_psoracle/toolchain/xpack-arm-none-eabi-gcc-14.2.1-1.1/bin/../lib/gcc/arm-none-eabi/14.2.1/../../../../arm-none-eabi/lib/thumb/v7-a+fp/hard/libc.a(libc_a-__call_atexit.o)
                0x0200e1f0                __atexit_recursive_mutex
 .data.__malloc_sbrk_base
                0x0200e1f4        0x4 /home/test/zynq_psoracle/toolchain/xpack-arm-none-eabi-gcc-14.2.1-1.1/bin/../lib/gcc/arm-none-eabi/14.2.1/../../../../arm-none-eabi/lib/thumb/v7-a+fp/hard/libc.a(libc_a-mallocr.o)
                0x0200e1f4                __malloc_sbrk_base
 .data.__malloc_trim_threshold
                0x0200e1f8        0x4 /home/test/zynq_psoracle/toolchain/xpack-arm-none-eabi-gcc-14.2.1-1.1/bin/../lib/gcc/arm-none-eabi/14.2.1/../../../../arm-none-eabi/lib/thumb/v7-a+fp/hard/libc.a(libc_a-mallocr.o)
                0x0200e1f8                __malloc_trim_threshold
 *fill*         0x0200e1fc        0x4 
 .data.__malloc_av_
                0x0200e200      0x408 /home/test/zynq_psoracle/toolchain/xpack-arm-none-eabi-gcc-14.2.1-1.1/bin/../lib/gcc/arm-none-eabi/14.2.1/../../../../arm-none-eabi/lib/thumb/v7-a+fp/hard/libc.a(libc_a-mallocr.o)
                0x0200e200                __malloc_av_
 .data.__global_locale
                0x0200e608      0x16c /home/test/zynq_psoracle/toolchain/xpack-arm-none-eabi-gcc-14.2.1-1.1/bin/../lib/gcc/arm-none-eabi/14.2.1/../../../../arm-none-eabi/lib/thumb/v7-a+fp/hard/libc.a(libc_a-locale.o)
                0x0200e608                __global_locale
 *(.gnu.linkonce.d.*)
 *(.jcr)
 *(.got)
 *(.got.plt)
                0x0200e774                        __data_end = .

.igot.plt       0x0200e774        0x0
 .igot.plt      0x0200e774        0x0 /home/test/zynq_psoracle/toolchain/xpack-arm-none-eabi-gcc-14.2.1-1.1/bin/../lib/gcc/arm-none-eabi/14.2.1/thumb/v7-a+fp/hard/crtbegin.o

.data1          0x0200e774        0x0
                0x0200e774                        __data1_start = .
 *(.data1)
 *(.data1.*)
                0x0200e774                        __data1_end = .

.got
 *(.got)

.ctors          0x0200e774        0x0
                0x0200e774                        __CTOR_LIST__ = .
                0x0200e774                        ___CTORS_LIST___ = .
 *crtbegin.o(.ctors)
 *(EXCLUDE_FILE(*crtend.o) .ctors)
 *(SORT_BY_NAME(.ctors.*))
 *(.ctors)
                0x0200e774                        __CTOR_END__ = .
                0x0200e774                        ___CTORS_END___ = .

.dtors          0x0200e774        0x0
                0x0200e774                        __DTOR_LIST__ = .
                0x0200e774                        ___DTORS_LIST___ = .
 *crtbegin.o(.dtors)
 *(EXCLUDE_FILE(*crtend.o) .dtors)
 *(SORT_BY_NAME(.dtors.*))
 *(.dtors)
                0x0200e774                        __DTOR_END__ = .
                0x0200e774                        ___DTORS_END___ = .

.fixup          0x0200e774        0x0
                0x0200e774                        __fixup_start = .
 *(.fixup)
                0x0200e774                        __fixup_end = .

.eh_frame       0x0200e774        0x0
 *(.eh_frame)
 .eh_frame      0x0200e774        0x0 /home/test/zynq_psoracle/toolchain/xpack-arm-none-eabi-gcc-14.2.1-1.1/bin/../lib/gcc/arm-none-eabi/14.2.1/thumb/v7-a+fp/hard/crtbegin.o

.eh_framehdr    0x0200e774        0x0
                0x0200e774                        __eh_framehdr_start = .
 *(.eh_framehdr)
                0x0200e774                        __eh_framehdr_end = .

.gcc_except_table
 *(.gcc_except_table)

.mmu_tbl        0x02010000     0x4000
                0x02010000                        __mmu_tbl_start = .
 *(.mmu_tbl)
 .mmu_tbl       0x02010000     0x4000 /home/test/zynq_psoracle/firmware/bsp/out/arm_cortexa9_gcc_translation_table.S.o
                0x02010000                MMUTable
                0x02014000                        __mmu_tbl_end = .

.ARM.exidx      0x02014000        0x8
                0x02014000                        __exidx_start = .
 *(.ARM.exidx*)
 .ARM.exidx     0x02014000        0x8 /home/test/zynq_psoracle/toolchain/xpack-arm-none-eabi-gcc-14.2.1-1.1/bin/../lib/gcc/arm-none-eabi/14.2.1/../../../../arm-none-eabi/lib/thumb/v7-a+fp/hard/libc.a(libc_a-strcmp.o)
 .ARM.exidx     0x02014008        0x0 /home/test/zynq_psoracle/toolchain/xpack-arm-none-eabi-gcc-14.2.1-1.1/bin/../lib/gcc/arm-none-eabi/14.2.1/../../../../arm-none-eabi/lib/thumb/v7-a+fp/hard/libc.a(libc_a-strlen.o)
                                  0x8 (size before relaxing)
 .ARM.exidx     0x02014008        0x0 /home/test/zynq_psoracle/toolchain/xpack-arm-none-eabi-gcc-14.2.1-1.1/bin/../lib/gcc/arm-none-eabi/14.2.1/../../../../arm-none-eabi/lib/thumb/v7-a+fp/hard/libc.a(libc_a-memchr.o)
                                  0x8 (size before relaxing)
 *(.gnu.linkonce.armexidx.*)
                0x02014008                        __exidx_end = .

.rel.dyn        0x02014008        0x0
 .rel.iplt      0x02014008        0x0 /home/test/zynq_psoracle/toolchain/xpack-arm-none-eabi-gcc-14.2.1-1.1/bin/../lib/gcc/arm-none-eabi/14.2.1/thumb/v7-a+fp/hard/crtbegin.o

.preinit_array  0x02014008        0x0
                0x02014008                        __preinit_array_start = .
 *(.preinit_array)
                0x02014008                        __preinit_array_end = .

.init_array     0x02014008        0x8
                0x02014008                        __init_array_start = .
 *(SORT_BY_NAME(.init_array.*))
 .init_array.00000
                0x02014008        0x4 /home/test/zynq_psoracle/toolchain/xpack-arm-none-eabi-gcc-14.2.1-1.1/bin/../lib/gcc/arm-none-eabi/14.2.1/../../../../arm-none-eabi/lib/thumb/v7-a+fp/hard/libc.a(libc_a-__call_atexit.o)
 *(.init_array)
 .init_array    0x0201400c        0x4 /home/test/zynq_psoracle/toolchain/xpack-arm-none-eabi-gcc-14.2.1-1.1/bin/../lib/gcc/arm-none-eabi/14.2.1/thumb/v7-a+fp/hard/crtbegin.o
                0x02014010                        __init_array_end = .

.fini_array     0x02014010        0x4
                0x02014010                        __fini_array_start = .
 *(SORT_BY_NAME(.fini_array.*))
 *(.fini_array)
 .fini_array    0x02014010        0x4 /home/test/zynq_psoracle/toolchain/xpack-arm-none-eabi-gcc-14.2.1-1.1/bin/../lib/gcc/arm-none-eabi/14.2.1/thumb/v7-a+fp/hard/crtbegin.o
                0x02014014                        __fini_array_end = .

.sdata          0x02014014        0x0
                0x02014014                        __sdata_start = .
 *(.sdata)
 *(.sdata.*)
 *(.gnu.linkonce.s.*)
                0x02014014                        __sdata_end = .

.sbss           0x02014014        0x0
                0x02014014                        __sbss_start = .
 *(.sbss)
 *(.sbss.*)
 *(.gnu.linkonce.sb.*)
                0x02014014                        __sbss_end = .

.tdata          0x02014014        0x0
                0x02014014                        __tdata_start = .
 *(.tdata)
 *(.tdata.*)
 *(.gnu.linkonce.td.*)
                0x02014014                        __tdata_end = .

.tbss           0x02014014        0x0
                0x02014014                        __tbss_start = .
 *(.tbss)
 *(.tbss.*)
 *(.gnu.linkonce.tb.*)
                0x02014014                        __tbss_end = .

.bss            0x02014018     0x9e9c
                0x02014018                        __bss_start__ = .
                0x02014018                        __bss_start = .
 *(.bss)
 *(.bss.*)
 .bss.completed.1
                0x02014018        0x1 /home/test/zynq_psoracle/toolchain/xpack-arm-none-eabi-gcc-14.2.1-1.1/bin/../lib/gcc/arm-none-eabi/14.2.1/thumb/v7-a+fp/hard/crtbegin.o
 *fill*         0x02014019        0x3 
 .bss.object.0  0x0201401c       0x18 /home/test/zynq_psoracle/toolchain/xpack-arm-none-eabi-gcc-14.2.1-1.1/bin/../lib/gcc/arm-none-eabi/14.2.1/thumb/v7-a+fp/hard/crtbegin.o
 .bss.UndefinedExceptionAddr
                0x02014034        0x4 /home/test/zynq_psoracle/firmware/bsp/out/arm_common_xil_exception.c.o
                0x02014034                UndefinedExceptionAddr
 .bss.PrefetchAbortAddr
                0x02014038        0x4 /home/test/zynq_psoracle/firmware/bsp/out/arm_common_xil_exception.c.o
                0x02014038                PrefetchAbortAddr
 .bss.DataAbortAddr
                0x0201403c        0x4 /home/test/zynq_psoracle/firmware/bsp/out/arm_common_xil_exception.c.o
                0x0201403c                DataAbortAddr
 .bss.Xil_AssertCallbackRoutine
                0x02014040        0x4 /home/test/zynq_psoracle/firmware/bsp/out/common_xil_assert.c.o
 .bss.Xil_AssertStatus
                0x02014044        0x4 /home/test/zynq_psoracle/firmware/bsp/out/common_xil_assert.c.o
                0x02014044                Xil_AssertStatus
 .bss.heap.1    0x02014048        0x4 /home/test/zynq_psoracle/firmware/bsp/out/arm_common_gcc__sbrk.c.o
 .bss.g_body    0x0201404c     0x1c00 /home/test/zynq_psoracle/firmware/bsp/out/p3_app.c.o
 .bss.g_encoded
                0x02015c4c     0x1800 /home/test/zynq_psoracle/firmware/bsp/out/p3_app.c.o
 .bss.g_payload
                0x0201744c     0x1000 /home/test/zynq_psoracle/firmware/bsp/out/p3_app.c.o
 .bss.g_json    0x0201844c     0x1000 /home/test/zynq_psoracle/firmware/bsp/out/p3_app.c.o
 .bss.g_line    0x0201944c     0x2000 /home/test/zynq_psoracle/firmware/bsp/out/p3_app.c.o
 *fill*         0x0201b44c        0x4 
 .bss.S         0x0201b450     0x2750 /home/test/zynq_psoracle/firmware/bsp/out/p3_app.c.o
 .bss.__sf      0x0201dba0      0x138 /home/test/zynq_psoracle/toolchain/xpack-arm-none-eabi-gcc-14.2.1-1.1/bin/../lib/gcc/arm-none-eabi/14.2.1/../../../../arm-none-eabi/lib/thumb/v7-a+fp/hard/libc.a(libc_a-findfp.o)
                0x0201dba0                __sf
 .bss.__stdio_exit_handler
                0x0201dcd8        0x4 /home/test/zynq_psoracle/toolchain/xpack-arm-none-eabi-gcc-14.2.1-1.1/bin/../lib/gcc/arm-none-eabi/14.2.1/../../../../arm-none-eabi/lib/thumb/v7-a+fp/hard/libc.a(libc_a-findfp.o)
                0x0201dcd8                __stdio_exit_handler
 .bss.errno     0x0201dcdc        0x4 /home/test/zynq_psoracle/toolchain/xpack-arm-none-eabi-gcc-14.2.1-1.1/bin/../lib/gcc/arm-none-eabi/14.2.1/../../../../arm-none-eabi/lib/thumb/v7-a+fp/hard/libc.a(libc_a-reent.o)
                0x0201dcdc                errno
 .bss.__lock___malloc_recursive_mutex
                0x0201dce0        0x1 /home/test/zynq_psoracle/toolchain/xpack-arm-none-eabi-gcc-14.2.1-1.1/bin/../lib/gcc/arm-none-eabi/14.2.1/../../../../arm-none-eabi/lib/thumb/v7-a+fp/hard/libc.a(libc_a-lock.o)
                0x0201dce0                __lock___malloc_recursive_mutex
 *fill*         0x0201dce1        0x3 
 .bss.__lock___atexit_recursive_mutex
                0x0201dce4        0x1 /home/test/zynq_psoracle/toolchain/xpack-arm-none-eabi-gcc-14.2.1-1.1/bin/../lib/gcc/arm-none-eabi/14.2.1/../../../../arm-none-eabi/lib/thumb/v7-a+fp/hard/libc.a(libc_a-lock.o)
                0x0201dce4                __lock___atexit_recursive_mutex
 *fill*         0x0201dce5        0x3 
 .bss.__lock___sfp_recursive_mutex
                0x0201dce8        0x1 /home/test/zynq_psoracle/toolchain/xpack-arm-none-eabi-gcc-14.2.1-1.1/bin/../lib/gcc/arm-none-eabi/14.2.1/../../../../arm-none-eabi/lib/thumb/v7-a+fp/hard/libc.a(libc_a-lock.o)
                0x0201dce8                __lock___sfp_recursive_mutex
 *fill*         0x0201dce9        0x3 
 .bss.__atexit  0x0201dcec        0x4 /home/test/zynq_psoracle/toolchain/xpack-arm-none-eabi-gcc-14.2.1-1.1/bin/../lib/gcc/arm-none-eabi/14.2.1/../../../../arm-none-eabi/lib/thumb/v7-a+fp/hard/libc.a(libc_a-__call_atexit.o)
                0x0201dcec                __atexit
 .bss.__malloc_current_mallinfo
                0x0201dcf0       0x28 /home/test/zynq_psoracle/toolchain/xpack-arm-none-eabi-gcc-14.2.1-1.1/bin/../lib/gcc/arm-none-eabi/14.2.1/../../../../arm-none-eabi/lib/thumb/v7-a+fp/hard/libc.a(libc_a-mallocr.o)
                0x0201dcf0                __malloc_current_mallinfo
 .bss.__malloc_max_total_mem
                0x0201dd18        0x4 /home/test/zynq_psoracle/toolchain/xpack-arm-none-eabi-gcc-14.2.1-1.1/bin/../lib/gcc/arm-none-eabi/14.2.1/../../../../arm-none-eabi/lib/thumb/v7-a+fp/hard/libc.a(libc_a-mallocr.o)
                0x0201dd18                __malloc_max_total_mem
 .bss.__malloc_max_sbrked_mem
                0x0201dd1c        0x4 /home/test/zynq_psoracle/toolchain/xpack-arm-none-eabi-gcc-14.2.1-1.1/bin/../lib/gcc/arm-none-eabi/14.2.1/../../../../arm-none-eabi/lib/thumb/v7-a+fp/hard/libc.a(libc_a-mallocr.o)
                0x0201dd1c                __malloc_max_sbrked_mem
 .bss.__malloc_top_pad
                0x0201dd20        0x4 /home/test/zynq_psoracle/toolchain/xpack-arm-none-eabi-gcc-14.2.1-1.1/bin/../lib/gcc/arm-none-eabi/14.2.1/../../../../arm-none-eabi/lib/thumb/v7-a+fp/hard/libc.a(libc_a-mallocr.o)
                0x0201dd20                __malloc_top_pad
 .bss.__atexit0
                0x0201dd24      0x190 /home/test/zynq_psoracle/toolchain/xpack-arm-none-eabi-gcc-14.2.1-1.1/bin/../lib/gcc/arm-none-eabi/14.2.1/../../../../arm-none-eabi/lib/thumb/v7-a+fp/hard/libc.a(libc_a-__atexit.o)
                0x0201dd24                __atexit0
 *(.gnu.linkonce.b.*)
 *(COMMON)
                0x0201deb4                        __bss_end__ = .
                0x0201deb4                        __bss_end = .
                0x02014014                        _SDA_BASE_ = (__sdata_start + ((__sbss_end - __sdata_start) / 0x2))
                0x0200e058                        _SDA2_BASE_ = (__sdata2_start + ((__sbss2_end - __sdata2_start) / 0x2))

.heap           0x0201deb4   0x10000c
                0x0201dec0                        . = ALIGN (0x10)
 *fill*         0x0201deb4        0xc 
                0x0201dec0                        _heap = .
                0x0201dec0                        HeapBase = .
                0x0201dec0                        _heap_start = .
                0x0211dec0                        . = (. + _HEAP_SIZE)
 *fill*         0x0201dec0   0x100000 
                0x0211dec0                        _heap_end = .
                0x0211dec0                        HeapLimit = .

.stack          0x0211dec0     0x7000
                0x0211dec0                        . = ALIGN (0x10)
                0x0211dec0                        _stack_end = .
                0x02121ec0                        . = (. + _STACK_SIZE)
 *fill*         0x0211dec0     0x4000 
                0x02121ec0                        . = ALIGN (0x10)
                0x02121ec0                        __stack = .
                0x02121ec0                        . = ALIGN (0x10)
                0x02121ec0                        _irq_stack_end = .
                0x021226c0                        . = (. + _IRQ_STACK_SIZE)
 *fill*         0x02121ec0      0x800 
                0x021226c0                        . = ALIGN (0x10)
                0x021226c0                        __irq_stack = .
                0x021226c0                        _supervisor_stack_end = .
                0x021236c0                        . = (. + _SUPERVISOR_STACK_SIZE)
 *fill*         0x021226c0     0x1000 
                0x021236c0                        . = ALIGN (0x10)
                0x021236c0                        __supervisor_stack = .
                0x021236c0                        _abort_stack_end = .
                0x02123ec0                        . = (. + _ABORT_STACK_SIZE)
 *fill*         0x021236c0      0x800 
                0x02123ec0                        . = ALIGN (0x10)
                0x02123ec0                        __abort_stack = .
                0x02123ec0                        _fiq_stack_end = .
                0x021246c0                        . = (. + _FIQ_STACK_SIZE)
 *fill*         0x02123ec0      0x800 
                0x021246c0                        . = ALIGN (0x10)
                0x021246c0                        __fiq_stack = .
                0x021246c0                        _undef_stack_end = .
                0x02124ec0                        . = (. + _UNDEF_STACK_SIZE)
 *fill*         0x021246c0      0x800 
                0x02124ec0                        . = ALIGN (0x10)
                0x02124ec0                        __undef_stack = .
                0x02124ec0                        _end = .
                0x02124ec0                        end = .
LOAD /home/test/zynq_psoracle/toolchain/xpack-arm-none-eabi-gcc-14.2.1-1.1/bin/../lib/gcc/arm-none-eabi/14.2.1/thumb/v7-a+fp/hard/crti.o
LOAD /home/test/zynq_psoracle/toolchain/xpack-arm-none-eabi-gcc-14.2.1-1.1/bin/../lib/gcc/arm-none-eabi/14.2.1/thumb/v7-a+fp/hard/crtbegin.o
LOAD /home/test/zynq_psoracle/firmware/bsp/out/arm_cortexa9_gcc_boot.S.o
LOAD /home/test/zynq_psoracle/firmware/bsp/out/arm_cortexa9_gcc_cpu_init.S.o
LOAD /home/test/zynq_psoracle/firmware/bsp/out/arm_cortexa9_gcc_translation_table.S.o
LOAD /home/test/zynq_psoracle/firmware/bsp/out/arm_cortexa9_gcc_xil-crt0.S.o
LOAD /home/test/zynq_psoracle/firmware/bsp/out/arm_cortexa9_gcc_asm_vectors.S.o
LOAD /home/test/zynq_psoracle/firmware/bsp/out/arm_cortexa9_xil_cache.c.o
LOAD /home/test/zynq_psoracle/firmware/bsp/out/arm_cortexa9_xil_mmu.c.o
LOAD /home/test/zynq_psoracle/firmware/bsp/out/arm_cortexa9_xil_misc_psreset_api.c.o
LOAD /home/test/zynq_psoracle/firmware/bsp/out/arm_cortexa9_xl2cc_counter.c.o
LOAD /home/test/zynq_psoracle/firmware/bsp/out/arm_cortexa9_xtime_l.c.o
LOAD /home/test/zynq_psoracle/firmware/bsp/out/arm_common_vectors.c.o
LOAD /home/test/zynq_psoracle/firmware/bsp/out/arm_common_xil_exception.c.o
LOAD /home/test/zynq_psoracle/firmware/bsp/out/common_xil_assert.c.o
LOAD /home/test/zynq_psoracle/firmware/bsp/out/common_xil_printf.c.o
LOAD /home/test/zynq_psoracle/firmware/bsp/out/common_print.c.o
LOAD /home/test/zynq_psoracle/firmware/bsp/out/common_xil_mem.c.o
LOAD /home/test/zynq_psoracle/firmware/bsp/out/common_xil_sutil.c.o
LOAD /home/test/zynq_psoracle/firmware/bsp/out/common_xil_util.c.o
LOAD /home/test/zynq_psoracle/firmware/bsp/out/common_outbyte.c.o
LOAD /home/test/zynq_psoracle/firmware/bsp/out/common_inbyte.c.o
LOAD /home/test/zynq_psoracle/firmware/bsp/out/arm_common_gcc_sbrk.c.o
LOAD /home/test/zynq_psoracle/firmware/bsp/out/arm_common_gcc__sbrk.c.o
LOAD /home/test/zynq_psoracle/firmware/bsp/out/arm_common_gcc_write.c.o
LOAD /home/test/zynq_psoracle/firmware/bsp/out/arm_common_gcc_read.c.o
LOAD /home/test/zynq_psoracle/firmware/bsp/out/arm_common_gcc_close.c.o
LOAD /home/test/zynq_psoracle/firmware/bsp/out/arm_common_gcc_fstat.c.o
LOAD /home/test/zynq_psoracle/firmware/bsp/out/arm_common_gcc_isatty.c.o
LOAD /home/test/zynq_psoracle/firmware/bsp/out/arm_common_gcc_lseek.c.o
LOAD /home/test/zynq_psoracle/firmware/bsp/out/arm_common_gcc__exit.c.o
LOAD /home/test/zynq_psoracle/firmware/bsp/out/arm_common_gcc__open.c.o
LOAD /home/test/zynq_psoracle/firmware/bsp/out/arm_common_gcc_open.c.o
LOAD /home/test/zynq_psoracle/firmware/bsp/out/arm_common_gcc_unlink.c.o
LOAD /home/test/zynq_psoracle/firmware/bsp/out/arm_common_gcc_getpid.c.o
LOAD /home/test/zynq_psoracle/firmware/bsp/out/arm_common_gcc_kill.c.o
LOAD /home/test/zynq_psoracle/firmware/bsp/out/arm_common_gcc_errno.c.o
LOAD /home/test/zynq_psoracle/firmware/bsp/out/arm_common_gcc_abort.c.o
LOAD /home/test/zynq_psoracle/firmware/bsp/out/wd_xscuwdt.c.o
LOAD /home/test/zynq_psoracle/firmware/bsp/out/wd_xscuwdt_g.c.o
LOAD /home/test/zynq_psoracle/firmware/bsp/out/wd_xscuwdt_sinit.c.o
LOAD /home/test/zynq_psoracle/firmware/bsp/out/console.o
LOAD /home/test/zynq_psoracle/firmware/bsp/out/p3_app.c.o
LOAD /home/test/zynq_psoracle/firmware/bsp/out/p3_derive.c.o
LOAD /home/test/zynq_psoracle/firmware/bsp/out/p3_search.c.o
START GROUP
LOAD /home/test/zynq_psoracle/toolchain/xpack-arm-none-eabi-gcc-14.2.1-1.1/bin/../lib/gcc/arm-none-eabi/14.2.1/thumb/v7-a+fp/hard/libgcc.a
LOAD /home/test/zynq_psoracle/toolchain/xpack-arm-none-eabi-gcc-14.2.1-1.1/bin/../lib/gcc/arm-none-eabi/14.2.1/../../../../arm-none-eabi/lib/thumb/v7-a+fp/hard/libc.a
LOAD /home/test/zynq_psoracle/toolchain/xpack-arm-none-eabi-gcc-14.2.1-1.1/bin/../lib/gcc/arm-none-eabi/14.2.1/../../../../arm-none-eabi/lib/thumb/v7-a+fp/hard/libm.a
END GROUP
LOAD /home/test/zynq_psoracle/toolchain/xpack-arm-none-eabi-gcc-14.2.1-1.1/bin/../lib/gcc/arm-none-eabi/14.2.1/thumb/v7-a+fp/hard/crtend.o
LOAD /home/test/zynq_psoracle/toolchain/xpack-arm-none-eabi-gcc-14.2.1-1.1/bin/../lib/gcc/arm-none-eabi/14.2.1/thumb/v7-a+fp/hard/crtn.o
START GROUP
LOAD /home/test/zynq_psoracle/toolchain/xpack-arm-none-eabi-gcc-14.2.1-1.1/bin/../lib/gcc/arm-none-eabi/14.2.1/thumb/v7-a+fp/hard/libgcc.a
LOAD /home/test/zynq_psoracle/toolchain/xpack-arm-none-eabi-gcc-14.2.1-1.1/bin/../lib/gcc/arm-none-eabi/14.2.1/../../../../arm-none-eabi/lib/thumb/v7-a+fp/hard/libc.a
END GROUP
OUTPUT(/home/test/zynq_psoracle/firmware/bsp/out/p3_app.elf elf32-littlearm)
LOAD linker stubs

.ARM.attributes
                0x00000000       0x33
 .ARM.attributes
                0x00000000       0x21 /home/test/zynq_psoracle/toolchain/xpack-arm-none-eabi-gcc-14.2.1-1.1/bin/../lib/gcc/arm-none-eabi/14.2.1/thumb/v7-a+fp/hard/crti.o
 .ARM.attributes
                0x00000021       0x33 /home/test/zynq_psoracle/toolchain/xpack-arm-none-eabi-gcc-14.2.1-1.1/bin/../lib/gcc/arm-none-eabi/14.2.1/thumb/v7-a+fp/hard/crtbegin.o
 .ARM.attributes
                0x00000054       0x23 /home/test/zynq_psoracle/firmware/bsp/out/arm_cortexa9_gcc_boot.S.o
 .ARM.attributes
                0x00000077       0x23 /home/test/zynq_psoracle/firmware/bsp/out/arm_cortexa9_gcc_cpu_init.S.o
 .ARM.attributes
                0x0000009a       0x23 /home/test/zynq_psoracle/firmware/bsp/out/arm_cortexa9_gcc_translation_table.S.o
 .ARM.attributes
                0x000000bd       0x23 /home/test/zynq_psoracle/firmware/bsp/out/arm_cortexa9_gcc_xil-crt0.S.o
 .ARM.attributes
                0x000000e0       0x37 /home/test/zynq_psoracle/firmware/bsp/out/arm_cortexa9_xil_cache.c.o
 .ARM.attributes
                0x00000117       0x37 /home/test/zynq_psoracle/firmware/bsp/out/arm_cortexa9_xil_mmu.c.o
 .ARM.attributes
                0x0000014e       0x37 /home/test/zynq_psoracle/firmware/bsp/out/arm_cortexa9_xtime_l.c.o
 .ARM.attributes
                0x00000185       0x37 /home/test/zynq_psoracle/firmware/bsp/out/arm_common_vectors.c.o
 .ARM.attributes
                0x000001bc       0x37 /home/test/zynq_psoracle/firmware/bsp/out/arm_common_xil_exception.c.o
 .ARM.attributes
                0x000001f3       0x37 /home/test/zynq_psoracle/firmware/bsp/out/common_xil_assert.c.o
 .ARM.attributes
                0x0000022a       0x37 /home/test/zynq_psoracle/firmware/bsp/out/arm_common_gcc__sbrk.c.o
 .ARM.attributes
                0x00000261       0x37 /home/test/zynq_psoracle/firmware/bsp/out/arm_common_gcc_write.c.o
 .ARM.attributes
                0x00000298       0x37 /home/test/zynq_psoracle/firmware/bsp/out/arm_common_gcc_read.c.o
 .ARM.attributes
                0x000002cf       0x37 /home/test/zynq_psoracle/firmware/bsp/out/arm_common_gcc_close.c.o
 .ARM.attributes
                0x00000306       0x37 /home/test/zynq_psoracle/firmware/bsp/out/arm_common_gcc_fstat.c.o
 .ARM.attributes
                0x0000033d       0x37 /home/test/zynq_psoracle/firmware/bsp/out/arm_common_gcc_isatty.c.o
 .ARM.attributes
                0x00000374       0x37 /home/test/zynq_psoracle/firmware/bsp/out/arm_common_gcc_lseek.c.o
 .ARM.attributes
                0x000003ab       0x37 /home/test/zynq_psoracle/firmware/bsp/out/arm_common_gcc__exit.c.o
 .ARM.attributes
                0x000003e2       0x37 /home/test/zynq_psoracle/firmware/bsp/out/arm_common_gcc_errno.c.o
 .ARM.attributes
                0x00000419       0x37 /home/test/zynq_psoracle/firmware/bsp/out/arm_common_gcc_abort.c.o
 .ARM.attributes
                0x00000450       0x37 /home/test/zynq_psoracle/firmware/bsp/out/wd_xscuwdt.c.o
 .ARM.attributes
                0x00000487       0x37 /home/test/zynq_psoracle/firmware/bsp/out/wd_xscuwdt_g.c.o
 .ARM.attributes
                0x000004be       0x37 /home/test/zynq_psoracle/firmware/bsp/out/wd_xscuwdt_sinit.c.o
 .ARM.attributes
                0x000004f5       0x37 /home/test/zynq_psoracle/firmware/bsp/out/console.o
 .ARM.attributes
                0x0000052c       0x37 /home/test/zynq_psoracle/firmware/bsp/out/p3_app.c.o
 .ARM.attributes
                0x00000563       0x37 /home/test/zynq_psoracle/firmware/bsp/out/p3_derive.c.o
 .ARM.attributes
                0x0000059a       0x37 /home/test/zynq_psoracle/firmware/bsp/out/p3_search.c.o
 .ARM.attributes
                0x000005d1       0x21 /home/test/zynq_psoracle/toolchain/xpack-arm-none-eabi-gcc-14.2.1-1.1/bin/../lib/gcc/arm-none-eabi/14.2.1/thumb/v7-a+fp/hard/libgcc.a(_udivsi3.o)
 .ARM.attributes
                0x000005f2       0x21 /home/test/zynq_psoracle/toolchain/xpack-arm-none-eabi-gcc-14.2.1-1.1/bin/../lib/gcc/arm-none-eabi/14.2.1/thumb/v7-a+fp/hard/libgcc.a(_dvmd_tls.o)
 .ARM.attributes
                0x00000613       0x33 /home/test/zynq_psoracle/toolchain/xpack-arm-none-eabi-gcc-14.2.1-1.1/bin/../lib/gcc/arm-none-eabi/14.2.1/../../../../arm-none-eabi/lib/thumb/v7-a+fp/hard/libc.a(libc_a-exit.o)
 .ARM.attributes
                0x00000646       0x33 /home/test/zynq_psoracle/toolchain/xpack-arm-none-eabi-gcc-14.2.1-1.1/bin/../lib/gcc/arm-none-eabi/14.2.1/../../../../arm-none-eabi/lib/thumb/v7-a+fp/hard/libc.a(libc_a-strtoul.o)
 .ARM.attributes
                0x00000679       0x33 /home/test/zynq_psoracle/toolchain/xpack-arm-none-eabi-gcc-14.2.1-1.1/bin/../lib/gcc/arm-none-eabi/14.2.1/../../../../arm-none-eabi/lib/thumb/v7-a+fp/hard/libc.a(libc_a-ctype_.o)
 .ARM.attributes
                0x000006ac       0x33 /home/test/zynq_psoracle/toolchain/xpack-arm-none-eabi-gcc-14.2.1-1.1/bin/../lib/gcc/arm-none-eabi/14.2.1/../../../../arm-none-eabi/lib/thumb/v7-a+fp/hard/libc.a(libc_a-findfp.o)
 .ARM.attributes
                0x000006df       0x33 /home/test/zynq_psoracle/toolchain/xpack-arm-none-eabi-gcc-14.2.1-1.1/bin/../lib/gcc/arm-none-eabi/14.2.1/../../../../arm-none-eabi/lib/thumb/v7-a+fp/hard/libc.a(libc_a-fwalk.o)
 .ARM.attributes
                0x00000712       0x33 /home/test/zynq_psoracle/toolchain/xpack-arm-none-eabi-gcc-14.2.1-1.1/bin/../lib/gcc/arm-none-eabi/14.2.1/../../../../arm-none-eabi/lib/thumb/v7-a+fp/hard/libc.a(libc_a-snprintf.o)
 .ARM.attributes
                0x00000745       0x33 /home/test/zynq_psoracle/toolchain/xpack-arm-none-eabi-gcc-14.2.1-1.1/bin/../lib/gcc/arm-none-eabi/14.2.1/../../../../arm-none-eabi/lib/thumb/v7-a+fp/hard/libc.a(libc_a-stdio.o)
 .ARM.attributes
                0x00000778       0x33 /home/test/zynq_psoracle/toolchain/xpack-arm-none-eabi-gcc-14.2.1-1.1/bin/../lib/gcc/arm-none-eabi/14.2.1/../../../../arm-none-eabi/lib/thumb/v7-a+fp/hard/libc.a(libc_a-memcmp.o)
 .ARM.attributes
                0x000007ab       0x33 /home/test/zynq_psoracle/toolchain/xpack-arm-none-eabi-gcc-14.2.1-1.1/bin/../lib/gcc/arm-none-eabi/14.2.1/../../../../arm-none-eabi/lib/thumb/v7-a+fp/hard/libc.a(libc_a-memmove.o)
 .ARM.attributes
                0x000007de       0x33 /home/test/zynq_psoracle/toolchain/xpack-arm-none-eabi-gcc-14.2.1-1.1/bin/../lib/gcc/arm-none-eabi/14.2.1/../../../../arm-none-eabi/lib/thumb/v7-a+fp/hard/libc.a(libc_a-memset.o)
 .ARM.attributes
                0x00000811       0x33 /home/test/zynq_psoracle/toolchain/xpack-arm-none-eabi-gcc-14.2.1-1.1/bin/../lib/gcc/arm-none-eabi/14.2.1/../../../../arm-none-eabi/lib/thumb/v7-a+fp/hard/libc.a(libc_a-strnlen.o)
 .ARM.attributes
                0x00000844       0x33 /home/test/zynq_psoracle/toolchain/xpack-arm-none-eabi-gcc-14.2.1-1.1/bin/../lib/gcc/arm-none-eabi/14.2.1/../../../../arm-none-eabi/lib/thumb/v7-a+fp/hard/libc.a(libc_a-strrchr.o)
 .ARM.attributes
                0x00000877       0x33 /home/test/zynq_psoracle/toolchain/xpack-arm-none-eabi-gcc-14.2.1-1.1/bin/../lib/gcc/arm-none-eabi/14.2.1/../../../../arm-none-eabi/lib/thumb/v7-a+fp/hard/libc.a(libc_a-strstr.o)
 .ARM.attributes
                0x000008aa       0x33 /home/test/zynq_psoracle/toolchain/xpack-arm-none-eabi-gcc-14.2.1-1.1/bin/../lib/gcc/arm-none-eabi/14.2.1/../../../../arm-none-eabi/lib/thumb/v7-a+fp/hard/libc.a(libc_a-closer.o)
 .ARM.attributes
                0x000008dd       0x33 /home/test/zynq_psoracle/toolchain/xpack-arm-none-eabi-gcc-14.2.1-1.1/bin/../lib/gcc/arm-none-eabi/14.2.1/../../../../arm-none-eabi/lib/thumb/v7-a+fp/hard/libc.a(libc_a-reent.o)
 .ARM.attributes
                0x00000910       0x33 /home/test/zynq_psoracle/toolchain/xpack-arm-none-eabi-gcc-14.2.1-1.1/bin/../lib/gcc/arm-none-eabi/14.2.1/../../../../arm-none-eabi/lib/thumb/v7-a+fp/hard/libc.a(libc_a-impure.o)
 .ARM.attributes
                0x00000943       0x33 /home/test/zynq_psoracle/toolchain/xpack-arm-none-eabi-gcc-14.2.1-1.1/bin/../lib/gcc/arm-none-eabi/14.2.1/../../../../arm-none-eabi/lib/thumb/v7-a+fp/hard/libc.a(libc_a-lseekr.o)
 .ARM.attributes
                0x00000976       0x33 /home/test/zynq_psoracle/toolchain/xpack-arm-none-eabi-gcc-14.2.1-1.1/bin/../lib/gcc/arm-none-eabi/14.2.1/../../../../arm-none-eabi/lib/thumb/v7-a+fp/hard/libc.a(libc_a-readr.o)
 .ARM.attributes
                0x000009a9       0x33 /home/test/zynq_psoracle/toolchain/xpack-arm-none-eabi-gcc-14.2.1-1.1/bin/../lib/gcc/arm-none-eabi/14.2.1/../../../../arm-none-eabi/lib/thumb/v7-a+fp/hard/libc.a(libc_a-writer.o)
 .ARM.attributes
                0x000009dc       0x33 /home/test/zynq_psoracle/toolchain/xpack-arm-none-eabi-gcc-14.2.1-1.1/bin/../lib/gcc/arm-none-eabi/14.2.1/../../../../arm-none-eabi/lib/thumb/v7-a+fp/hard/libc.a(libc_a-init.o)
 .ARM.attributes
                0x00000a0f       0x33 /home/test/zynq_psoracle/toolchain/xpack-arm-none-eabi-gcc-14.2.1-1.1/bin/../lib/gcc/arm-none-eabi/14.2.1/../../../../arm-none-eabi/lib/thumb/v7-a+fp/hard/libc.a(libc_a-fini.o)
 .ARM.attributes
                0x00000a42       0x33 /home/test/zynq_psoracle/toolchain/xpack-arm-none-eabi-gcc-14.2.1-1.1/bin/../lib/gcc/arm-none-eabi/14.2.1/../../../../arm-none-eabi/lib/thumb/v7-a+fp/hard/libc.a(libc_a-lock.o)
 .ARM.attributes
                0x00000a75       0x1f /home/test/zynq_psoracle/toolchain/xpack-arm-none-eabi-gcc-14.2.1-1.1/bin/../lib/gcc/arm-none-eabi/14.2.1/../../../../arm-none-eabi/lib/thumb/v7-a+fp/hard/libc.a(libc_a-strcmp.o)
 .ARM.attributes
                0x00000a94       0x1b /home/test/zynq_psoracle/toolchain/xpack-arm-none-eabi-gcc-14.2.1-1.1/bin/../lib/gcc/arm-none-eabi/14.2.1/../../../../arm-none-eabi/lib/thumb/v7-a+fp/hard/libc.a(libc_a-memcpy.o)
 .ARM.attributes
                0x00000aaf       0x19 /home/test/zynq_psoracle/toolchain/xpack-arm-none-eabi-gcc-14.2.1-1.1/bin/../lib/gcc/arm-none-eabi/14.2.1/../../../../arm-none-eabi/lib/thumb/v7-a+fp/hard/libc.a(libc_a-strlen.o)
 .ARM.attributes
                0x00000ac8       0x33 /home/test/zynq_psoracle/toolchain/xpack-arm-none-eabi-gcc-14.2.1-1.1/bin/../lib/gcc/arm-none-eabi/14.2.1/../../../../arm-none-eabi/lib/thumb/v7-a+fp/hard/libc.a(libc_a-__call_atexit.o)
 .ARM.attributes
                0x00000afb       0x33 /home/test/zynq_psoracle/toolchain/xpack-arm-none-eabi-gcc-14.2.1-1.1/bin/../lib/gcc/arm-none-eabi/14.2.1/../../../../arm-none-eabi/lib/thumb/v7-a+fp/hard/libc.a(libc_a-atexit.o)
 .ARM.attributes
                0x00000b2e       0x33 /home/test/zynq_psoracle/toolchain/xpack-arm-none-eabi-gcc-14.2.1-1.1/bin/../lib/gcc/arm-none-eabi/14.2.1/../../../../arm-none-eabi/lib/thumb/v7-a+fp/hard/libc.a(libc_a-freer.o)
 .ARM.attributes
                0x00000b61       0x33 /home/test/zynq_psoracle/toolchain/xpack-arm-none-eabi-gcc-14.2.1-1.1/bin/../lib/gcc/arm-none-eabi/14.2.1/../../../../arm-none-eabi/lib/thumb/v7-a+fp/hard/libc.a(libc_a-mallocr.o)
 .ARM.attributes
                0x00000b94       0x33 /home/test/zynq_psoracle/toolchain/xpack-arm-none-eabi-gcc-14.2.1-1.1/bin/../lib/gcc/arm-none-eabi/14.2.1/../../../../arm-none-eabi/lib/thumb/v7-a+fp/hard/libc.a(libc_a-mlock.o)
 .ARM.attributes
                0x00000bc7       0x33 /home/test/zynq_psoracle/toolchain/xpack-arm-none-eabi-gcc-14.2.1-1.1/bin/../lib/gcc/arm-none-eabi/14.2.1/../../../../arm-none-eabi/lib/thumb/v7-a+fp/hard/libc.a(libc_a-svfprintf.o)
 .ARM.attributes
                0x00000bfa       0x33 /home/test/zynq_psoracle/toolchain/xpack-arm-none-eabi-gcc-14.2.1-1.1/bin/../lib/gcc/arm-none-eabi/14.2.1/../../../../arm-none-eabi/lib/thumb/v7-a+fp/hard/libc.a(libc_a-ssprint_r.o)
 .ARM.attributes
                0x00000c2d       0x33 /home/test/zynq_psoracle/toolchain/xpack-arm-none-eabi-gcc-14.2.1-1.1/bin/../lib/gcc/arm-none-eabi/14.2.1/../../../../arm-none-eabi/lib/thumb/v7-a+fp/hard/libc.a(libc_a-fclose.o)
 .ARM.attributes
                0x00000c60       0x33 /home/test/zynq_psoracle/toolchain/xpack-arm-none-eabi-gcc-14.2.1-1.1/bin/../lib/gcc/arm-none-eabi/14.2.1/../../../../arm-none-eabi/lib/thumb/v7-a+fp/hard/libc.a(libc_a-fflush.o)
 .ARM.attributes
                0x00000c93       0x33 /home/test/zynq_psoracle/toolchain/xpack-arm-none-eabi-gcc-14.2.1-1.1/bin/../lib/gcc/arm-none-eabi/14.2.1/../../../../arm-none-eabi/lib/thumb/v7-a+fp/hard/libc.a(libc_a-strchr.o)
 .ARM.attributes
                0x00000cc6       0x33 /home/test/zynq_psoracle/toolchain/xpack-arm-none-eabi-gcc-14.2.1-1.1/bin/../lib/gcc/arm-none-eabi/14.2.1/../../../../arm-none-eabi/lib/thumb/v7-a+fp/hard/libc.a(libc_a-strncpy.o)
 .ARM.attributes
                0x00000cf9       0x33 /home/test/zynq_psoracle/toolchain/xpack-arm-none-eabi-gcc-14.2.1-1.1/bin/../lib/gcc/arm-none-eabi/14.2.1/../../../../arm-none-eabi/lib/thumb/v7-a+fp/hard/libc.a(libc_a-locale.o)
 .ARM.attributes
                0x00000d2c       0x33 /home/test/zynq_psoracle/toolchain/xpack-arm-none-eabi-gcc-14.2.1-1.1/bin/../lib/gcc/arm-none-eabi/14.2.1/../../../../arm-none-eabi/lib/thumb/v7-a+fp/hard/libc.a(libc_a-localeconv.o)
 .ARM.attributes
                0x00000d5f       0x33 /home/test/zynq_psoracle/toolchain/xpack-arm-none-eabi-gcc-14.2.1-1.1/bin/../lib/gcc/arm-none-eabi/14.2.1/../../../../arm-none-eabi/lib/thumb/v7-a+fp/hard/libc.a(libc_a-sbrkr.o)
 .ARM.attributes
                0x00000d92       0x33 /home/test/zynq_psoracle/toolchain/xpack-arm-none-eabi-gcc-14.2.1-1.1/bin/../lib/gcc/arm-none-eabi/14.2.1/../../../../arm-none-eabi/lib/thumb/v7-a+fp/hard/libc.a(libc_a-sysconf.o)
 .ARM.attributes
                0x00000dc5       0x1b /home/test/zynq_psoracle/toolchain/xpack-arm-none-eabi-gcc-14.2.1-1.1/bin/../lib/gcc/arm-none-eabi/14.2.1/../../../../arm-none-eabi/lib/thumb/v7-a+fp/hard/libc.a(libc_a-memchr.o)
 .ARM.attributes
                0x00000de0       0x33 /home/test/zynq_psoracle/toolchain/xpack-arm-none-eabi-gcc-14.2.1-1.1/bin/../lib/gcc/arm-none-eabi/14.2.1/../../../../arm-none-eabi/lib/thumb/v7-a+fp/hard/libc.a(libm_a-s_frexp.o)
 .ARM.attributes
                0x00000e13       0x33 /home/test/zynq_psoracle/toolchain/xpack-arm-none-eabi-gcc-14.2.1-1.1/bin/../lib/gcc/arm-none-eabi/14.2.1/../../../../arm-none-eabi/lib/thumb/v7-a+fp/hard/libc.a(libc_a-__atexit.o)
 .ARM.attributes
                0x00000e46       0x33 /home/test/zynq_psoracle/toolchain/xpack-arm-none-eabi-gcc-14.2.1-1.1/bin/../lib/gcc/arm-none-eabi/14.2.1/../../../../arm-none-eabi/lib/thumb/v7-a+fp/hard/libc.a(libc_a-dtoa.o)
 .ARM.attributes
                0x00000e79       0x33 /home/test/zynq_psoracle/toolchain/xpack-arm-none-eabi-gcc-14.2.1-1.1/bin/../lib/gcc/arm-none-eabi/14.2.1/../../../../arm-none-eabi/lib/thumb/v7-a+fp/hard/libc.a(libc_a-mbtowc_r.o)
 .ARM.attributes
                0x00000eac       0x33 /home/test/zynq_psoracle/toolchain/xpack-arm-none-eabi-gcc-14.2.1-1.1/bin/../lib/gcc/arm-none-eabi/14.2.1/../../../../arm-none-eabi/lib/thumb/v7-a+fp/hard/libc.a(libc_a-mprec.o)
 .ARM.attributes
                0x00000edf       0x33 /home/test/zynq_psoracle/toolchain/xpack-arm-none-eabi-gcc-14.2.1-1.1/bin/../lib/gcc/arm-none-eabi/14.2.1/../../../../arm-none-eabi/lib/thumb/v7-a+fp/hard/libc.a(libc_a-wctomb_r.o)
 .ARM.attributes
                0x00000f12       0x33 /home/test/zynq_psoracle/toolchain/xpack-arm-none-eabi-gcc-14.2.1-1.1/bin/../lib/gcc/arm-none-eabi/14.2.1/../../../../arm-none-eabi/lib/thumb/v7-a+fp/hard/libc.a(libc_a-wcrtomb.o)
 .ARM.attributes
                0x00000f45       0x33 /home/test/zynq_psoracle/toolchain/xpack-arm-none-eabi-gcc-14.2.1-1.1/bin/../lib/gcc/arm-none-eabi/14.2.1/../../../../arm-none-eabi/lib/thumb/v7-a+fp/hard/libc.a(libc_a-wcsrtombs.o)
 .ARM.attributes
                0x00000f78       0x33 /home/test/zynq_psoracle/toolchain/xpack-arm-none-eabi-gcc-14.2.1-1.1/bin/../lib/gcc/arm-none-eabi/14.2.1/../../../../arm-none-eabi/lib/thumb/v7-a+fp/hard/libc.a(libc_a-ssputs_r.o)
 .ARM.attributes
                0x00000fab       0x33 /home/test/zynq_psoracle/toolchain/xpack-arm-none-eabi-gcc-14.2.1-1.1/bin/../lib/gcc/arm-none-eabi/14.2.1/../../../../arm-none-eabi/lib/thumb/v7-a+fp/hard/libc.a(libc_a-assert.o)
 .ARM.attributes
                0x00000fde       0x33 /home/test/zynq_psoracle/toolchain/xpack-arm-none-eabi-gcc-14.2.1-1.1/bin/../lib/gcc/arm-none-eabi/14.2.1/../../../../arm-none-eabi/lib/thumb/v7-a+fp/hard/libc.a(libc_a-callocr.o)
 .ARM.attributes
                0x00001011       0x33 /home/test/zynq_psoracle/toolchain/xpack-arm-none-eabi-gcc-14.2.1-1.1/bin/../lib/gcc/arm-none-eabi/14.2.1/../../../../arm-none-eabi/lib/thumb/v7-a+fp/hard/libc.a(libc_a-reallocr.o)
 .ARM.attributes
                0x00001044       0x33 /home/test/zynq_psoracle/toolchain/xpack-arm-none-eabi-gcc-14.2.1-1.1/bin/../lib/gcc/arm-none-eabi/14.2.1/../../../../arm-none-eabi/lib/thumb/v7-a+fp/hard/libc.a(libc_a-wcsnrtombs.o)
 .ARM.attributes
                0x00001077       0x33 /home/test/zynq_psoracle/toolchain/xpack-arm-none-eabi-gcc-14.2.1-1.1/bin/../lib/gcc/arm-none-eabi/14.2.1/../../../../arm-none-eabi/lib/thumb/v7-a+fp/hard/libc.a(libc_a-fiprintf.o)
 .ARM.attributes
                0x000010aa       0x33 /home/test/zynq_psoracle/toolchain/xpack-arm-none-eabi-gcc-14.2.1-1.1/bin/../lib/gcc/arm-none-eabi/14.2.1/../../../../arm-none-eabi/lib/thumb/v7-a+fp/hard/libc.a(libc_a-vfiprintf.o)
 .ARM.attributes
                0x000010dd       0x33 /home/test/zynq_psoracle/toolchain/xpack-arm-none-eabi-gcc-14.2.1-1.1/bin/../lib/gcc/arm-none-eabi/14.2.1/../../../../arm-none-eabi/lib/thumb/v7-a+fp/hard/libc.a(libc_a-sprint_r.o)
 .ARM.attributes
                0x00001110       0x33 /home/test/zynq_psoracle/toolchain/xpack-arm-none-eabi-gcc-14.2.1-1.1/bin/../lib/gcc/arm-none-eabi/14.2.1/../../../../arm-none-eabi/lib/thumb/v7-a+fp/hard/libc.a(libc_a-fvwrite.o)
 .ARM.attributes
                0x00001143       0x33 /home/test/zynq_psoracle/toolchain/xpack-arm-none-eabi-gcc-14.2.1-1.1/bin/../lib/gcc/arm-none-eabi/14.2.1/../../../../arm-none-eabi/lib/thumb/v7-a+fp/hard/libc.a(libc_a-wsetup.o)
 .ARM.attributes
                0x00001176       0x33 /home/test/zynq_psoracle/toolchain/xpack-arm-none-eabi-gcc-14.2.1-1.1/bin/../lib/gcc/arm-none-eabi/14.2.1/../../../../arm-none-eabi/lib/thumb/v7-a+fp/hard/libc.a(libc_a-makebuf.o)
 .ARM.attributes
                0x000011a9       0x33 /home/test/zynq_psoracle/toolchain/xpack-arm-none-eabi-gcc-14.2.1-1.1/bin/../lib/gcc/arm-none-eabi/14.2.1/../../../../arm-none-eabi/lib/thumb/v7-a+fp/hard/libc.a(libc_a-fstatr.o)
 .ARM.attributes
                0x000011dc       0x33 /home/test/zynq_psoracle/toolchain/xpack-arm-none-eabi-gcc-14.2.1-1.1/bin/../lib/gcc/arm-none-eabi/14.2.1/../../../../arm-none-eabi/lib/thumb/v7-a+fp/hard/libc.a(libc_a-isattyr.o)
 .ARM.attributes
                0x0000120f       0x21 /home/test/zynq_psoracle/toolchain/xpack-arm-none-eabi-gcc-14.2.1-1.1/bin/../lib/gcc/arm-none-eabi/14.2.1/thumb/v7-a+fp/hard/libgcc.a(_divsi3.o)
 .ARM.attributes
                0x00001230       0x21 /home/test/zynq_psoracle/toolchain/xpack-arm-none-eabi-gcc-14.2.1-1.1/bin/../lib/gcc/arm-none-eabi/14.2.1/thumb/v7-a+fp/hard/crtn.o

.comment        0x00000000       0x39
 .comment       0x00000000       0x39 /home/test/zynq_psoracle/toolchain/xpack-arm-none-eabi-gcc-14.2.1-1.1/bin/../lib/gcc/arm-none-eabi/14.2.1/thumb/v7-a+fp/hard/crtbegin.o
                                 0x3a (size before relaxing)
 .comment       0x00000039       0x3a /home/test/zynq_psoracle/firmware/bsp/out/arm_cortexa9_xil_cache.c.o
 .comment       0x00000039       0x3a /home/test/zynq_psoracle/firmware/bsp/out/arm_cortexa9_xil_mmu.c.o
 .comment       0x00000039       0x3a /home/test/zynq_psoracle/firmware/bsp/out/arm_cortexa9_xtime_l.c.o
 .comment       0x00000039       0x3a /home/test/zynq_psoracle/firmware/bsp/out/arm_common_vectors.c.o
 .comment       0x00000039       0x3a /home/test/zynq_psoracle/firmware/bsp/out/arm_common_xil_exception.c.o
 .comment       0x00000039       0x3a /home/test/zynq_psoracle/firmware/bsp/out/common_xil_assert.c.o
 .comment       0x00000039       0x3a /home/test/zynq_psoracle/firmware/bsp/out/arm_common_gcc__sbrk.c.o
 .comment       0x00000039       0x3a /home/test/zynq_psoracle/firmware/bsp/out/arm_common_gcc_write.c.o
 .comment       0x00000039       0x3a /home/test/zynq_psoracle/firmware/bsp/out/arm_common_gcc_read.c.o
 .comment       0x00000039       0x3a /home/test/zynq_psoracle/firmware/bsp/out/arm_common_gcc_close.c.o
 .comment       0x00000039       0x3a /home/test/zynq_psoracle/firmware/bsp/out/arm_common_gcc_fstat.c.o
 .comment       0x00000039       0x3a /home/test/zynq_psoracle/firmware/bsp/out/arm_common_gcc_isatty.c.o
 .comment       0x00000039       0x3a /home/test/zynq_psoracle/firmware/bsp/out/arm_common_gcc_lseek.c.o
 .comment       0x00000039       0x3a /home/test/zynq_psoracle/firmware/bsp/out/arm_common_gcc__exit.c.o
 .comment       0x00000039       0x3a /home/test/zynq_psoracle/firmware/bsp/out/arm_common_gcc_errno.c.o
 .comment       0x00000039       0x3a /home/test/zynq_psoracle/firmware/bsp/out/arm_common_gcc_abort.c.o
 .comment       0x00000039       0x3a /home/test/zynq_psoracle/firmware/bsp/out/wd_xscuwdt.c.o
 .comment       0x00000039       0x3a /home/test/zynq_psoracle/firmware/bsp/out/wd_xscuwdt_g.c.o
 .comment       0x00000039       0x3a /home/test/zynq_psoracle/firmware/bsp/out/wd_xscuwdt_sinit.c.o
 .comment       0x00000039       0x3a /home/test/zynq_psoracle/firmware/bsp/out/console.o
 .comment       0x00000039       0x3a /home/test/zynq_psoracle/firmware/bsp/out/p3_app.c.o
 .comment       0x00000039       0x3a /home/test/zynq_psoracle/firmware/bsp/out/p3_derive.c.o
 .comment       0x00000039       0x3a /home/test/zynq_psoracle/firmware/bsp/out/p3_search.c.o
 .comment       0x00000039       0x3a /home/test/zynq_psoracle/toolchain/xpack-arm-none-eabi-gcc-14.2.1-1.1/bin/../lib/gcc/arm-none-eabi/14.2.1/../../../../arm-none-eabi/lib/thumb/v7-a+fp/hard/libc.a(libc_a-exit.o)
 .comment       0x00000039       0x3a /home/test/zynq_psoracle/toolchain/xpack-arm-none-eabi-gcc-14.2.1-1.1/bin/../lib/gcc/arm-none-eabi/14.2.1/../../../../arm-none-eabi/lib/thumb/v7-a+fp/hard/libc.a(libc_a-strtoul.o)
 .comment       0x00000039       0x3a /home/test/zynq_psoracle/toolchain/xpack-arm-none-eabi-gcc-14.2.1-1.1/bin/../lib/gcc/arm-none-eabi/14.2.1/../../../../arm-none-eabi/lib/thumb/v7-a+fp/hard/libc.a(libc_a-ctype_.o)
 .comment       0x00000039       0x3a /home/test/zynq_psoracle/toolchain/xpack-arm-none-eabi-gcc-14.2.1-1.1/bin/../lib/gcc/arm-none-eabi/14.2.1/../../../../arm-none-eabi/lib/thumb/v7-a+fp/hard/libc.a(libc_a-findfp.o)
 .comment       0x00000039       0x3a /home/test/zynq_psoracle/toolchain/xpack-arm-none-eabi-gcc-14.2.1-1.1/bin/../lib/gcc/arm-none-eabi/14.2.1/../../../../arm-none-eabi/lib/thumb/v7-a+fp/hard/libc.a(libc_a-fwalk.o)
 .comment       0x00000039       0x3a /home/test/zynq_psoracle/toolchain/xpack-arm-none-eabi-gcc-14.2.1-1.1/bin/../lib/gcc/arm-none-eabi/14.2.1/../../../../arm-none-eabi/lib/thumb/v7-a+fp/hard/libc.a(libc_a-snprintf.o)
 .comment       0x00000039       0x3a /home/test/zynq_psoracle/toolchain/xpack-arm-none-eabi-gcc-14.2.1-1.1/bin/../lib/gcc/arm-none-eabi/14.2.1/../../../../arm-none-eabi/lib/thumb/v7-a+fp/hard/libc.a(libc_a-stdio.o)
 .comment       0x00000039       0x3a /home/test/zynq_psoracle/toolchain/xpack-arm-none-eabi-gcc-14.2.1-1.1/bin/../lib/gcc/arm-none-eabi/14.2.1/../../../../arm-none-eabi/lib/thumb/v7-a+fp/hard/libc.a(libc_a-memcmp.o)
 .comment       0x00000039       0x3a /home/test/zynq_psoracle/toolchain/xpack-arm-none-eabi-gcc-14.2.1-1.1/bin/../lib/gcc/arm-none-eabi/14.2.1/../../../../arm-none-eabi/lib/thumb/v7-a+fp/hard/libc.a(libc_a-memmove.o)
 .comment       0x00000039       0x3a /home/test/zynq_psoracle/toolchain/xpack-arm-none-eabi-gcc-14.2.1-1.1/bin/../lib/gcc/arm-none-eabi/14.2.1/../../../../arm-none-eabi/lib/thumb/v7-a+fp/hard/libc.a(libc_a-memset.o)
 .comment       0x00000039       0x3a /home/test/zynq_psoracle/toolchain/xpack-arm-none-eabi-gcc-14.2.1-1.1/bin/../lib/gcc/arm-none-eabi/14.2.1/../../../../arm-none-eabi/lib/thumb/v7-a+fp/hard/libc.a(libc_a-strnlen.o)
 .comment       0x00000039       0x3a /home/test/zynq_psoracle/toolchain/xpack-arm-none-eabi-gcc-14.2.1-1.1/bin/../lib/gcc/arm-none-eabi/14.2.1/../../../../arm-none-eabi/lib/thumb/v7-a+fp/hard/libc.a(libc_a-strrchr.o)
 .comment       0x00000039       0x3a /home/test/zynq_psoracle/toolchain/xpack-arm-none-eabi-gcc-14.2.1-1.1/bin/../lib/gcc/arm-none-eabi/14.2.1/../../../../arm-none-eabi/lib/thumb/v7-a+fp/hard/libc.a(libc_a-strstr.o)
 .comment       0x00000039       0x3a /home/test/zynq_psoracle/toolchain/xpack-arm-none-eabi-gcc-14.2.1-1.1/bin/../lib/gcc/arm-none-eabi/14.2.1/../../../../arm-none-eabi/lib/thumb/v7-a+fp/hard/libc.a(libc_a-closer.o)
 .comment       0x00000039       0x3a /home/test/zynq_psoracle/toolchain/xpack-arm-none-eabi-gcc-14.2.1-1.1/bin/../lib/gcc/arm-none-eabi/14.2.1/../../../../arm-none-eabi/lib/thumb/v7-a+fp/hard/libc.a(libc_a-reent.o)