Archive member included to satisfy reference by file (symbol)

/home/test/zynq_psoracle/toolchain/xpack-arm-none-eabi-gcc-14.2.1-1.1/bin/../lib/gcc/arm-none-eabi/14.2.1/thumb/v7-a+fp/hard/libgcc.a(_udivsi3.o)
                              /home/test/zynq_psoracle/firmware/bsp/out/arm_cortexa9_xil_cache.c.o (__aeabi_uidiv)
/home/test/zynq_psoracle/toolchain/xpack-arm-none-eabi-gcc-14.2.1-1.1/bin/../lib/gcc/arm-none-eabi/14.2.1/thumb/v7-a+fp/hard/libgcc.a(_dvmd_tls.o)
                              /home/test/zynq_psoracle/toolchain/xpack-arm-none-eabi-gcc-14.2.1-1.1/bin/../lib/gcc/arm-none-eabi/14.2.1/thumb/v7-a+fp/hard/libgcc.a(_udivsi3.o) (__aeabi_idiv0)
/home/test/zynq_psoracle/toolchain/xpack-arm-none-eabi-gcc-14.2.1-1.1/bin/../lib/gcc/arm-none-eabi/14.2.1/thumb/v7-a+fp/hard/libgcc.a(_aeabi_uldivmod.o)
                              /home/test/zynq_psoracle/firmware/bsp/out/common_xil_printf.c.o (__aeabi_uldivmod)
/home/test/zynq_psoracle/toolchain/xpack-arm-none-eabi-gcc-14.2.1-1.1/bin/../lib/gcc/arm-none-eabi/14.2.1/thumb/v7-a+fp/hard/libgcc.a(_udivmoddi4.o)
                              /home/test/zynq_psoracle/toolchain/xpack-arm-none-eabi-gcc-14.2.1-1.1/bin/../lib/gcc/arm-none-eabi/14.2.1/thumb/v7-a+fp/hard/libgcc.a(_aeabi_uldivmod.o) (__udivmoddi4)
/home/test/zynq_psoracle/toolchain/xpack-arm-none-eabi-gcc-14.2.1-1.1/bin/../lib/gcc/arm-none-eabi/14.2.1/../../../../arm-none-eabi/lib/thumb/v7-a+fp/hard/libc.a(libc_a-exit.o)
                              /home/test/zynq_psoracle/firmware/bsp/out/arm_cortexa9_gcc_xil-crt0.S.o (exit)
/home/test/zynq_psoracle/toolchain/xpack-arm-none-eabi-gcc-14.2.1-1.1/bin/../lib/gcc/arm-none-eabi/14.2.1/../../../../arm-none-eabi/lib/thumb/v7-a+fp/hard/libc.a(libc_a-strtoul.o)
                              /home/test/zynq_psoracle/firmware/bsp/out/p3_app.c.o (strtoul)
/home/test/zynq_psoracle/toolchain/xpack-arm-none-eabi-gcc-14.2.1-1.1/bin/../lib/gcc/arm-none-eabi/14.2.1/../../../../arm-none-eabi/lib/thumb/v7-a+fp/hard/libc.a(libc_a-ctype_.o)
                              /home/test/zynq_psoracle/firmware/bsp/out/common_xil_printf.c.o (_ctype_)
/home/test/zynq_psoracle/toolchain/xpack-arm-none-eabi-gcc-14.2.1-1.1/bin/../lib/gcc/arm-none-eabi/14.2.1/../../../../arm-none-eabi/lib/thumb/v7-a+fp/hard/libc.a(libc_a-findfp.o)
                              /home/test/zynq_psoracle/toolchain/xpack-arm-none-eabi-gcc-14.2.1-1.1/bin/../lib/gcc/arm-none-eabi/14.2.1/../../../../arm-none-eabi/lib/thumb/v7-a+fp/hard/libc.a(libc_a-exit.o) (__stdio_exit_handler)
/home/test/zynq_psoracle/toolchain/xpack-arm-none-eabi-gcc-14.2.1-1.1/bin/../lib/gcc/arm-none-eabi/14.2.1/../../../../arm-none-eabi/lib/thumb/v7-a+fp/hard/libc.a(libc_a-fwalk.o)
                              /home/test/zynq_psoracle/toolchain/xpack-arm-none-eabi-gcc-14.2.1-1.1/bin/../lib/gcc/arm-none-eabi/14.2.1/../../../../arm-none-eabi/lib/thumb/v7-a+fp/hard/libc.a(libc_a-findfp.o) (_fwalk_sglue)
/home/test/zynq_psoracle/toolchain/xpack-arm-none-eabi-gcc-14.2.1-1.1/bin/../lib/gcc/arm-none-eabi/14.2.1/../../../../arm-none-eabi/lib/thumb/v7-a+fp/hard/libc.a(libc_a-snprintf.o)
                              /home/test/zynq_psoracle/firmware/bsp/out/p3_app.c.o (snprintf)
/home/test/zynq_psoracle/toolchain/xpack-arm-none-eabi-gcc-14.2.1-1.1/bin/../lib/gcc/arm-none-eabi/14.2.1/../../../../arm-none-eabi/lib/thumb/v7-a+fp/hard/libc.a(libc_a-stdio.o)
                              /home/test/zynq_psoracle/toolchain/xpack-arm-none-eabi-gcc-14.2.1-1.1/bin/../lib/gcc/arm-none-eabi/14.2.1/../../../../arm-none-eabi/lib/thumb/v7-a+fp/hard/libc.a(libc_a-findfp.o) (__sread)
/home/test/zynq_psoracle/toolchain/xpack-arm-none-eabi-gcc-14.2.1-1.1/bin/../lib/gcc/arm-none-eabi/14.2.1/../../../../arm-none-eabi/lib/thumb/v7-a+fp/hard/libc.a(libc_a-vsnprintf.o)
                              /home/test/zynq_psoracle/firmware/bsp/out/p3_wire.c.o (vsnprintf)
/home/test/zynq_psoracle/toolchain/xpack-arm-none-eabi-gcc-14.2.1-1.1/bin/../lib/gcc/arm-none-eabi/14.2.1/../../../../arm-none-eabi/lib/thumb/v7-a+fp/hard/libc.a(libc_a-memcmp.o)
                              /home/test/zynq_psoracle/firmware/bsp/out/common_xil_sutil.c.o (memcmp)
/home/test/zynq_psoracle/toolchain/xpack-arm-none-eabi-gcc-14.2.1-1.1/bin/../lib/gcc/arm-none-eabi/14.2.1/../../../../arm-none-eabi/lib/thumb/v7-a+fp/hard/libc.a(libc_a-memmove.o)
                              /home/test/zynq_psoracle/firmware/bsp/out/common_xil_sutil.c.o (memmove)
/home/test/zynq_psoracle/toolchain/xpack-arm-none-eabi-gcc-14.2.1-1.1/bin/../lib/gcc/arm-none-eabi/14.2.1/../../../../arm-none-eabi/lib/thumb/v7-a+fp/hard/libc.a(libc_a-memset.o)
                              /home/test/zynq_psoracle/firmware/bsp/out/common_xil_printf.c.o (memset)
/home/test/zynq_psoracle/toolchain/xpack-arm-none-eabi-gcc-14.2.1-1.1/bin/../lib/gcc/arm-none-eabi/14.2.1/../../../../arm-none-eabi/lib/thumb/v7-a+fp/hard/libc.a(libc_a-strncat.o)
[...]
Memory Configuration

Name             Origin             Length             Attributes
ps7_ddr_0        0x02000000         0x0df00000
*default*        0x00000000         0xffffffff

Linker script and memory map

                0x00004000                        _STACK_SIZE = DEFINED (_STACK_SIZE)?_STACK_SIZE:0x4000
                0x00100000                        _HEAP_SIZE = DEFINED (_HEAP_SIZE)?_HEAP_SIZE:0x100000
                0x00000800                        _ABORT_STACK_SIZE = DEFINED (_ABORT_STACK_SIZE)?_ABORT_STACK_SIZE:0x800
                0x00001000                        _SUPERVISOR_STACK_SIZE = DEFINED (_SUPERVISOR_STACK_SIZE)?_SUPERVISOR_STACK_SIZE:0x1000
                0x00000800                        _IRQ_STACK_SIZE = DEFINED (_IRQ_STACK_SIZE)?_IRQ_STACK_SIZE:0x800
                0x00000800                        _FIQ_STACK_SIZE = DEFINED (_FIQ_STACK_SIZE)?_FIQ_STACK_SIZE:0x800
                0x00000800                        _UNDEF_STACK_SIZE = DEFINED (_UNDEF_STACK_SIZE)?_UNDEF_STACK_SIZE:0x800

.text           0x02000000     0xd10c
 *(.vectors)
 .vectors       0x02000000       0xcc /home/test/zynq_psoracle/firmware/bsp/out/arm_cortexa9_gcc_asm_vectors.S.o
                0x02000000                _vector_table
 *(.boot)
 .boot          0x020000cc      0x38c /home/test/zynq_psoracle/firmware/bsp/out/arm_cortexa9_gcc_boot.S.o
                0x020000cc                _boot
                0x020000cc                _prestart
 *(.text)
 .text          0x02000458       0x3c /home/test/zynq_psoracle/firmware/bsp/out/arm_cortexa9_gcc_cpu_init.S.o
                0x02000458                __cpu_init
 .text          0x02000494       0x78 /home/test/zynq_psoracle/firmware/bsp/out/arm_cortexa9_gcc_xil-crt0.S.o
                0x020004a8                _start
 *fill*         0x0200050c        0x4 
 .text          0x02000510      0x278 /home/test/zynq_psoracle/toolchain/xpack-arm-none-eabi-gcc-14.2.1-1.1/bin/../lib/gcc/arm-none-eabi/14.2.1/thumb/v7-a+fp/hard/libgcc.a(_udivsi3.o)
                0x02000510                __udivsi3
                0x02000510                __aeabi_uidiv
                0x0200076c                __aeabi_uidivmod
 .text          0x02000788        0x4 /home/test/zynq_psoracle/toolchain/xpack-arm-none-eabi-gcc-14.2.1-1.1/bin/../lib/gcc/arm-none-eabi/14.2.1/thumb/v7-a+fp/hard/libgcc.a(_dvmd_tls.o)
                0x02000788                __aeabi_ldiv0
                0x02000788                __aeabi_idiv0
 .text          0x0200078c       0x30 /home/test/zynq_psoracle/toolchain/xpack-arm-none-eabi-gcc-14.2.1-1.1/bin/../lib/gcc/arm-none-eabi/14.2.1/thumb/v7-a+fp/hard/libgcc.a(_aeabi_uldivmod.o)
                0x0200078c                __aeabi_uldivmod
 *fill*         0x020007bc        0x4 
 .text          0x020007c0      0x2e0 /home/test/zynq_psoracle/toolchain/xpack-arm-none-eabi-gcc-14.2.1-1.1/bin/../lib/gcc/arm-none-eabi/14.2.1/../../../../arm-none-eabi/lib/thumb/v7-a+fp/hard/libc.a(libc_a-strcmp.o)
                0x020007c0                strcmp
 *fill*         0x02000aa0       0x20 
 .text          0x02000ac0      0x5e0 /home/test/zynq_psoracle/toolchain/xpack-arm-none-eabi-gcc-14.2.1-1.1/bin/../lib/gcc/arm-none-eabi/14.2.1/../../../../arm-none-eabi/lib/thumb/v7-a+fp/hard/libc.a(libc_a-memcpy.o)
                0x02000ac0                memcpy
 *fill*         0x020010a0       0x20 
 .text          0x020010c0       0xd8 /home/test/zynq_psoracle/toolchain/xpack-arm-none-eabi-gcc-14.2.1-1.1/bin/../lib/gcc/arm-none-eabi/14.2.1/../../../../arm-none-eabi/lib/thumb/v7-a+fp/hard/libc.a(libc_a-strlen.o)
                0x020010c0                strlen
 *fill*         0x02001198        0x8 
 .text          0x020011a0       0xa0 /home/test/zynq_psoracle/toolchain/xpack-arm-none-eabi-gcc-14.2.1-1.1/bin/../lib/gcc/arm-none-eabi/14.2.1/../../../../arm-none-eabi/lib/thumb/v7-a+fp/hard/libc.a(libc_a-memchr.o)
                0x020011a0                memchr
 .text          0x02001240      0x2b0 /home/test/zynq_psoracle/toolchain/xpack-arm-none-eabi-gcc-14.2.1-1.1/bin/../lib/gcc/arm-none-eabi/14.2.1/thumb/v7-a+fp/hard/libgcc.a(_divsi3.o)
                0x02001240                __aeabi_idiv
                0x02001240                __divsi3
                0x020014d4                __aeabi_idivmod
 *(.text.*)
 .text.__do_global_dtors_aux
                0x020014f0       0x2c /home/test/zynq_psoracle/toolchain/xpack-arm-none-eabi-gcc-14.2.1-1.1/bin/../lib/gcc/arm-none-eabi/14.2.1/thumb/v7-a+fp/hard/crtbegin.o
 .text.frame_dummy
                0x0200151c       0x24 /home/test/zynq_psoracle/toolchain/xpack-arm-none-eabi-gcc-14.2.1-1.1/bin/../lib/gcc/arm-none-eabi/14.2.1/thumb/v7-a+fp/hard/crtbegin.o
 .text.Xil_L1DCacheFlush
                0x02001540       0x88 /home/test/zynq_psoracle/firmware/bsp/out/arm_cortexa9_xil_cache.c.o
                0x02001540                Xil_L1DCacheFlush
 .text.Xil_DCacheFlush
                0x020015c8       0x1c /home/test/zynq_psoracle/firmware/bsp/out/arm_cortexa9_xil_cache.c.o
                0x020015c8                Xil_DCacheFlush
 .text.Xil_SetTlbAttributes
                0x020015e4       0x38 /home/test/zynq_psoracle/firmware/bsp/out/arm_cortexa9_xil_mmu.c.o
                0x020015e4                Xil_SetTlbAttributes
 .text.XTime_SetTime
                0x0200161c       0x24 /home/test/zynq_psoracle/firmware/bsp/out/arm_cortexa9_xtime_l.c.o
                0x0200161c                XTime_SetTime
 .text.FIQInterrupt
                0x02001640       0x14 /home/test/zynq_psoracle/firmware/bsp/out/arm_common_vectors.c.o
                0x02001640                FIQInterrupt
 .text.IRQInterrupt
                0x02001654       0x14 /home/test/zynq_psoracle/firmware/bsp/out/arm_common_vectors.c.o
                0x02001654                IRQInterrupt
 .text.UndefinedException
                0x02001668       0x14 /home/test/zynq_psoracle/firmware/bsp/out/arm_common_vectors.c.o
                0x02001668                UndefinedException
 .text.SWInterrupt
                0x0200167c       0x14 /home/test/zynq_psoracle/firmware/bsp/out/arm_common_vectors.c.o
                0x0200167c                SWInterrupt
 .text.DataAbortInterrupt
                0x02001690       0x14 /home/test/zynq_psoracle/firmware/bsp/out/arm_common_vectors.c.o
                0x02001690                DataAbortInterrupt
 .text.PrefetchAbortInterrupt
                0x020016a4       0x14 /home/test/zynq_psoracle/firmware/bsp/out/arm_common_vectors.c.o
                0x020016a4                PrefetchAbortInterrupt
 .text.Xil_ExceptionNullHandler
                0x020016b8        0x4 /home/test/zynq_psoracle/firmware/bsp/out/arm_common_xil_exception.c.o
 .text.Xil_DataAbortHandler
                0x020016bc        0x4 /home/test/zynq_psoracle/firmware/bsp/out/arm_common_xil_exception.c.o
 .text.Xil_PrefetchAbortHandler
                0x020016c0        0x4 /home/test/zynq_psoracle/firmware/bsp/out/arm_common_xil_exception.c.o
 .text.Xil_UndefinedExceptionHandler
                0x020016c4        0x4 /home/test/zynq_psoracle/firmware/bsp/out/arm_common_xil_exception.c.o
 .text.Xil_Assert
                0x020016c8       0x34 /home/test/zynq_psoracle/firmware/bsp/out/common_xil_assert.c.o
                0x020016c8                Xil_Assert
 .text._sbrk    0x020016fc       0x40 /home/test/zynq_psoracle/firmware/bsp/out/arm_common_gcc__sbrk.c.o
                0x020016fc                _sbrk
 .text._write   0x0200173c       0x5c /home/test/zynq_psoracle/firmware/bsp/out/arm_common_gcc_write.c.o
                0x0200173c                _write
 .text._read    0x02001798       0x44 /home/test/zynq_psoracle/firmware/bsp/out/arm_common_gcc_read.c.o
                0x02001798                _read
 .text._close   0x020017dc        0x8 /home/test/zynq_psoracle/firmware/bsp/out/arm_common_gcc_close.c.o
                0x020017dc                _close
 .text._fstat   0x020017e4       0x10 /home/test/zynq_psoracle/firmware/bsp/out/arm_common_gcc_fstat.c.o
                0x020017e4                _fstat
 .text._isatty  0x020017f4        0x8 /home/test/zynq_psoracle/firmware/bsp/out/arm_common_gcc_isatty.c.o
                0x020017f4                _isatty
 .text._lseek   0x020017fc       0x1c /home/test/zynq_psoracle/firmware/bsp/out/arm_common_gcc_lseek.c.o
                0x020017fc                _lseek
 .text._exit    0x02001818        0x4 /home/test/zynq_psoracle/firmware/bsp/out/arm_common_gcc__exit.c.o
                0x02001818                _exit
 .text.__errno  0x0200181c       0x10 /home/test/zynq_psoracle/firmware/bsp/out/arm_common_gcc_errno.c.o
                0x0200181c                __errno
 .text.unlikely.abort
                0x0200182c        0xc /home/test/zynq_psoracle/firmware/bsp/out/arm_common_gcc_abort.c.o
                0x0200182c                abort
 .text.XScuWdt_CfgInitialize
                0x02001838       0xd8 /home/test/zynq_psoracle/firmware/bsp/out/wd_xscuwdt.c.o
                0x02001838                XScuWdt_CfgInitialize
 .text.XScuWdt_Start
                0x02001910       0x90 /home/test/zynq_psoracle/firmware/bsp/out/wd_xscuwdt.c.o
                0x02001910                XScuWdt_Start
 .text.XScuWdt_LookupConfig
                0x020019a0       0x1c /home/test/zynq_psoracle/firmware/bsp/out/wd_xscuwdt_sinit.c.o
                0x020019a0                XScuWdt_LookupConfig
 .text.outbyte  0x020019bc       0x1c /home/test/zynq_psoracle/firmware/bsp/out/console.o
                0x020019bc                outbyte
 .text.inbyte   0x020019d8       0x20 /home/test/zynq_psoracle/firmware/bsp/out/console.o
                0x020019d8                inbyte
 .text.devcfg_dma
                0x020019f8      0x148 /home/test/zynq_psoracle/firmware/bsp/out/p3_app.c.o
 .text.send_frame
                0x02001b40       0xa4 /home/test/zynq_psoracle/firmware/bsp/out/p3_app.c.o
 .text.send_payload
                0x02001be4       0x70 /home/test/zynq_psoracle/firmware/bsp/out/p3_app.c.o
 .text.emit_summary
                0x02001c54       0xdc /home/test/zynq_psoracle/firmware/bsp/out/p3_app.c.o
 .text.stage_streams.isra.0
                0x02001d30       0x8c /home/test/zynq_psoracle/firmware/bsp/out/p3_app.c.o
 .text.axi_read
                0x02001dbc       0x10 /home/test/zynq_psoracle/firmware/bsp/out/p3_app.c.o
 .text.write_envelopes
                0x02001dcc       0x98 /home/test/zynq_psoracle/firmware/bsp/out/p3_app.c.o
 .text.serve_audit
                0x02001e64      0x1fc /home/test/zynq_psoracle/firmware/bsp/out/p3_app.c.o
 .text.ensure_audit
                0x02002060       0x2c /home/test/zynq_psoracle/firmware/bsp/out/p3_app.c.o
 .text.arm_attempt
                0x0200208c      0x31c /home/test/zynq_psoracle/firmware/bsp/out/p3_app.c.o
 .text.emit_record
                0x020023a8       0xa4 /home/test/zynq_psoracle/firmware/bsp/out/p3_app.c.o
 .text.run_candidate
                0x0200244c      0xd8c /home/test/zynq_psoracle/firmware/bsp/out/p3_app.c.o
 .text.startup.main
                0x020031d8      0x6b4 /home/test/zynq_psoracle/firmware/bsp/out/p3_app.c.o
                0x020031d8                main
 .text.sha256_block
                0x0200388c      0x1e8 /home/test/zynq_psoracle/firmware/bsp/out/p3_derive.c.o
 .text.p3_sha256_init
                0x02003a74       0x30 /home/test/zynq_psoracle/firmware/bsp/out/p3_derive.c.o
                0x02003a74                p3_sha256_init
 .text.p3_sha256_update
                0x02003aa4       0x9c /home/test/zynq_psoracle/firmware/bsp/out/p3_derive.c.o
                0x02003aa4                p3_sha256_update
 .text.p3_sha256_final
                0x02003b40       0xec /home/test/zynq_psoracle/firmware/bsp/out/p3_derive.c.o
                0x02003b40                p3_sha256_final
 .text.p3_sha256_words
                0x02003c2c       0x4c /home/test/zynq_psoracle/firmware/bsp/out/p3_derive.c.o
                0x02003c2c                p3_sha256_words
 .text.p3_hex   0x02003c78       0x54 /home/test/zynq_psoracle/firmware/bsp/out/p3_derive.c.o
                0x02003c78                p3_hex
 .text.p3_crc32
                0x02003ccc       0x58 /home/test/zynq_psoracle/firmware/bsp/out/p3_derive.c.o
                0x02003ccc                p3_crc32
 .text.p3_frame_ecc
                0x02003d24       0xa8 /home/test/zynq_psoracle/firmware/bsp/out/p3_derive.c.o
                0x02003d24                p3_frame_ecc
 .text.p3_genome_to_hex
                0x02003dcc       0x5c /home/test/zynq_psoracle/firmware/bsp/out/p3_derive.c.o
                0x02003dcc                p3_genome_to_hex
 .text.p3_derive_frames
                0x02003e28       0xc0 /home/test/zynq_psoracle/firmware/bsp/out/p3_derive.c.o
                0x02003e28                p3_derive_frames
 .text.p3_build_stream
                0x02003ee8      0x178 /home/test/zynq_psoracle/firmware/bsp/out/p3_derive.c.o
                0x02003ee8                p3_build_stream
 .text.p3_parse_stream
                0x02004060      0x264 /home/test/zynq_psoracle/firmware/bsp/out/p3_derive.c.o
                0x02004060                p3_parse_stream
 .text.p3_frames_hash
                0x020042c4      0x1e8 /home/test/zynq_psoracle/firmware/bsp/out/p3_derive.c.o
                0x020042c4                p3_frames_hash
 .text.p3_build_readback_command
                0x020044ac       0x78 /home/test/zynq_psoracle/firmware/bsp/out/p3_derive.c.o
                0x020044ac                p3_build_readback_command
 .text.p3_build_cleanup_command
                0x02004524       0x28 /home/test/zynq_psoracle/firmware/bsp/out/p3_derive.c.o
                0x02004524                p3_build_cleanup_command
 .text.p3_nonce_step
                0x0200454c       0x34 /home/test/zynq_psoracle/firmware/bsp/out/p3_derive.c.o
                0x0200454c                p3_nonce_step
 .text.p3_base64url
                0x02004580      0x160 /home/test/zynq_psoracle/firmware/bsp/out/p3_derive.c.o
                0x02004580                p3_base64url
 .text.p3_base64url_decode
                0x020046e0      0x190 /home/test/zynq_psoracle/firmware/bsp/out/p3_derive.c.o
                0x020046e0                p3_base64url_decode
 .text.p3_parse_identity_page
                0x02004870      0x160 /home/test/zynq_psoracle/firmware/bsp/out/p3_derive.c.o
                0x02004870                p3_parse_identity_page
 .text.p3_op_random_safe
                0x020049d0      0x164 /home/test/zynq_psoracle/firmware/bsp/out/p3_search.c.o
                0x020049d0                p3_op_random_safe
 .text.p3_op_map_guided
                0x02004b34      0x1b8 /home/test/zynq_psoracle/firmware/bsp/out/p3_search.c.o
                0x02004b34                p3_op_map_guided
 .text.p3_search_next
                0x02004cec      0x100 /home/test/zynq_psoracle/firmware/bsp/out/p3_search.c.o
                0x02004cec                p3_search_next
 .text.w_fmt    0x02004dec       0x84 /home/test/zynq_psoracle/firmware/bsp/out/p3_wire.c.o
 .text.w_str.part.0
                0x02004e70       0x7c /home/test/zynq_psoracle/firmware/bsp/out/p3_wire.c.o
 .text.w_tables
                0x02004eec       0x84 /home/test/zynq_psoracle/firmware/bsp/out/p3_wire.c.o
 .text.p3_wire_line
                0x02004f70       0xe4 /home/test/zynq_psoracle/firmware/bsp/out/p3_wire.c.o
                0x02004f70                p3_wire_line
 .text.p3_wire_identity
                0x02005054      0x1f8 /home/test/zynq_psoracle/firmware/bsp/out/p3_wire.c.o
                0x02005054                p3_wire_identity
 .text.p3_wire_sign_request
                0x0200524c       0xf0 /home/test/zynq_psoracle/firmware/bsp/out/p3_wire.c.o
                0x0200524c                p3_wire_sign_request
 .text.p3_wire_loop_record
                0x0200533c      0x710 /home/test/zynq_psoracle/firmware/bsp/out/p3_wire.c.o
                0x0200533c                p3_wire_loop_record
 .text.p3_wire_tally
                0x02005a4c       0x2c /home/test/zynq_psoracle/firmware/bsp/out/p3_wire.c.o
                0x02005a4c                p3_wire_tally
 .text.p3_wire_audit
                0x02005a78       0xf8 /home/test/zynq_psoracle/firmware/bsp/out/p3_wire.c.o
                0x02005a78                p3_wire_audit
 .text.p3_wire_closing
                0x02005b70       0x84 /home/test/zynq_psoracle/firmware/bsp/out/p3_wire.c.o
                0x02005b70                p3_wire_closing
 .text.p3_wire_summary
                0x02005bf4      0x164 /home/test/zynq_psoracle/firmware/bsp/out/p3_wire.c.o
                0x02005bf4                p3_wire_summary
 .text.__udivmoddi4
                0x02005d58      0x108 /home/test/zynq_psoracle/toolchain/xpack-arm-none-eabi-gcc-14.2.1-1.1/bin/../lib/gcc/arm-none-eabi/14.2.1/thumb/v7-a+fp/hard/libgcc.a(_udivmoddi4.o)
                0x02005d58                __udivmoddi4
 .text.exit     0x02005e60       0x20 /home/test/zynq_psoracle/toolchain/xpack-arm-none-eabi-gcc-14.2.1-1.1/bin/../lib/gcc/arm-none-eabi/14.2.1/../../../../arm-none-eabi/lib/thumb/v7-a+fp/hard/libc.a(libc_a-exit.o)
                0x02005e60                exit
 .text._strtoul_l.isra.0
                0x02005e80      0x148 /home/test/zynq_psoracle/toolchain/xpack-arm-none-eabi-gcc-14.2.1-1.1/bin/../lib/gcc/arm-none-eabi/14.2.1/../../../../arm-none-eabi/lib/thumb/v7-a+fp/hard/libc.a(libc_a-strtoul.o)
 .text.strtoul  0x02005fc8       0x20 /home/test/zynq_psoracle/toolchain/xpack-arm-none-eabi-gcc-14.2.1-1.1/bin/../lib/gcc/arm-none-eabi/14.2.1/../../../../arm-none-eabi/lib/thumb/v7-a+fp/hard/libc.a(libc_a-strtoul.o)
                0x02005fc8                strtoul
 .text.stdio_exit_handler
                0x02005fe8       0x1c /home/test/zynq_psoracle/toolchain/xpack-arm-none-eabi-gcc-14.2.1-1.1/bin/../lib/gcc/arm-none-eabi/14.2.1/../../../../arm-none-eabi/lib/thumb/v7-a+fp/hard/libc.a(libc_a-findfp.o)
 .text.cleanup_stdio
                0x02006004       0x40 /home/test/zynq_psoracle/toolchain/xpack-arm-none-eabi-gcc-14.2.1-1.1/bin/../lib/gcc/arm-none-eabi/14.2.1/../../../../arm-none-eabi/lib/thumb/v7-a+fp/hard/libc.a(libc_a-findfp.o)
 .text.global_stdio_init.part.0
                0x02006044       0xf8 /home/test/zynq_psoracle/toolchain/xpack-arm-none-eabi-gcc-14.2.1-1.1/bin/../lib/gcc/arm-none-eabi/14.2.1/../../../../arm-none-eabi/lib/thumb/v7-a+fp/hard/libc.a(libc_a-findfp.o)
 .text.__sinit  0x0200613c       0x50 /home/test/zynq_psoracle/toolchain/xpack-arm-none-eabi-gcc-14.2.1-1.1/bin/../lib/gcc/arm-none-eabi/14.2.1/../../../../arm-none-eabi/lib/thumb/v7-a+fp/hard/libc.a(libc_a-findfp.o)
                0x0200613c                __sinit
 .text.__sfp_lock_acquire
                0x0200618c        0xc /home/test/zynq_psoracle/toolchain/xpack-arm-none-eabi-gcc-14.2.1-1.1/bin/../lib/gcc/arm-none-eabi/14.2.1/../../../../arm-none-eabi/lib/thumb/v7-a+fp/hard/libc.a(libc_a-findfp.o)
                0x0200618c                __sfp_lock_acquire
 .text.__sfp_lock_release
                0x02006198        0xc /home/test/zynq_psoracle/toolchain/xpack-arm-none-eabi-gcc-14.2.1-1.1/bin/../lib/gcc/arm-none-eabi/14.2.1/../../../../arm-none-eabi/lib/thumb/v7-a+fp/hard/libc.a(libc_a-findfp.o)
                0x02006198                __sfp_lock_release
 .text._fwalk_sglue
                0x020061a4       0x44 /home/test/zynq_psoracle/toolchain/xpack-arm-none-eabi-gcc-14.2.1-1.1/bin/../lib/gcc/arm-none-eabi/14.2.1/../../../../arm-none-eabi/lib/thumb/v7-a+fp/hard/libc.a(libc_a-fwalk.o)
                0x020061a4                _fwalk_sglue
 .text.snprintf
                0x020061e8       0x94 /home/test/zynq_psoracle/toolchain/xpack-arm-none-eabi-gcc-14.2.1-1.1/bin/../lib/gcc/arm-none-eabi/14.2.1/../../../../arm-none-eabi/lib/thumb/v7-a+fp/hard/libc.a(libc_a-snprintf.o)
                0x020061e8                snprintf
 .text.__sread  0x0200627c       0x24 /home/test/zynq_psoracle/toolchain/xpack-arm-none-eabi-gcc-14.2.1-1.1/bin/../lib/gcc/arm-none-eabi/14.2.1/../../../../arm-none-eabi/lib/thumb/v7-a+fp/hard/libc.a(libc_a-stdio.o)
                0x0200627c                __sread
 .text.__swrite
                0x020062a0       0x40 /home/test/zynq_psoracle/toolchain/xpack-arm-none-eabi-gcc-14.2.1-1.1/bin/../lib/gcc/arm-none-eabi/14.2.1/../../../../arm-none-eabi/lib/thumb/v7-a+fp/hard/libc.a(libc_a-stdio.o)
                0x020062a0                __swrite
 .text.__sseek  0x020062e0       0x24 /home/test/zynq_psoracle/toolchain/xpack-arm-none-eabi-gcc-14.2.1-1.1/bin/../lib/gcc/arm-none-eabi/14.2.1/../../../../arm-none-eabi/lib/thumb/v7-a+fp/hard/libc.a(libc_a-stdio.o)
                0x020062e0                __sseek
 .text.__sclose
                0x02006304        0x8 /home/test/zynq_psoracle/toolchain/xpack-arm-none-eabi-gcc-14.2.1-1.1/bin/../lib/gcc/arm-none-eabi/14.2.1/../../../../arm-none-eabi/lib/thumb/v7-a+fp/hard/libc.a(libc_a-stdio.o)
                0x02006304                __sclose
 .text.vsnprintf
                0x0200630c       0x7c /home/test/zynq_psoracle/toolchain/xpack-arm-none-eabi-gcc-14.2.1-1.1/bin/../lib/gcc/arm-none-eabi/14.2.1/../../../../arm-none-eabi/lib/thumb/v7-a+fp/hard/libc.a(libc_a-vsnprintf.o)
                0x0200630c                vsnprintf
 .text.memcmp   0x02006388       0x5c /home/test/zynq_psoracle/toolchain/xpack-arm-none-eabi-gcc-14.2.1-1.1/bin/../lib/gcc/arm-none-eabi/14.2.1/../../../../arm-none-eabi/lib/thumb/v7-a+fp/hard/libc.a(libc_a-memcmp.o)
                0x02006388                memcmp
 .text.memmove  0x020063e4       0xfc /home/test/zynq_psoracle/toolchain/xpack-arm-none-eabi-gcc-14.2.1-1.1/bin/../lib/gcc/arm-none-eabi/14.2.1/../../../../arm-none-eabi/lib/thumb/v7-a+fp/hard/libc.a(libc_a-memmove.o)
                0x020063e4                memmove
 .text.memset   0x020064e0       0x9c /home/test/zynq_psoracle/toolchain/xpack-arm-none-eabi-gcc-14.2.1-1.1/bin/../lib/gcc/arm-none-eabi/14.2.1/../../../../arm-none-eabi/lib/thumb/v7-a+fp/hard/libc.a(libc_a-memset.o)
                0x020064e0                memset
 .text.strnlen  0x0200657c       0x30 /home/test/zynq_psoracle/toolchain/xpack-arm-none-eabi-gcc-14.2.1-1.1/bin/../lib/gcc/arm-none-eabi/14.2.1/../../../../arm-none-eabi/lib/thumb/v7-a+fp/hard/libc.a(libc_a-strnlen.o)
                0x0200657c                strnlen
 .text.strrchr  0x020065ac       0x30 /home/test/zynq_psoracle/toolchain/xpack-arm-none-eabi-gcc-14.2.1-1.1/bin/../lib/gcc/arm-none-eabi/14.2.1/../../../../arm-none-eabi/lib/thumb/v7-a+fp/hard/libc.a(libc_a-strrchr.o)
                0x020065ac                strrchr
 .text.critical_factorization
                0x020065dc       0xc8 /home/test/zynq_psoracle/toolchain/xpack-arm-none-eabi-gcc-14.2.1-1.1/bin/../lib/gcc/arm-none-eabi/14.2.1/../../../../arm-none-eabi/lib/thumb/v7-a+fp/hard/libc.a(libc_a-strstr.o)
 .text.two_way_long_needle
                0x020066a4      0x20c /home/test/zynq_psoracle/toolchain/xpack-arm-none-eabi-gcc-14.2.1-1.1/bin/../lib/gcc/arm-none-eabi/14.2.1/../../../../arm-none-eabi/lib/thumb/v7-a+fp/hard/libc.a(libc_a-strstr.o)
 .text.strstr   0x020068b0      0x168 /home/test/zynq_psoracle/toolchain/xpack-arm-none-eabi-gcc-14.2.1-1.1/bin/../lib/gcc/arm-none-eabi/14.2.1/../../../../arm-none-eabi/lib/thumb/v7-a+fp/hard/libc.a(libc_a-strstr.o)
                0x020068b0                strstr
 .text._close_r
                0x02006a18       0x28 /home/test/zynq_psoracle/toolchain/xpack-arm-none-eabi-gcc-14.2.1-1.1/bin/../lib/gcc/arm-none-eabi/14.2.1/../../../../arm-none-eabi/lib/thumb/v7-a+fp/hard/libc.a(libc_a-closer.o)
                0x02006a18                _close_r
 .text._lseek_r
                0x02006a40       0x30 /home/test/zynq_psoracle/toolchain/xpack-arm-none-eabi-gcc-14.2.1-1.1/bin/../lib/gcc/arm-none-eabi/14.2.1/../../../../arm-none-eabi/lib/thumb/v7-a+fp/hard/libc.a(libc_a-lseekr.o)
                0x02006a40                _lseek_r
 .text._read_r  0x02006a70       0x30 /home/test/zynq_psoracle/toolchain/xpack-arm-none-eabi-gcc-14.2.1-1.1/bin/../lib/gcc/arm-none-eabi/14.2.1/../../../../arm-none-eabi/lib/thumb/v7-a+fp/hard/libc.a(libc_a-readr.o)
                0x02006a70                _read_r
 .text._write_r
                0x02006aa0       0x30 /home/test/zynq_psoracle/toolchain/xpack-arm-none-eabi-gcc-14.2.1-1.1/bin/../lib/gcc/arm-none-eabi/14.2.1/../../../../arm-none-eabi/lib/thumb/v7-a+fp/hard/libc.a(libc_a-writer.o)
                0x02006aa0                _write_r
 .text.__libc_init_array
                0x02006ad0       0x58 /home/test/zynq_psoracle/toolchain/xpack-arm-none-eabi-gcc-14.2.1-1.1/bin/../lib/gcc/arm-none-eabi/14.2.1/../../../../arm-none-eabi/lib/thumb/v7-a+fp/hard/libc.a(libc_a-init.o)
                0x02006ad0                __libc_init_array
 .text.__libc_fini_array
                0x02006b28       0x2c /home/test/zynq_psoracle/toolchain/xpack-arm-none-eabi-gcc-14.2.1-1.1/bin/../lib/gcc/arm-none-eabi/14.2.1/../../../../arm-none-eabi/lib/thumb/v7-a+fp/hard/libc.a(libc_a-fini.o)
                0x02006b28                __libc_fini_array
 .text.__retarget_lock_init_recursive
                0x02006b54        0x4 /home/test/zynq_psoracle/toolchain/xpack-arm-none-eabi-gcc-14.2.1-1.1/bin/../lib/gcc/arm-none-eabi/14.2.1/../../../../arm-none-eabi/lib/thumb/v7-a+fp/hard/libc.a(libc_a-lock.o)
                0x02006b54                __retarget_lock_init_recursive
 .text.__retarget_lock_close_recursive
                0x02006b58        0x4 /home/test/zynq_psoracle/toolchain/xpack-arm-none-eabi-gcc-14.2.1-1.1/bin/../lib/gcc/arm-none-eabi/14.2.1/../../../../arm-none-eabi/lib/thumb/v7-a+fp/hard/libc.a(libc_a-lock.o)
                0x02006b58                __retarget_lock_close_recursive
 .text.__retarget_lock_acquire_recursive
                0x02006b5c        0x4 /home/test/zynq_psoracle/toolchain/xpack-arm-none-eabi-gcc-14.2.1-1.1/bin/../lib/gcc/arm-none-eabi/14.2.1/../../../../arm-none-eabi/lib/thumb/v7-a+fp/hard/libc.a(libc_a-lock.o)
                0x02006b5c                __retarget_lock_acquire_recursive
 .text.__retarget_lock_release_recursive
                0x02006b60        0x4 /home/test/zynq_psoracle/toolchain/xpack-arm-none-eabi-gcc-14.2.1-1.1/bin/../lib/gcc/arm-none-eabi/14.2.1/../../../../arm-none-eabi/lib/thumb/v7-a+fp/hard/libc.a(libc_a-lock.o)
                0x02006b60                __retarget_lock_release_recursive
 .text.startup.register_fini
                0x02006b64       0x18 /home/test/zynq_psoracle/toolchain/xpack-arm-none-eabi-gcc-14.2.1-1.1/bin/../lib/gcc/arm-none-eabi/14.2.1/../../../../arm-none-eabi/lib/thumb/v7-a+fp/hard/libc.a(libc_a-__call_atexit.o)
 .text.__call_exitprocs
                0x02006b7c       0xd0 /home/test/zynq_psoracle/toolchain/xpack-arm-none-eabi-gcc-14.2.1-1.1/bin/../lib/gcc/arm-none-eabi/14.2.1/../../../../arm-none-eabi/lib/thumb/v7-a+fp/hard/libc.a(libc_a-__call_atexit.o)
                0x02006b7c                __call_exitprocs
 .text.atexit   0x02006c4c        0xc /home/test/zynq_psoracle/toolchain/xpack-arm-none-eabi-gcc-14.2.1-1.1/bin/../lib/gcc/arm-none-eabi/14.2.1/../../../../arm-none-eabi/lib/thumb/v7-a+fp/hard/libc.a(libc_a-atexit.o)
                0x02006c4c                atexit
 .text._malloc_trim_r
                0x02006c58       0xc0 /home/test/zynq_psoracle/toolchain/xpack-arm-none-eabi-gcc-14.2.1-1.1/bin/../lib/gcc/arm-none-eabi/14.2.1/../../../../arm-none-eabi/lib/thumb/v7-a+fp/hard/libc.a(libc_a-freer.o)
                0x02006c58                _malloc_trim_r
 .text._free_r  0x02006d18      0x200 /home/test/zynq_psoracle/toolchain/xpack-arm-none-eabi-gcc-14.2.1-1.1/bin/../lib/gcc/arm-none-eabi/14.2.1/../../../../arm-none-eabi/lib/thumb/v7-a+fp/hard/libc.a(libc_a-freer.o)
                0x02006d18                _free_r
 .text._malloc_r
                0x02006f18      0x5c4 /home/test/zynq_psoracle/toolchain/xpack-arm-none-eabi-gcc-14.2.1-1.1/bin/../lib/gcc/arm-none-eabi/14.2.1/../../../../arm-none-eabi/lib/thumb/v7-a+fp/hard/libc.a(libc_a-mallocr.o)
                0x02006f18                _malloc_r
 .text.__malloc_lock
                0x020074dc        0xc /home/test/zynq_psoracle/toolchain/xpack-arm-none-eabi-gcc-14.2.1-1.1/bin/../lib/gcc/arm-none-eabi/14.2.1/../../../../arm-none-eabi/lib/thumb/v7-a+fp/hard/libc.a(libc_a-mlock.o)
                0x020074dc                __malloc_lock
 .text.__malloc_unlock
                0x020074e8        0xc /home/test/zynq_psoracle/toolchain/xpack-arm-none-eabi-gcc-14.2.1-1.1/bin/../lib/gcc/arm-none-eabi/14.2.1/../../../../arm-none-eabi/lib/thumb/v7-a+fp/hard/libc.a(libc_a-mlock.o)
                0x020074e8                __malloc_unlock
 *fill*         0x020074f4        0x4 
 .text._svfprintf_r
                0x020074f8     0x2190 /home/test/zynq_psoracle/toolchain/xpack-arm-none-eabi-gcc-14.2.1-1.1/bin/../lib/gcc/arm-none-eabi/14.2.1/../../../../arm-none-eabi/lib/thumb/v7-a+fp/hard/libc.a(libc_a-svfprintf.o)
                0x020074f8                _svfprintf_r
 .text.__ssprint_r
                0x02009688       0x58 /home/test/zynq_psoracle/toolchain/xpack-arm-none-eabi-gcc-14.2.1-1.1/bin/../lib/gcc/arm-none-eabi/14.2.1/../../../../arm-none-eabi/lib/thumb/v7-a+fp/hard/libc.a(libc_a-ssprint_r.o)
                0x02009688                __ssprint_r
 .text._fclose_r
                0x020096e0       0xc0 /home/test/zynq_psoracle/toolchain/xpack-arm-none-eabi-gcc-14.2.1-1.1/bin/../lib/gcc/arm-none-eabi/14.2.1/../../../../arm-none-eabi/lib/thumb/v7-a+fp/hard/libc.a(libc_a-fclose.o)
                0x020096e0                _fclose_r
 .text.__sflush_r
                0x020097a0      0x138 /home/test/zynq_psoracle/toolchain/xpack-arm-none-eabi-gcc-14.2.1-1.1/bin/../lib/gcc/arm-none-eabi/14.2.1/../../../../arm-none-eabi/lib/thumb/v7-a+fp/hard/libc.a(libc_a-fflush.o)
                0x020097a0                __sflush_r
 .text._fflush_r
                0x020098d8       0x54 /home/test/zynq_psoracle/toolchain/xpack-arm-none-eabi-gcc-14.2.1-1.1/bin/../lib/gcc/arm-none-eabi/14.2.1/../../../../arm-none-eabi/lib/thumb/v7-a+fp/hard/libc.a(libc_a-fflush.o)
                0x020098d8                _fflush_r
 .text.strchr   0x0200992c       0xd0 /home/test/zynq_psoracle/toolchain/xpack-arm-none-eabi-gcc-14.2.1-1.1/bin/../lib/gcc/arm-none-eabi/14.2.1/../../../../arm-none-eabi/lib/thumb/v7-a+fp/hard/libc.a(libc_a-strchr.o)
                0x0200992c                strchr
 .text.strncpy  0x020099fc       0x74 /home/test/zynq_psoracle/toolchain/xpack-arm-none-eabi-gcc-14.2.1-1.1/bin/../lib/gcc/arm-none-eabi/14.2.1/../../../../arm-none-eabi/lib/thumb/v7-a+fp/hard/libc.a(libc_a-strncpy.o)
                0x020099fc                strncpy
 .text.__locale_mb_cur_max
                0x02009a70       0x10 /home/test/zynq_psoracle/toolchain/xpack-arm-none-eabi-gcc-14.2.1-1.1/bin/../lib/gcc/arm-none-eabi/14.2.1/../../../../arm-none-eabi/lib/thumb/v7-a+fp/hard/libc.a(libc_a-locale.o)
                0x02009a70                __locale_mb_cur_max
 .text._localeconv_r
                0x02009a80        0x8 /home/test/zynq_psoracle/toolchain/xpack-arm-none-eabi-gcc-14.2.1-1.1/bin/../lib/gcc/arm-none-eabi/14.2.1/../../../../arm-none-eabi/lib/thumb/v7-a+fp/hard/libc.a(libc_a-localeconv.o)
                0x02009a80                _localeconv_r
 .text._sbrk_r  0x02009a88       0x28 /home/test/zynq_psoracle/toolchain/xpack-arm-none-eabi-gcc-14.2.1-1.1/bin/../lib/gcc/arm-none-eabi/14.2.1/../../../../arm-none-eabi/lib/thumb/v7-a+fp/hard/libc.a(libc_a-sbrkr.o)
                0x02009a88                _sbrk_r
 .text.sysconf  0x02009ab0       0x1c /home/test/zynq_psoracle/toolchain/xpack-arm-none-eabi-gcc-14.2.1-1.1/bin/../lib/gcc/arm-none-eabi/14.2.1/../../../../arm-none-eabi/lib/thumb/v7-a+fp/hard/libc.a(libc_a-sysconf.o)
                0x02009ab0                sysconf
 *fill*         0x02009acc        0x4 
 .text.frexp    0x02009ad0       0x78 /home/test/zynq_psoracle/toolchain/xpack-arm-none-eabi-gcc-14.2.1-1.1/bin/../lib/gcc/arm-none-eabi/14.2.1/../../../../arm-none-eabi/lib/thumb/v7-a+fp/hard/libc.a(libm_a-s_frexp.o)
                0x02009ad0                frexp
 .text.__register_exitproc
                0x02009b48       0x88 /home/test/zynq_psoracle/toolchain/xpack-arm-none-eabi-gcc-14.2.1-1.1/bin/../lib/gcc/arm-none-eabi/14.2.1/../../../../arm-none-eabi/lib/thumb/v7-a+fp/hard/libc.a(libc_a-__atexit.o)
                0x02009b48                __register_exitproc
 .text.quorem   0x02009bd0      0x138 /home/test/zynq_psoracle/toolchain/xpack-arm-none-eabi-gcc-14.2.1-1.1/bin/../lib/gcc/arm-none-eabi/14.2.1/../../../../arm-none-eabi/lib/thumb/v7-a+fp/hard/libc.a(libc_a-dtoa.o)
 .text._dtoa_r  0x02009d08      0xdac /home/test/zynq_psoracle/toolchain/xpack-arm-none-eabi-gcc-14.2.1-1.1/bin/../lib/gcc/arm-none-eabi/14.2.1/../../../../arm-none-eabi/lib/thumb/v7-a+fp/hard/libc.a(libc_a-dtoa.o)
                0x02009d08                _dtoa_r
 .text.__ascii_mbtowc
                0x0200aab4       0x24 /home/test/zynq_psoracle/toolchain/xpack-arm-none-eabi-gcc-14.2.1-1.1/bin/../lib/gcc/arm-none-eabi/14.2.1/../../../../arm-none-eabi/lib/thumb/v7-a+fp/hard/libc.a(libc_a-mbtowc_r.o)
                0x0200aab4                __ascii_mbtowc
 .text._Balloc  0x0200aad8       0x4c /home/test/zynq_psoracle/toolchain/xpack-arm-none-eabi-gcc-14.2.1-1.1/bin/../lib/gcc/arm-none-eabi/14.2.1/../../../../arm-none-eabi/lib/thumb/v7-a+fp/hard/libc.a(libc_a-mprec.o)
                0x0200aad8                _Balloc
 .text._Bfree   0x0200ab24       0x14 /home/test/zynq_psoracle/toolchain/xpack-arm-none-eabi-gcc-14.2.1-1.1/bin/../lib/gcc/arm-none-eabi/14.2.1/../../../../arm-none-eabi/lib/thumb/v7-a+fp/hard/libc.a(libc_a-mprec.o)
                0x0200ab24                _Bfree
 .text.__multadd
                0x0200ab38       0xa8 /home/test/zynq_psoracle/toolchain/xpack-arm-none-eabi-gcc-14.2.1-1.1/bin/../lib/gcc/arm-none-eabi/14.2.1/../../../../arm-none-eabi/lib/thumb/v7-a+fp/hard/libc.a(libc_a-mprec.o)
                0x0200ab38                __multadd
 .text.__hi0bits
                0x0200abe0       0x54 /home/test/zynq_psoracle/toolchain/xpack-arm-none-eabi-gcc-14.2.1-1.1/bin/../lib/gcc/arm-none-eabi/14.2.1/../../../../arm-none-eabi/lib/thumb/v7-a+fp/hard/libc.a(libc_a-mprec.o)
                0x0200abe0                __hi0bits
 .text.__lo0bits
                0x0200ac34       0x80 /home/test/zynq_psoracle/toolchain/xpack-arm-none-eabi-gcc-14.2.1-1.1/bin/../lib/gcc/arm-none-eabi/14.2.1/../../../../arm-none-eabi/lib/thumb/v7-a+fp/hard/libc.a(libc_a-mprec.o)
                0x0200ac34                __lo0bits
 .text.__i2b    0x0200acb4       0x60 /home/test/zynq_psoracle/toolchain/xpack-arm-none-eabi-gcc-14.2.1-1.1/bin/../lib/gcc/arm-none-eabi/14.2.1/../../../../arm-none-eabi/lib/thumb/v7-a+fp/hard/libc.a(libc_a-mprec.o)
                0x0200acb4                __i2b
 .text.__multiply
                0x0200ad14      0x174 /home/test/zynq_psoracle/toolchain/xpack-arm-none-eabi-gcc-14.2.1-1.1/bin/../lib/gcc/arm-none-eabi/14.2.1/../../../../arm-none-eabi/lib/thumb/v7-a+fp/hard/libc.a(libc_a-mprec.o)
                0x0200ad14                __multiply
 .text.__pow5mult
                0x0200ae88       0xc8 /home/test/zynq_psoracle/toolchain/xpack-arm-none-eabi-gcc-14.2.1-1.1/bin/../lib/gcc/arm-none-eabi/14.2.1/../../../../arm-none-eabi/lib/thumb/v7-a+fp/hard/libc.a(libc_a-mprec.o)
                0x0200ae88                __pow5mult
 .text.__lshift
                0x0200af50       0xe8 /home/test/zynq_psoracle/toolchain/xpack-arm-none-eabi-gcc-14.2.1-1.1/bin/../lib/gcc/arm-none-eabi/14.2.1/../../../../arm-none-eabi/lib/thumb/v7-a+fp/hard/libc.a(libc_a-mprec.o)
                0x0200af50                __lshift
 .text.__mcmp   0x0200b038       0x40 /home/test/zynq_psoracle/toolchain/xpack-arm-none-eabi-gcc-14.2.1-1.1/bin/../lib/gcc/arm-none-eabi/14.2.1/../../../../arm-none-eabi/lib/thumb/v7-a+fp/hard/libc.a(libc_a-mprec.o)
                0x0200b038                __mcmp
 .text.__mdiff  0x0200b078      0x180 /home/test/zynq_psoracle/toolchain/xpack-arm-none-eabi-gcc-14.2.1-1.1/bin/../lib/gcc/arm-none-eabi/14.2.1/../../../../arm-none-eabi/lib/thumb/v7-a+fp/hard/libc.a(libc_a-mprec.o)
                0x0200b078                __mdiff
 .text.__d2b    0x0200b1f8       0xc0 /home/test/zynq_psoracle/toolchain/xpack-arm-none-eabi-gcc-14.2.1-1.1/bin/../lib/gcc/arm-none-eabi/14.2.1/../../../../arm-none-eabi/lib/thumb/v7-a+fp/hard/libc.a(libc_a-mprec.o)
                0x0200b1f8                __d2b
 .text.__ascii_wctomb
                0x0200b2b8       0x1c /home/test/zynq_psoracle/toolchain/xpack-arm-none-eabi-gcc-14.2.1-1.1/bin/../lib/gcc/arm-none-eabi/14.2.1/../../../../arm-none-eabi/lib/thumb/v7-a+fp/hard/libc.a(libc_a-wctomb_r.o)
                0x0200b2b8                __ascii_wctomb
 .text._wcrtomb_r
                0x0200b2d4       0x3c /home/test/zynq_psoracle/toolchain/xpack-arm-none-eabi-gcc-14.2.1-1.1/bin/../lib/gcc/arm-none-eabi/14.2.1/../../../../arm-none-eabi/lib/thumb/v7-a+fp/hard/libc.a(libc_a-wcrtomb.o)
                0x0200b2d4                _wcrtomb_r
 .text._wcsrtombs_r
                0x0200b310       0x18 /home/test/zynq_psoracle/toolchain/xpack-arm-none-eabi-gcc-14.2.1-1.1/bin/../lib/gcc/arm-none-eabi/14.2.1/../../../../arm-none-eabi/lib/thumb/v7-a+fp/hard/libc.a(libc_a-wcsrtombs.o)
                0x0200b310                _wcsrtombs_r
 .text.__ssputs_r
                0x0200b328       0xc0 /home/test/zynq_psoracle/toolchain/xpack-arm-none-eabi-gcc-14.2.1-1.1/bin/../lib/gcc/arm-none-eabi/14.2.1/../../../../arm-none-eabi/lib/thumb/v7-a+fp/hard/libc.a(libc_a-ssputs_r.o)
                0x0200b328                __ssputs_r
 .text.__assert_func
                0x0200b3e8       0x44 /home/test/zynq_psoracle/toolchain/xpack-arm-none-eabi-gcc-14.2.1-1.1/bin/../lib/gcc/arm-none-eabi/14.2.1/../../../../arm-none-eabi/lib/thumb/v7-a+fp/hard/libc.a(libc_a-assert.o)
                0x0200b3e8                __assert_func
 .text._calloc_r
                0x0200b42c       0x7c /home/test/zynq_psoracle/toolchain/xpack-arm-none-eabi-gcc-14.2.1-1.1/bin/../lib/gcc/arm-none-eabi/14.2.1/../../../../arm-none-eabi/lib/thumb/v7-a+fp/hard/libc.a(libc_a-callocr.o)
                0x0200b42c                _calloc_r
 .text._realloc_r
                0x0200b4a8      0x380 /home/test/zynq_psoracle/toolchain/xpack-arm-none-eabi-gcc-14.2.1-1.1/bin/../lib/gcc/arm-none-eabi/14.2.1/../../../../arm-none-eabi/lib/thumb/v7-a+fp/hard/libc.a(libc_a-reallocr.o)
                0x0200b4a8                _realloc_r
 .text._wcsnrtombs_l
                0x0200b828       0xf0 /home/test/zynq_psoracle/toolchain/xpack-arm-none-eabi-gcc-14.2.1-1.1/bin/../lib/gcc/arm-none-eabi/14.2.1/../../../../arm-none-eabi/lib/thumb/v7-a+fp/hard/libc.a(libc_a-wcsnrtombs.o)
                0x0200b828                _wcsnrtombs_l
 .text._wcsnrtombs_r
                0x0200b918       0x28 /home/test/zynq_psoracle/toolchain/xpack-arm-none-eabi-gcc-14.2.1-1.1/bin/../lib/gcc/arm-none-eabi/14.2.1/../../../../arm-none-eabi/lib/thumb/v7-a+fp/hard/libc.a(libc_a-wcsnrtombs.o)
                0x0200b918                _wcsnrtombs_r
 .text.fiprintf
                0x0200b940       0x2c /home/test/zynq_psoracle/toolchain/xpack-arm-none-eabi-gcc-14.2.1-1.1/bin/../lib/gcc/arm-none-eabi/14.2.1/../../../../arm-none-eabi/lib/thumb/v7-a+fp/hard/libc.a(libc_a-fiprintf.o)
                0x0200b940                fiprintf
 .text._vfiprintf_r
                0x0200b96c     0x11fc /home/test/zynq_psoracle/toolchain/xpack-arm-none-eabi-gcc-14.2.1-1.1/bin/../lib/gcc/arm-none-eabi/14.2.1/../../../../arm-none-eabi/lib/thumb/v7-a+fp/hard/libc.a(libc_a-vfiprintf.o)
                0x0200b96c                _vfiprintf_r
 .text.__sbprintf
                0x0200cb68       0x84 /home/test/zynq_psoracle/toolchain/xpack-arm-none-eabi-gcc-14.2.1-1.1/bin/../lib/gcc/arm-none-eabi/14.2.1/../../../../arm-none-eabi/lib/thumb/v7-a+fp/hard/libc.a(libc_a-vfiprintf.o)
 .text.__sprint_r
                0x0200cbec       0x20 /home/test/zynq_psoracle/toolchain/xpack-arm-none-eabi-gcc-14.2.1-1.1/bin/../lib/gcc/arm-none-eabi/14.2.1/../../../../arm-none-eabi/lib/thumb/v7-a+fp/hard/libc.a(libc_a-sprint_r.o)
                0x0200cbec                __sprint_r
 .text.__sfvwrite_r
                0x0200cc0c      0x2f4 /home/test/zynq_psoracle/toolchain/xpack-arm-none-eabi-gcc-14.2.1-1.1/bin/../lib/gcc/arm-none-eabi/14.2.1/../../../../arm-none-eabi/lib/thumb/v7-a+fp/hard/libc.a(libc_a-fvwrite.o)
                0x0200cc0c                __sfvwrite_r
 .text.__swsetup_r
                0x0200cf00       0xe8 /home/test/zynq_psoracle/toolchain/xpack-arm-none-eabi-gcc-14.2.1-1.1/bin/../lib/gcc/arm-none-eabi/14.2.1/../../../../arm-none-eabi/lib/thumb/v7-a+fp/hard/libc.a(libc_a-wsetup.o)
                0x0200cf00                __swsetup_r
 .text.__smakebuf_r
                0x0200cfe8       0xd0 /home/test/zynq_psoracle/toolchain/xpack-arm-none-eabi-gcc-14.2.1-1.1/bin/../lib/gcc/arm-none-eabi/14.2.1/../../../../arm-none-eabi/lib/thumb/v7-a+fp/hard/libc.a(libc_a-makebuf.o)
                0x0200cfe8                __smakebuf_r
 .text._fstat_r
                0x0200d0b8       0x2c /home/test/zynq_psoracle/toolchain/xpack-arm-none-eabi-gcc-14.2.1-1.1/bin/../lib/gcc/arm-none-eabi/14.2.1/../../../../arm-none-eabi/lib/thumb/v7-a+fp/hard/libc.a(libc_a-fstatr.o)
                0x0200d0b8                _fstat_r
 .text._isatty_r
                0x0200d0e4       0x28 /home/test/zynq_psoracle/toolchain/xpack-arm-none-eabi-gcc-14.2.1-1.1/bin/../lib/gcc/arm-none-eabi/14.2.1/../../../../arm-none-eabi/lib/thumb/v7-a+fp/hard/libc.a(libc_a-isattyr.o)
                0x0200d0e4                _isatty_r
 *(.gnu.linkonce.t.*)
 *(.plt)
 *(.gnu_warning)
 *(.gcc_except_table)
 *(.glue_7)
 .glue_7        0x0200d10c        0x0 linker stubs
 *(.glue_7t)
 .glue_7t       0x0200d10c        0x0 linker stubs
 *(.vfp11_veneer)
 .vfp11_veneer  0x0200d10c        0x0 linker stubs
 *(.ARM.extab)
 *(.gnu.linkonce.armextab.*)

.v4_bx          0x0200d10c        0x0
 .v4_bx         0x0200d10c        0x0 linker stubs

.iplt           0x0200d10c        0x0
 .iplt          0x0200d10c        0x0 /home/test/zynq_psoracle/toolchain/xpack-arm-none-eabi-gcc-14.2.1-1.1/bin/../lib/gcc/arm-none-eabi/14.2.1/thumb/v7-a+fp/hard/crtbegin.o

.init           0x0200d10c        0xc
 *(.init)
 .init          0x0200d10c        0x4 /home/test/zynq_psoracle/toolchain/xpack-arm-none-eabi-gcc-14.2.1-1.1/bin/../lib/gcc/arm-none-eabi/14.2.1/thumb/v7-a+fp/hard/crti.o
                0x0200d10c                _init
 .init          0x0200d110        0x8 /home/test/zynq_psoracle/toolchain/xpack-arm-none-eabi-gcc-14.2.1-1.1/bin/../lib/gcc/arm-none-eabi/14.2.1/thumb/v7-a+fp/hard/crtn.o

.fini           0x0200d118        0xc
 *(.fini)
 .fini          0x0200d118        0x4 /home/test/zynq_psoracle/toolchain/xpack-arm-none-eabi-gcc-14.2.1-1.1/bin/../lib/gcc/arm-none-eabi/14.2.1/thumb/v7-a+fp/hard/crti.o
                0x0200d118                _fini
 .fini          0x0200d11c        0x8 /home/test/zynq_psoracle/toolchain/xpack-arm-none-eabi-gcc-14.2.1-1.1/bin/../lib/gcc/arm-none-eabi/14.2.1/thumb/v7-a+fp/hard/crtn.o

.rodata         0x0200d128     0x3508
                0x0200d128                        __rodata_start = .
 *(.rodata)
 *(.rodata.*)
 .rodata.XScuWdt_CfgInitialize.str1.4
                0x0200d128     0x1227 /home/test/zynq_psoracle/firmware/bsp/out/wd_xscuwdt.c.o
                                 0x60 (size before relaxing)
 .rodata.devcfg_dma.str1.4
                0x0200e34f       0x8f /home/test/zynq_psoracle/firmware/bsp/out/p3_app.c.o
 .rodata.send_frame.str1.4
                0x0200e34f       0x27 /home/test/zynq_psoracle/firmware/bsp/out/p3_app.c.o
 .rodata.send_payload.str1.4
                0x0200e34f       0x2b /home/test/zynq_psoracle/firmware/bsp/out/p3_app.c.o
 .rodata.emit_summary.str1.4
                0x0200e34f        0x9 /home/test/zynq_psoracle/firmware/bsp/out/p3_app.c.o
 .rodata.write_envelopes.str1.4
                0x0200e34f        0x7 /home/test/zynq_psoracle/firmware/bsp/out/p3_app.c.o
 .rodata.serve_audit.str1.4
                0x0200e34f       0x4e /home/test/zynq_psoracle/firmware/bsp/out/p3_app.c.o
 .rodata.arm_attempt.str1.4
                0x0200e34f       0x23 /home/test/zynq_psoracle/firmware/bsp/out/p3_app.c.o
 .rodata.emit_record.str1.4
                0x0200e34f        0x4 /home/test/zynq_psoracle/firmware/bsp/out/p3_app.c.o
 .rodata.run_candidate.str1.4
                0x0200e34f      0x317 /home/test/zynq_psoracle/firmware/bsp/out/p3_app.c.o
 .rodata.main.str1.4
                0x0200e34f      0x277 /home/test/zynq_psoracle/firmware/bsp/out/p3_app.c.o
 *fill*         0x0200e34f        0x1 
 .rodata.zero_tag.0
                0x0200e350       0x21 /home/test/zynq_psoracle/firmware/bsp/out/p3_app.c.o
 *fill*         0x0200e371        0x3 
 .rodata.key.1  0x0200e374       0x14 /home/test/zynq_psoracle/firmware/bsp/out/p3_app.c.o
 .rodata.str1.4
                0x0200e388       0x35 /home/test/zynq_psoracle/firmware/bsp/out/p3_app.c.o
 .rodata.refused_kind.2
                0x0200e388        0x4 /home/test/zynq_psoracle/firmware/bsp/out/p3_app.c.o
 .rodata.END_NAME
                0x0200e38c       0x10 /home/test/zynq_psoracle/firmware/bsp/out/p3_app.c.o
 .rodata.DMA_READ_CLEANUP
                0x0200e39c       0x10 /home/test/zynq_psoracle/firmware/bsp/out/p3_app.c.o
 .rodata.DMA_READ_FRAME
                0x0200e3ac       0x10 /home/test/zynq_psoracle/firmware/bsp/out/p3_app.c.o
 .rodata.DMA_READ_COMMAND
                0x0200e3bc       0x10 /home/test/zynq_psoracle/firmware/bsp/out/p3_app.c.o
 .rodata.DMA_WRITE_ENVELOPE
                0x0200e3cc       0x10 /home/test/zynq_psoracle/firmware/bsp/out/p3_app.c.o
 .rodata.P3_ENVELOPE
                0x0200e3dc       0x48 /home/test/zynq_psoracle/firmware/bsp/out/p3_app.c.o
 .rodata.P3_TARGET_FARS
                0x0200e424       0x30 /home/test/zynq_psoracle/firmware/bsp/out/p3_app.c.o
 .rodata.p3_parse_stream
                0x0200e454        0xc /home/test/zynq_psoracle/firmware/bsp/out/p3_derive.c.o
 .rodata.abc.0  0x0200e460       0x41 /home/test/zynq_psoracle/firmware/bsp/out/p3_derive.c.o
 *fill*         0x0200e4a1        0x3 
 .rodata.digits.2
                0x0200e4a4       0x11 /home/test/zynq_psoracle/firmware/bsp/out/p3_derive.c.o
 *fill*         0x0200e4b5        0x3 
 .rodata.iv.3   0x0200e4b8       0x20 /home/test/zynq_psoracle/firmware/bsp/out/p3_derive.c.o
 .rodata.K256   0x0200e4d8      0x100 /home/test/zynq_psoracle/firmware/bsp/out/p3_derive.c.o
 .rodata.P3_BASE_FLUSH
                0x0200e5d8      0x4bc /home/test/zynq_psoracle/firmware/bsp/out/p3_derive.c.o
 .rodata.P3_BASE_TARGET
                0x0200ea94     0x12f0 /home/test/zynq_psoracle/firmware/bsp/out/p3_derive.c.o
 .rodata.P3_WHITELIST
                0x0200fd84      0x36c /home/test/zynq_psoracle/firmware/bsp/out/p3_derive.c.o
 .rodata.P3_ENVELOPE
                0x020100f0       0x48 /home/test/zynq_psoracle/firmware/bsp/out/p3_derive.c.o
 .rodata.P3_TARGET_FARS
                0x02010138       0x30 /home/test/zynq_psoracle/firmware/bsp/out/p3_derive.c.o
 .rodata.str1.4
                0x02010168       0x47 /home/test/zynq_psoracle/firmware/bsp/out/p3_search.c.o
 .rodata.P3_MODE_NAME
                0x02010168        0xc /home/test/zynq_psoracle/firmware/bsp/out/p3_search.c.o
                0x02010168                P3_MODE_NAME
 .rodata.P3_ARM_NAME
                0x02010174        0x8 /home/test/zynq_psoracle/firmware/bsp/out/p3_search.c.o
                0x02010174                P3_ARM_NAME
 .rodata.P3_LUT_BITS
                0x0201017c      0x264 /home/test/zynq_psoracle/firmware/bsp/out/p3_search.c.o
 .rodata.P3_LUT_LEN
                0x020103e0        0xc /home/test/zynq_psoracle/firmware/bsp/out/p3_search.c.o
 .rodata.w_str.part.0.str1.4
                0x020103ec        0x7 /home/test/zynq_psoracle/firmware/bsp/out/p3_wire.c.o
 .rodata.w_tables.str1.4
                0x020103ec        0xa /home/test/zynq_psoracle/firmware/bsp/out/p3_wire.c.o
 .rodata.p3_wire_line.str1.4
                0x020103ec       0x20 /home/test/zynq_psoracle/firmware/bsp/out/p3_wire.c.o
 .rodata.p3_wire_identity.str1.4
                0x020103ec      0x148 /home/test/zynq_psoracle/firmware/bsp/out/p3_wire.c.o
 .rodata.p3_wire_sign_request.str1.4
                0x020103ec       0x76 /home/test/zynq_psoracle/firmware/bsp/out/p3_wire.c.o
 .rodata.p3_wire_loop_record.str1.4
                0x020103ec      0x418 /home/test/zynq_psoracle/firmware/bsp/out/p3_wire.c.o
 .rodata.p3_wire_audit.str1.4
                0x020103ec       0x9f /home/test/zynq_psoracle/firmware/bsp/out/p3_wire.c.o
 .rodata.p3_wire_closing.str1.4
                0x020103ec       0x64 /home/test/zynq_psoracle/firmware/bsp/out/p3_wire.c.o
 .rodata.p3_wire_summary.str1.4
                0x020103ec      0x159 /home/test/zynq_psoracle/firmware/bsp/out/p3_wire.c.o
 .rodata._ctype_
                0x020103ec      0x101 /home/test/zynq_psoracle/toolchain/xpack-arm-none-eabi-gcc-14.2.1-1.1/bin/../lib/gcc/arm-none-eabi/14.2.1/../../../../arm-none-eabi/lib/thumb/v7-a+fp/hard/libc.a(libc_a-ctype_.o)
                0x020103ec                _ctype_
 .rodata._svfprintf_r.str1.4
                0x020104ed       0x42 /home/test/zynq_psoracle/toolchain/xpack-arm-none-eabi-gcc-14.2.1-1.1/bin/../lib/gcc/arm-none-eabi/14.2.1/../../../../arm-none-eabi/lib/thumb/v7-a+fp/hard/libc.a(libc_a-svfprintf.o)
 *fill*         0x020104ed        0x3 
 .rodata.zeroes.0
                0x020104f0       0x10 /home/test/zynq_psoracle/toolchain/xpack-arm-none-eabi-gcc-14.2.1-1.1/bin/../lib/gcc/arm-none-eabi/14.2.1/../../../../arm-none-eabi/lib/thumb/v7-a+fp/hard/libc.a(libc_a-svfprintf.o)
 .rodata.blanks.1
                0x02010500       0x10 /home/test/zynq_psoracle/toolchain/xpack-arm-none-eabi-gcc-14.2.1-1.1/bin/../lib/gcc/arm-none-eabi/14.2.1/../../../../arm-none-eabi/lib/thumb/v7-a+fp/hard/libc.a(libc_a-svfprintf.o)
 .rodata.str1.4
                0x02010510       0x4c /home/test/zynq_psoracle/toolchain/xpack-arm-none-eabi-gcc-14.2.1-1.1/bin/../lib/gcc/arm-none-eabi/14.2.1/../../../../arm-none-eabi/lib/thumb/v7-a+fp/hard/libc.a(libc_a-locale.o)
 .rodata._dtoa_r.str1.4
                0x02010510       0xaa /home/test/zynq_psoracle/toolchain/xpack-arm-none-eabi-gcc-14.2.1-1.1/bin/../lib/gcc/arm-none-eabi/14.2.1/../../../../arm-none-eabi/lib/thumb/v7-a+fp/hard/libc.a(libc_a-dtoa.o)
 .rodata.__multadd.str1.4
                0x02010510       0x97 /home/test/zynq_psoracle/toolchain/xpack-arm-none-eabi-gcc-14.2.1-1.1/bin/../lib/gcc/arm-none-eabi/14.2.1/../../../../arm-none-eabi/lib/thumb/v7-a+fp/hard/libc.a(libc_a-mprec.o)
 .rodata.p05.0  0x02010510        0xc /home/test/zynq_psoracle/toolchain/xpack-arm-none-eabi-gcc-14.2.1-1.1/bin/../lib/gcc/arm-none-eabi/14.2.1/../../../../arm-none-eabi/lib/thumb/v7-a+fp/hard/libc.a(libc_a-mprec.o)
 *fill*         0x0201051c        0x4 
 .rodata.__mprec_bigtens
                0x02010520       0x28 /home/test/zynq_psoracle/toolchain/xpack-arm-none-eabi-gcc-14.2.1-1.1/bin/../lib/gcc/arm-none-eabi/14.2.1/../../../../arm-none-eabi/lib/thumb/v7-a+fp/hard/libc.a(libc_a-mprec.o)
                0x02010520                __mprec_bigtens
 .rodata.__mprec_tens
                0x02010548       0xc8 /home/test/zynq_psoracle/toolchain/xpack-arm-none-eabi-gcc-14.2.1-1.1/bin/../lib/gcc/arm-none-eabi/14.2.1/../../../../arm-none-eabi/lib/thumb/v7-a+fp/hard/libc.a(libc_a-mprec.o)
                0x02010548                __mprec_tens
 .rodata.__assert_func.str1.4
                0x02010610       0x43 /home/test/zynq_psoracle/toolchain/xpack-arm-none-eabi-gcc-14.2.1-1.1/bin/../lib/gcc/arm-none-eabi/14.2.1/../../../../arm-none-eabi/lib/thumb/v7-a+fp/hard/libc.a(libc_a-assert.o)
 .rodata._vfiprintf_r.str1.4
                0x02010610       0x2f /home/test/zynq_psoracle/toolchain/xpack-arm-none-eabi-gcc-14.2.1-1.1/bin/../lib/gcc/arm-none-eabi/14.2.1/../../../../arm-none-eabi/lib/thumb/v7-a+fp/hard/libc.a(libc_a-vfiprintf.o)
 .rodata.zeroes.0
                0x02010610       0x10 /home/test/zynq_psoracle/toolchain/xpack-arm-none-eabi-gcc-14.2.1-1.1/bin/../lib/gcc/arm-none-eabi/14.2.1/../../../../arm-none-eabi/lib/thumb/v7-a+fp/hard/libc.a(libc_a-vfiprintf.o)
 .rodata.blanks.1
                0x02010620       0x10 /home/test/zynq_psoracle/toolchain/xpack-arm-none-eabi-gcc-14.2.1-1.1/bin/../lib/gcc/arm-none-eabi/14.2.1/../../../../arm-none-eabi/lib/thumb/v7-a+fp/hard/libc.a(libc_a-vfiprintf.o)
 *(.gnu.linkonce.r.*)
                0x02010630                        __rodata_end = .

.rodata1        0x02010630        0x0
                0x02010630                        __rodata1_start = .
 *(.rodata1)
 *(.rodata1.*)
                0x02010630                        __rodata1_end = .

.sdata2         0x02010630        0x0
                0x02010630                        __sdata2_start = .
 *(.sdata2)
 *(.sdata2.*)
 *(.gnu.linkonce.s2.*)
                0x02010630                        __sdata2_end = .

.sbss2          0x02010630        0x0
                0x02010630                        __sbss2_start = .
 *(.sbss2)
 *(.sbss2.*)
 *(.gnu.linkonce.sb2.*)
                0x02010630                        __sbss2_end = .

.data           0x02010630      0x71c
                0x02010630                        __data_start = .
 *(.data)
 *(.data.*)
 .data.XExc_VectorTable
                0x02010630       0x38 /home/test/zynq_psoracle/firmware/bsp/out/arm_common_xil_exception.c.o
                0x02010630                XExc_VectorTable
 .data.Xil_AssertWait
                0x02010668        0x4 /home/test/zynq_psoracle/firmware/bsp/out/common_xil_assert.c.o
                0x02010668                Xil_AssertWait
 .data.XScuWdt_ConfigTable
                0x0201066c        0x8 /home/test/zynq_psoracle/firmware/bsp/out/wd_xscuwdt_g.c.o
                0x0201066c                XScuWdt_ConfigTable
 .data.__sglue  0x02010674        0xc /home/test/zynq_psoracle/toolchain/xpack-arm-none-eabi-gcc-14.2.1-1.1/bin/../lib/gcc/arm-none-eabi/14.2.1/../../../../arm-none-eabi/lib/thumb/v7-a+fp/hard/libc.a(libc_a-findfp.o)
                0x02010674                __sglue
 .data._impure_ptr
                0x02010680        0x4 /home/test/zynq_psoracle/toolchain/xpack-arm-none-eabi-gcc-14.2.1-1.1/bin/../lib/gcc/arm-none-eabi/14.2.1/../../../../arm-none-eabi/lib/thumb/v7-a+fp/hard/libc.a(libc_a-impure.o)
                0x02010680                _impure_ptr
 *fill*         0x02010684        0x4 
 .data._impure_data
                0x02010688      0x140 /home/test/zynq_psoracle/toolchain/xpack-arm-none-eabi-gcc-14.2.1-1.1/bin/../lib/gcc/arm-none-eabi/14.2.1/../../../../arm-none-eabi/lib/thumb/v7-a+fp/hard/libc.a(libc_a-impure.o)
                0x02010688                _impure_data
 .data.__atexit_recursive_mutex
                0x020107c8        0x4 /home/test/zynq_psoracle/toolchain/xpack-arm-none-eabi-gcc-14.2.1-1.1/bin/../lib/gcc/arm-none-eabi/14.2.1/../../../../arm-none-eabi/lib/thumb/v7-a+fp/hard/libc.a(libc_a-__call_atexit.o)
                0x020107c8                __atexit_recursive_mutex
 .data.__malloc_sbrk_base
                0x020107cc        0x4 /home/test/zynq_psoracle/toolchain/xpack-arm-none-eabi-gcc-14.2.1-1.1/bin/../lib/gcc/arm-none-eabi/14.2.1/../../../../arm-none-eabi/lib/thumb/v7-a+fp/hard/libc.a(libc_a-mallocr.o)
                0x020107cc                __malloc_sbrk_base
 .data.__malloc_trim_threshold
                0x020107d0        0x4 /home/test/zynq_psoracle/toolchain/xpack-arm-none-eabi-gcc-14.2.1-1.1/bin/../lib/gcc/arm-none-eabi/14.2.1/../../../../arm-none-eabi/lib/thumb/v7-a+fp/hard/libc.a(libc_a-mallocr.o)
                0x020107d0                __malloc_trim_threshold
 *fill*         0x020107d4        0x4 
 .data.__malloc_av_
                0x020107d8      0x408 /home/test/zynq_psoracle/toolchain/xpack-arm-none-eabi-gcc-14.2.1-1.1/bin/../lib/gcc/arm-none-eabi/14.2.1/../../../../arm-none-eabi/lib/thumb/v7-a+fp/hard/libc.a(libc_a-mallocr.o)
                0x020107d8                __malloc_av_
 .data.__global_locale
                0x02010be0      0x16c /home/test/zynq_psoracle/toolchain/xpack-arm-none-eabi-gcc-14.2.1-1.1/bin/../lib/gcc/arm-none-eabi/14.2.1/../../../../arm-none-eabi/lib/thumb/v7-a+fp/hard/libc.a(libc_a-locale.o)
                0x02010be0                __global_locale
 *(.gnu.linkonce.d.*)
 *(.jcr)
 *(.got)
 *(.got.plt)
                0x02010d4c                        __data_end = .

.igot.plt       0x02010d4c        0x0
 .igot.plt      0x02010d4c        0x0 /home/test/zynq_psoracle/toolchain/xpack-arm-none-eabi-gcc-14.2.1-1.1/bin/../lib/gcc/arm-none-eabi/14.2.1/thumb/v7-a+fp/hard/crtbegin.o

.data1          0x02010d4c        0x0
                0x02010d4c                        __data1_start = .
 *(.data1)
 *(.data1.*)
                0x02010d4c                        __data1_end = .

.got
 *(.got)

.ctors          0x02010d4c        0x0
                0x02010d4c                        __CTOR_LIST__ = .
                0x02010d4c                        ___CTORS_LIST___ = .
 *crtbegin.o(.ctors)
 *(EXCLUDE_FILE(*crtend.o) .ctors)
 *(SORT_BY_NAME(.ctors.*))
 *(.ctors)
                0x02010d4c                        __CTOR_END__ = .
                0x02010d4c                        ___CTORS_END___ = .

.dtors          0x02010d4c        0x0
                0x02010d4c                        __DTOR_LIST__ = .
                0x02010d4c                        ___DTORS_LIST___ = .
 *crtbegin.o(.dtors)
 *(EXCLUDE_FILE(*crtend.o) .dtors)
 *(SORT_BY_NAME(.dtors.*))
 *(.dtors)
                0x02010d4c                        __DTOR_END__ = .
                0x02010d4c                        ___DTORS_END___ = .

.fixup          0x02010d4c        0x0
                0x02010d4c                        __fixup_start = .
 *(.fixup)
                0x02010d4c                        __fixup_end = .

.eh_frame       0x02010d4c        0x0
 *(.eh_frame)
 .eh_frame      0x02010d4c        0x0 /home/test/zynq_psoracle/toolchain/xpack-arm-none-eabi-gcc-14.2.1-1.1/bin/../lib/gcc/arm-none-eabi/14.2.1/thumb/v7-a+fp/hard/crtbegin.o

.eh_framehdr    0x02010d4c        0x0
                0x02010d4c                        __eh_framehdr_start = .
 *(.eh_framehdr)
                0x02010d4c                        __eh_framehdr_end = .

.gcc_except_table
 *(.gcc_except_table)

.mmu_tbl        0x02014000     0x4000
                0x02014000                        __mmu_tbl_start = .
 *(.mmu_tbl)
 .mmu_tbl       0x02014000     0x4000 /home/test/zynq_psoracle/firmware/bsp/out/arm_cortexa9_gcc_translation_table.S.o
                0x02014000                MMUTable
                0x02018000                        __mmu_tbl_end = .

.ARM.exidx      0x02018000        0x8
                0x02018000                        __exidx_start = .
 *(.ARM.exidx*)
 .ARM.exidx     0x02018000        0x8 /home/test/zynq_psoracle/toolchain/xpack-arm-none-eabi-gcc-14.2.1-1.1/bin/../lib/gcc/arm-none-eabi/14.2.1/../../../../arm-none-eabi/lib/thumb/v7-a+fp/hard/libc.a(libc_a-strcmp.o)
 .ARM.exidx     0x02018008        0x0 /home/test/zynq_psoracle/toolchain/xpack-arm-none-eabi-gcc-14.2.1-1.1/bin/../lib/gcc/arm-none-eabi/14.2.1/../../../../arm-none-eabi/lib/thumb/v7-a+fp/hard/libc.a(libc_a-strlen.o)
                                  0x8 (size before relaxing)
 .ARM.exidx     0x02018008        0x0 /home/test/zynq_psoracle/toolchain/xpack-arm-none-eabi-gcc-14.2.1-1.1/bin/../lib/gcc/arm-none-eabi/14.2.1/../../../../arm-none-eabi/lib/thumb/v7-a+fp/hard/libc.a(libc_a-memchr.o)
                                  0x8 (size before relaxing)
 .ARM.exidx.text.__udivmoddi4
                0x02018008        0x0 /home/test/zynq_psoracle/toolchain/xpack-arm-none-eabi-gcc-14.2.1-1.1/bin/../lib/gcc/arm-none-eabi/14.2.1/thumb/v7-a+fp/hard/libgcc.a(_udivmoddi4.o)
                                  0x8 (size before relaxing)
 *(.gnu.linkonce.armexidx.*)
                0x02018008                        __exidx_end = .

.rel.dyn        0x02018008        0x0
 .rel.iplt      0x02018008        0x0 /home/test/zynq_psoracle/toolchain/xpack-arm-none-eabi-gcc-14.2.1-1.1/bin/../lib/gcc/arm-none-eabi/14.2.1/thumb/v7-a+fp/hard/crtbegin.o

.preinit_array  0x02018008        0x0
                0x02018008                        __preinit_array_start = .
 *(.preinit_array)
                0x02018008                        __preinit_array_end = .

.init_array     0x02018008        0x8
                0x02018008                        __init_array_start = .
 *(SORT_BY_NAME(.init_array.*))
 .init_array.00000
                0x02018008        0x4 /home/test/zynq_psoracle/toolchain/xpack-arm-none-eabi-gcc-14.2.1-1.1/bin/../lib/gcc/arm-none-eabi/14.2.1/../../../../arm-none-eabi/lib/thumb/v7-a+fp/hard/libc.a(libc_a-__call_atexit.o)
 *(.init_array)
 .init_array    0x0201800c        0x4 /home/test/zynq_psoracle/toolchain/xpack-arm-none-eabi-gcc-14.2.1-1.1/bin/../lib/gcc/arm-none-eabi/14.2.1/thumb/v7-a+fp/hard/crtbegin.o
                0x02018010                        __init_array_end = .

.fini_array     0x02018010        0x4
                0x02018010                        __fini_array_start = .
 *(SORT_BY_NAME(.fini_array.*))
 *(.fini_array)
 .fini_array    0x02018010        0x4 /home/test/zynq_psoracle/toolchain/xpack-arm-none-eabi-gcc-14.2.1-1.1/bin/../lib/gcc/arm-none-eabi/14.2.1/thumb/v7-a+fp/hard/crtbegin.o
                0x02018014                        __fini_array_end = .

.sdata          0x02018014        0x0
                0x02018014                        __sdata_start = .
 *(.sdata)
 *(.sdata.*)
 *(.gnu.linkonce.s.*)
                0x02018014                        __sdata_end = .

.sbss           0x02018014        0x0
                0x02018014                        __sbss_start = .
 *(.sbss)
 *(.sbss.*)
 *(.gnu.linkonce.sb.*)
                0x02018014                        __sbss_end = .

.tdata          0x02018014        0x0
                0x02018014                        __tdata_start = .
 *(.tdata)
 *(.tdata.*)
 *(.gnu.linkonce.td.*)
                0x02018014                        __tdata_end = .

.tbss           0x02018014        0x0
                0x02018014                        __tbss_start = .
 *(.tbss)
 *(.tbss.*)
 *(.gnu.linkonce.tb.*)
                0x02018014                        __tbss_end = .

.bss            0x02018018     0xb374
                0x02018018                        __bss_start__ = .
                0x02018018                        __bss_start = .
 *(.bss)
 *(.bss.*)
 .bss.completed.1
                0x02018018        0x1 /home/test/zynq_psoracle/toolchain/xpack-arm-none-eabi-gcc-14.2.1-1.1/bin/../lib/gcc/arm-none-eabi/14.2.1/thumb/v7-a+fp/hard/crtbegin.o
 *fill*         0x02018019        0x3 
 .bss.object.0  0x0201801c       0x18 /home/test/zynq_psoracle/toolchain/xpack-arm-none-eabi-gcc-14.2.1-1.1/bin/../lib/gcc/arm-none-eabi/14.2.1/thumb/v7-a+fp/hard/crtbegin.o
 .bss.UndefinedExceptionAddr
                0x02018034        0x4 /home/test/zynq_psoracle/firmware/bsp/out/arm_common_xil_exception.c.o
                0x02018034                UndefinedExceptionAddr
 .bss.PrefetchAbortAddr
                0x02018038        0x4 /home/test/zynq_psoracle/firmware/bsp/out/arm_common_xil_exception.c.o
                0x02018038                PrefetchAbortAddr
 .bss.DataAbortAddr
                0x0201803c        0x4 /home/test/zynq_psoracle/firmware/bsp/out/arm_common_xil_exception.c.o
                0x0201803c                DataAbortAddr
 .bss.Xil_AssertCallbackRoutine
                0x02018040        0x4 /home/test/zynq_psoracle/firmware/bsp/out/common_xil_assert.c.o
 .bss.Xil_AssertStatus
                0x02018044        0x4 /home/test/zynq_psoracle/firmware/bsp/out/common_xil_assert.c.o
                0x02018044                Xil_AssertStatus
 .bss.heap.1    0x02018048        0x4 /home/test/zynq_psoracle/firmware/bsp/out/arm_common_gcc__sbrk.c.o
 .bss.g_words_b64
                0x0201804c      0xc00 /home/test/zynq_psoracle/firmware/bsp/out/p3_app.c.o
 .bss.g_chunk   0x02018c4c      0x600 /home/test/zynq_psoracle/firmware/bsp/out/p3_app.c.o
 .bss.g_body    0x0201924c     0x1c00 /home/test/zynq_psoracle/firmware/bsp/out/p3_app.c.o
 .bss.g_encoded
                0x0201ae4c     0x1800 /home/test/zynq_psoracle/firmware/bsp/out/p3_app.c.o
 .bss.g_payload
                0x0201c64c     0x1000 /home/test/zynq_psoracle/firmware/bsp/out/p3_app.c.o
 .bss.g_json    0x0201d64c     0x1000 /home/test/zynq_psoracle/firmware/bsp/out/p3_app.c.o
 .bss.g_line    0x0201e64c     0x2000 /home/test/zynq_psoracle/firmware/bsp/out/p3_app.c.o
 *fill*         0x0202064c        0x4 
 .bss.S         0x02020650     0x2770 /home/test/zynq_psoracle/firmware/bsp/out/p3_app.c.o
 .bss.pool.0    0x02022dc0       0x66 /home/test/zynq_psoracle/firmware/bsp/out/p3_search.c.o
 *fill*         0x02022e26        0x2 
 .bss.pool.1    0x02022e28      0x248 /home/test/zynq_psoracle/firmware/bsp/out/p3_search.c.o
 .bss.g_tally_audited
                0x02023070        0x4 /home/test/zynq_psoracle/firmware/bsp/out/p3_wire.c.o
 .bss.g_tally_records
                0x02023074        0x4 /home/test/zynq_psoracle/firmware/bsp/out/p3_wire.c.o
 .bss.__sf      0x02023078      0x138 /home/test/zynq_psoracle/toolchain/xpack-arm-none-eabi-gcc-14.2.1-1.1/bin/../lib/gcc/arm-none-eabi/14.2.1/../../../../arm-none-eabi/lib/thumb/v7-a+fp/hard/libc.a(libc_a-findfp.o)
                0x02023078                __sf
 .bss.__stdio_exit_handler
                0x020231b0        0x4 /home/test/zynq_psoracle/toolchain/xpack-arm-none-eabi-gcc-14.2.1-1.1/bin/../lib/gcc/arm-none-eabi/14.2.1/../../../../arm-none-eabi/lib/thumb/v7-a+fp/hard/libc.a(libc_a-findfp.o)
                0x020231b0                __stdio_exit_handler
 .bss.errno     0x020231b4        0x4 /home/test/zynq_psoracle/toolchain/xpack-arm-none-eabi-gcc-14.2.1-1.1/bin/../lib/gcc/arm-none-eabi/14.2.1/../../../../arm-none-eabi/lib/thumb/v7-a+fp/hard/libc.a(libc_a-reent.o)
                0x020231b4                errno
 .bss.__lock___malloc_recursive_mutex
                0x020231b8        0x1 /home/test/zynq_psoracle/toolchain/xpack-arm-none-eabi-gcc-14.2.1-1.1/bin/../lib/gcc/arm-none-eabi/14.2.1/../../../../arm-none-eabi/lib/thumb/v7-a+fp/hard/libc.a(libc_a-lock.o)
                0x020231b8                __lock___malloc_recursive_mutex
 *fill*         0x020231b9        0x3 
 .bss.__lock___atexit_recursive_mutex
                0x020231bc        0x1 /home/test/zynq_psoracle/toolchain/xpack-arm-none-eabi-gcc-14.2.1-1.1/bin/../lib/gcc/arm-none-eabi/14.2.1/../../../../arm-none-eabi/lib/thumb/v7-a+fp/hard/libc.a(libc_a-lock.o)
                0x020231bc                __lock___atexit_recursive_mutex
 *fill*         0x020231bd        0x3 
 .bss.__lock___sfp_recursive_mutex
                0x020231c0        0x1 /home/test/zynq_psoracle/toolchain/xpack-arm-none-eabi-gcc-14.2.1-1.1/bin/../lib/gcc/arm-none-eabi/14.2.1/../../../../arm-none-eabi/lib/thumb/v7-a+fp/hard/libc.a(libc_a-lock.o)
                0x020231c0                __lock___sfp_recursive_mutex
 *fill*         0x020231c1        0x3 
 .bss.__atexit  0x020231c4        0x4 /home/test/zynq_psoracle/toolchain/xpack-arm-none-eabi-gcc-14.2.1-1.1/bin/../lib/gcc/arm-none-eabi/14.2.1/../../../../arm-none-eabi/lib/thumb/v7-a+fp/hard/libc.a(libc_a-__call_atexit.o)
                0x020231c4                __atexit
 .bss.__malloc_current_mallinfo
                0x020231c8       0x28 /home/test/zynq_psoracle/toolchain/xpack-arm-none-eabi-gcc-14.2.1-1.1/bin/../lib/gcc/arm-none-eabi/14.2.1/../../../../arm-none-eabi/lib/thumb/v7-a+fp/hard/libc.a(libc_a-mallocr.o)
                0x020231c8                __malloc_current_mallinfo
 .bss.__malloc_max_total_mem
                0x020231f0        0x4 /home/test/zynq_psoracle/toolchain/xpack-arm-none-eabi-gcc-14.2.1-1.1/bin/../lib/gcc/arm-none-eabi/14.2.1/../../../../arm-none-eabi/lib/thumb/v7-a+fp/hard/libc.a(libc_a-mallocr.o)
                0x020231f0                __malloc_max_total_mem
 .bss.__malloc_max_sbrked_mem
                0x020231f4        0x4 /home/test/zynq_psoracle/toolchain/xpack-arm-none-eabi-gcc-14.2.1-1.1/bin/../lib/gcc/arm-none-eabi/14.2.1/../../../../arm-none-eabi/lib/thumb/v7-a+fp/hard/libc.a(libc_a-mallocr.o)
                0x020231f4                __malloc_max_sbrked_mem
 .bss.__malloc_top_pad
                0x020231f8        0x4 /home/test/zynq_psoracle/toolchain/xpack-arm-none-eabi-gcc-14.2.1-1.1/bin/../lib/gcc/arm-none-eabi/14.2.1/../../../../arm-none-eabi/lib/thumb/v7-a+fp/hard/libc.a(libc_a-mallocr.o)
                0x020231f8                __malloc_top_pad
 .bss.__atexit0
                0x020231fc      0x190 /home/test/zynq_psoracle/toolchain/xpack-arm-none-eabi-gcc-14.2.1-1.1/bin/../lib/gcc/arm-none-eabi/14.2.1/../../../../arm-none-eabi/lib/thumb/v7-a+fp/hard/libc.a(libc_a-__atexit.o)
                0x020231fc                __atexit0
 *(.gnu.linkonce.b.*)
 *(COMMON)
                0x0202338c                        __bss_end__ = .
                0x0202338c                        __bss_end = .
                0x02018014                        _SDA_BASE_ = (__sdata_start + ((__sbss_end - __sdata_start) / 0x2))
                0x02010630                        _SDA2_BASE_ = (__sdata2_start + ((__sbss2_end - __sdata2_start) / 0x2))

.heap           0x0202338c   0x100004
                0x02023390                        . = ALIGN (0x10)
 *fill*         0x0202338c        0x4 
                0x02023390                        _heap = .
                0x02023390                        HeapBase = .
                0x02023390                        _heap_start = .
                0x02123390                        . = (. + _HEAP_SIZE)
 *fill*         0x02023390   0x100000 
                0x02123390                        _heap_end = .
                0x02123390                        HeapLimit = .

.stack          0x02123390     0x7000
                0x02123390                        . = ALIGN (0x10)
                0x02123390                        _stack_end = .
                0x02127390                        . = (. + _STACK_SIZE)
 *fill*         0x02123390     0x4000 
                0x02127390                        . = ALIGN (0x10)
                0x02127390                        __stack = .
                0x02127390                        . = ALIGN (0x10)
                0x02127390                        _irq_stack_end = .
                0x02127b90                        . = (. + _IRQ_STACK_SIZE)
 *fill*         0x02127390      0x800 
                0x02127b90                        . = ALIGN (0x10)
                0x02127b90                        __irq_stack = .
                0x02127b90                        _supervisor_stack_end = .
                0x02128b90                        . = (. + _SUPERVISOR_STACK_SIZE)
 *fill*         0x02127b90     0x1000 
                0x02128b90                        . = ALIGN (0x10)
                0x02128b90                        __supervisor_stack = .
                0x02128b90                        _abort_stack_end = .
                0x02129390                        . = (. + _ABORT_STACK_SIZE)
 *fill*         0x02128b90      0x800 
                0x02129390                        . = ALIGN (0x10)
                0x02129390                        __abort_stack = .
                0x02129390                        _fiq_stack_end = .
                0x02129b90                        . = (. + _FIQ_STACK_SIZE)
 *fill*         0x02129390      0x800 
                0x02129b90                        . = ALIGN (0x10)
                0x02129b90                        __fiq_stack = .
                0x02129b90                        _undef_stack_end = .
                0x0212a390                        . = (. + _UNDEF_STACK_SIZE)
 *fill*         0x02129b90      0x800 
                0x0212a390                        . = ALIGN (0x10)
                0x0212a390                        __undef_stack = .
                0x0212a390                        _end = .
                0x0212a390                        end = .
LOAD /home/test/zynq_psoracle/toolchain/xpack-arm-none-eabi-gcc-14.2.1-1.1/bin/../lib/gcc/arm-none-eabi/14.2.1/thumb/v7-a+fp/hard/crti.o
LOAD /home/test/zynq_psoracle/toolchain/xpack-arm-none-eabi-gcc-14.2.1-1.1/bin/../lib/gcc/arm-none-eabi/14.2.1/thumb/v7-a+fp/hard/crtbegin.o
LOAD /home/test/zynq_psoracle/firmware/bsp/out/arm_cortexa9_gcc_boot.S.o
LOAD /home/test/zynq_psoracle/firmware/bsp/out/arm_cortexa9_gcc_cpu_init.S.o
LOAD /home/test/zynq_psoracle/firmware/bsp/out/arm_cortexa9_gcc_translation_table.S.o
LOAD /home/test/zynq_psoracle/firmware/bsp/out/arm_cortexa9_gcc_xil-crt0.S.o
LOAD /home/test/zynq_psoracle/firmware/bsp/out/arm_cortexa9_gcc_asm_vectors.S.o
LOAD /home/test/zynq_psoracle/firmware/bsp/out/arm_cortexa9_xil_cache.c.o
LOAD /home/test/zynq_psoracle/firmware/bsp/out/arm_cortexa9_xil_mmu.c.o
LOAD /home/test/zynq_psoracle/firmware/bsp/out/arm_cortexa9_xil_misc_psreset_api.c.o
LOAD /home/test/zynq_psoracle/firmware/bsp/out/arm_cortexa9_xl2cc_counter.c.o
LOAD /home/test/zynq_psoracle/firmware/bsp/out/arm_cortexa9_xtime_l.c.o
LOAD /home/test/zynq_psoracle/firmware/bsp/out/arm_common_vectors.c.o
LOAD /home/test/zynq_psoracle/firmware/bsp/out/arm_common_xil_exception.c.o
LOAD /home/test/zynq_psoracle/firmware/bsp/out/common_xil_assert.c.o
LOAD /home/test/zynq_psoracle/firmware/bsp/out/common_xil_printf.c.o
LOAD /home/test/zynq_psoracle/firmware/bsp/out/common_print.c.o
LOAD /home/test/zynq_psoracle/firmware/bsp/out/common_xil_mem.c.o
LOAD /home/test/zynq_psoracle/firmware/bsp/out/common_xil_sutil.c.o
LOAD /home/test/zynq_psoracle/firmware/bsp/out/common_xil_util.c.o
LOAD /home/test/zynq_psoracle/firmware/bsp/out/common_outbyte.c.o
LOAD /home/test/zynq_psoracle/firmware/bsp/out/common_inbyte.c.o
LOAD /home/test/zynq_psoracle/firmware/bsp/out/arm_common_gcc_sbrk.c.o
LOAD /home/test/zynq_psoracle/firmware/bsp/out/arm_common_gcc__sbrk.c.o
LOAD /home/test/zynq_psoracle/firmware/bsp/out/arm_common_gcc_write.c.o
LOAD /home/test/zynq_psoracle/firmware/bsp/out/arm_common_gcc_read.c.o
LOAD /home/test/zynq_psoracle/firmware/bsp/out/arm_common_gcc_close.c.o
LOAD /home/test/zynq_psoracle/firmware/bsp/out/arm_common_gcc_fstat.c.o
LOAD /home/test/zynq_psoracle/firmware/bsp/out/arm_common_gcc_isatty.c.o
LOAD /home/test/zynq_psoracle/firmware/bsp/out/arm_common_gcc_lseek.c.o
LOAD /home/test/zynq_psoracle/firmware/bsp/out/arm_common_gcc__exit.c.o
LOAD /home/test/zynq_psoracle/firmware/bsp/out/arm_common_gcc__open.c.o
LOAD /home/test/zynq_psoracle/firmware/bsp/out/arm_common_gcc_open.c.o
LOAD /home/test/zynq_psoracle/firmware/bsp/out/arm_common_gcc_unlink.c.o
LOAD /home/test/zynq_psoracle/firmware/bsp/out/arm_common_gcc_getpid.c.o
LOAD /home/test/zynq_psoracle/firmware/bsp/out/arm_common_gcc_kill.c.o
LOAD /home/test/zynq_psoracle/firmware/bsp/out/arm_common_gcc_errno.c.o
LOAD /home/test/zynq_psoracle/firmware/bsp/out/arm_common_gcc_abort.c.o
LOAD /home/test/zynq_psoracle/firmware/bsp/out/wd_xscuwdt.c.o
LOAD /home/test/zynq_psoracle/firmware/bsp/out/wd_xscuwdt_g.c.o
LOAD /home/test/zynq_psoracle/firmware/bsp/out/wd_xscuwdt_sinit.c.o
LOAD /home/test/zynq_psoracle/firmware/bsp/out/console.o
LOAD /home/test/zynq_psoracle/firmware/bsp/out/p3_app.c.o
LOAD /home/test/zynq_psoracle/firmware/bsp/out/p3_derive.c.o
LOAD /home/test/zynq_psoracle/firmware/bsp/out/p3_search.c.o
LOAD /home/test/zynq_psoracle/firmware/bsp/out/p3_wire.c.o
START GROUP
LOAD /home/test/zynq_psoracle/toolchain/xpack-arm-none-eabi-gcc-14.2.1-1.1/bin/../lib/gcc/arm-none-eabi/14.2.1/thumb/v7-a+fp/hard/libgcc.a
LOAD /home/test/zynq_psoracle/toolchain/xpack-arm-none-eabi-gcc-14.2.1-1.1/bin/../lib/gcc/arm-none-eabi/14.2.1/../../../../arm-none-eabi/lib/thumb/v7-a+fp/hard/libc.a
LOAD /home/test/zynq_psoracle/toolchain/xpack-arm-none-eabi-gcc-14.2.1-1.1/bin/../lib/gcc/arm-none-eabi/14.2.1/../../../../arm-none-eabi/lib/thumb/v7-a+fp/hard/libm.a
END GROUP
LOAD /home/test/zynq_psoracle/toolchain/xpack-arm-none-eabi-gcc-14.2.1-1.1/bin/../lib/gcc/arm-none-eabi/14.2.1/thumb/v7-a+fp/hard/crtend.o
LOAD /home/test/zynq_psoracle/toolchain/xpack-arm-none-eabi-gcc-14.2.1-1.1/bin/../lib/gcc/arm-none-eabi/14.2.1/thumb/v7-a+fp/hard/crtn.o
START GROUP
LOAD /home/test/zynq_psoracle/toolchain/xpack-arm-none-eabi-gcc-14.2.1-1.1/bin/../lib/gcc/arm-none-eabi/14.2.1/thumb/v7-a+fp/hard/libgcc.a
LOAD /home/test/zynq_psoracle/toolchain/xpack-arm-none-eabi-gcc-14.2.1-1.1/bin/../lib/gcc/arm-none-eabi/14.2.1/../../../../arm-none-eabi/lib/thumb/v7-a+fp/hard/libc.a
END GROUP
OUTPUT(/home/test/zynq_psoracle/firmware/bsp/out/p3_app_l6.elf elf32-littlearm)
LOAD linker stubs

.ARM.attributes
                0x00000000       0x33
 .ARM.attributes
                0x00000000       0x21 /home/test/zynq_psoracle/toolchain/xpack-arm-none-eabi-gcc-14.2.1-1.1/bin/../lib/gcc/arm-none-eabi/14.2.1/thumb/v7-a+fp/hard/crti.o
 .ARM.attributes
                0x00000021       0x33 /home/test/zynq_psoracle/toolchain/xpack-arm-none-eabi-gcc-14.2.1-1.1/bin/../lib/gcc/arm-none-eabi/14.2.1/thumb/v7-a+fp/hard/crtbegin.o
 .ARM.attributes
                0x00000054       0x23 /home/test/zynq_psoracle/firmware/bsp/out/arm_cortexa9_gcc_boot.S.o
 .ARM.attributes
                0x00000077       0x23 /home/test/zynq_psoracle/firmware/bsp/out/arm_cortexa9_gcc_cpu_init.S.o
 .ARM.attributes
                0x0000009a       0x23 /home/test/zynq_psoracle/firmware/bsp/out/arm_cortexa9_gcc_translation_table.S.o
 .ARM.attributes
                0x000000bd       0x23 /home/test/zynq_psoracle/firmware/bsp/out/arm_cortexa9_gcc_xil-crt0.S.o
 .ARM.attributes
                0x000000e0       0x37 /home/test/zynq_psoracle/firmware/bsp/out/arm_cortexa9_xil_cache.c.o
 .ARM.attributes
                0x00000117       0x37 /home/test/zynq_psoracle/firmware/bsp/out/arm_cortexa9_xil_mmu.c.o
 .ARM.attributes
                0x0000014e       0x37 /home/test/zynq_psoracle/firmware/bsp/out/arm_cortexa9_xtime_l.c.o
 .ARM.attributes
                0x00000185       0x37 /home/test/zynq_psoracle/firmware/bsp/out/arm_common_vectors.c.o
 .ARM.attributes
                0x000001bc       0x37 /home/test/zynq_psoracle/firmware/bsp/out/arm_common_xil_exception.c.o
 .ARM.attributes
                0x000001f3       0x37 /home/test/zynq_psoracle/firmware/bsp/out/common_xil_assert.c.o
 .ARM.attributes
                0x0000022a       0x37 /home/test/zynq_psoracle/firmware/bsp/out/arm_common_gcc__sbrk.c.o
 .ARM.attributes
                0x00000261       0x37 /home/test/zynq_psoracle/firmware/bsp/out/arm_common_gcc_write.c.o
 .ARM.attributes
                0x00000298       0x37 /home/test/zynq_psoracle/firmware/bsp/out/arm_common_gcc_read.c.o
 .ARM.attributes
                0x000002cf       0x37 /home/test/zynq_psoracle/firmware/bsp/out/arm_common_gcc_close.c.o
 .ARM.attributes
                0x00000306       0x37 /home/test/zynq_psoracle/firmware/bsp/out/arm_common_gcc_fstat.c.o
 .ARM.attributes
                0x0000033d       0x37 /home/test/zynq_psoracle/firmware/bsp/out/arm_common_gcc_isatty.c.o
 .ARM.attributes
                0x00000374       0x37 /home/test/zynq_psoracle/firmware/bsp/out/arm_common_gcc_lseek.c.o
 .ARM.attributes
                0x000003ab       0x37 /home/test/zynq_psoracle/firmware/bsp/out/arm_common_gcc__exit.c.o
 .ARM.attributes
                0x000003e2       0x37 /home/test/zynq_psoracle/firmware/bsp/out/arm_common_gcc_errno.c.o
 .ARM.attributes
                0x00000419       0x37 /home/test/zynq_psoracle/firmware/bsp/out/arm_common_gcc_abort.c.o
 .ARM.attributes
                0x00000450       0x37 /home/test/zynq_psoracle/firmware/bsp/out/wd_xscuwdt.c.o
 .ARM.attributes
                0x00000487       0x37 /home/test/zynq_psoracle/firmware/bsp/out/wd_xscuwdt_g.c.o
 .ARM.attributes
                0x000004be       0x37 /home/test/zynq_psoracle/firmware/bsp/out/wd_xscuwdt_sinit.c.o
 .ARM.attributes
                0x000004f5       0x37 /home/test/zynq_psoracle/firmware/bsp/out/console.o
 .ARM.attributes
                0x0000052c       0x37 /home/test/zynq_psoracle/firmware/bsp/out/p3_app.c.o
 .ARM.attributes
                0x00000563       0x37 /home/test/zynq_psoracle/firmware/bsp/out/p3_derive.c.o
 .ARM.attributes
                0x0000059a       0x37 /home/test/zynq_psoracle/firmware/bsp/out/p3_search.c.o
 .ARM.attributes
                0x000005d1       0x37 /home/test/zynq_psoracle/firmware/bsp/out/p3_wire.c.o
 .ARM.attributes
                0x00000608       0x21 /home/test/zynq_psoracle/toolchain/xpack-arm-none-eabi-gcc-14.2.1-1.1/bin/../lib/gcc/arm-none-eabi/14.2.1/thumb/v7-a+fp/hard/libgcc.a(_udivsi3.o)
 .ARM.attributes
                0x00000629       0x21 /home/test/zynq_psoracle/toolchain/xpack-arm-none-eabi-gcc-14.2.1-1.1/bin/../lib/gcc/arm-none-eabi/14.2.1/thumb/v7-a+fp/hard/libgcc.a(_dvmd_tls.o)
 .ARM.attributes
                0x0000064a       0x21 /home/test/zynq_psoracle/toolchain/xpack-arm-none-eabi-gcc-14.2.1-1.1/bin/../lib/gcc/arm-none-eabi/14.2.1/thumb/v7-a+fp/hard/libgcc.a(_aeabi_uldivmod.o)
 .ARM.attributes
                0x0000066b       0x33 /home/test/zynq_psoracle/toolchain/xpack-arm-none-eabi-gcc-14.2.1-1.1/bin/../lib/gcc/arm-none-eabi/14.2.1/thumb/v7-a+fp/hard/libgcc.a(_udivmoddi4.o)
 .ARM.attributes
                0x0000069e       0x33 /home/test/zynq_psoracle/toolchain/xpack-arm-none-eabi-gcc-14.2.1-1.1/bin/../lib/gcc/arm-none-eabi/14.2.1/../../../../arm-none-eabi/lib/thumb/v7-a+fp/hard/libc.a(libc_a-exit.o)
 .ARM.attributes
                0x000006d1       0x33 /home/test/zynq_psoracle/toolchain/xpack-arm-none-eabi-gcc-14.2.1-1.1/bin/../lib/gcc/arm-none-eabi/14.2.1/../../../../arm-none-eabi/lib/thumb/v7-a+fp/hard/libc.a(libc_a-strtoul.o)
 .ARM.attributes
                0x00000704       0x33 /home/test/zynq_psoracle/toolchain/xpack-arm-none-eabi-gcc-14.2.1-1.1/bin/../lib/gcc/arm-none-eabi/14.2.1/../../../../arm-none-eabi/lib/thumb/v7-a+fp/hard/libc.a(libc_a-ctype_.o)
 .ARM.attributes
                0x00000737       0x33 /home/test/zynq_psoracle/toolchain/xpack-arm-none-eabi-gcc-14.2.1-1.1/bin/../lib/gcc/arm-none-eabi/14.2.1/../../../../arm-none-eabi/lib/thumb/v7-a+fp/hard/libc.a(libc_a-findfp.o)
 .ARM.attributes
                0x0000076a       0x33 /home/test/zynq_psoracle/toolchain/xpack-arm-none-eabi-gcc-14.2.1-1.1/bin/../lib/gcc/arm-none-eabi/14.2.1/../../../../arm-none-eabi/lib/thumb/v7-a+fp/hard/libc.a(libc_a-fwalk.o)
 .ARM.attributes
                0x0000079d       0x33 /home/test/zynq_psoracle/toolchain/xpack-arm-none-eabi-gcc-14.2.1-1.1/bin/../lib/gcc/arm-none-eabi/14.2.1/../../../../arm-none-eabi/lib/thumb/v7-a+fp/hard/libc.a(libc_a-snprintf.o)
 .ARM.attributes
                0x000007d0       0x33 /home/test/zynq_psoracle/toolchain/xpack-arm-none-eabi-gcc-14.2.1-1.1/bin/../lib/gcc/arm-none-eabi/14.2.1/../../../../arm-none-eabi/lib/thumb/v7-a+fp/hard/libc.a(libc_a-stdio.o)
 .ARM.attributes
                0x00000803       0x33 /home/test/zynq_psoracle/toolchain/xpack-arm-none-eabi-gcc-14.2.1-1.1/bin/../lib/gcc/arm-none-eabi/14.2.1/../../../../arm-none-eabi/lib/thumb/v7-a+fp/hard/libc.a(libc_a-vsnprintf.o)
 .ARM.attributes
                0x00000836       0x33 /home/test/zynq_psoracle/toolchain/xpack-arm-none-eabi-gcc-14.2.1-1.1/bin/../lib/gcc/arm-none-eabi/14.2.1/../../../../arm-none-eabi/lib/thumb/v7-a+fp/hard/libc.a(libc_a-memcmp.o)
 .ARM.attributes
                0x00000869       0x33 /home/test/zynq_psoracle/toolchain/xpack-arm-none-eabi-gcc-14.2.1-1.1/bin/../lib/gcc/arm-none-eabi/14.2.1/../../../../arm-none-eabi/lib/thumb/v7-a+fp/hard/libc.a(libc_a-memmove.o)
 .ARM.attributes
                0x0000089c       0x33 /home/test/zynq_psoracle/toolchain/xpack-arm-none-eabi-gcc-14.2.1-1.1/bin/../lib/gcc/arm-none-eabi/14.2.1/../../../../arm-none-eabi/lib/thumb/v7-a+fp/hard/libc.a(libc_a-memset.o)
 .ARM.attributes
                0x000008cf       0x33 /home/test/zynq_psoracle/toolchain/xpack-arm-none-eabi-gcc-14.2.1-1.1/bin/../lib/gcc/arm-none-eabi/14.2.1/../../../../arm-none-eabi/lib/thumb/v7-a+fp/hard/libc.a(libc_a-strnlen.o)
 .ARM.attributes
                0x00000902       0x33 /home/test/zynq_psoracle/toolchain/xpack-arm-none-eabi-gcc-14.2.1-1.1/bin/../lib/gcc/arm-none-eabi/14.2.1/../../../../arm-none-eabi/lib/thumb/v7-a+fp/hard/libc.a(libc_a-strrchr.o)
 .ARM.attributes
                0x00000935       0x33 /home/test/zynq_psoracle/toolchain/xpack-arm-none-eabi-gcc-14.2.1-1.1/bin/../lib/gcc/arm-none-eabi/14.2.1/../../../../arm-none-eabi/lib/thumb/v7-a+fp/hard/libc.a(libc_a-strstr.o)
 .ARM.attributes
                0x00000968       0x33 /home/test/zynq_psoracle/toolchain/xpack-arm-none-eabi-gcc-14.2.1-1.1/bin/../lib/gcc/arm-none-eabi/14.2.1/../../../../arm-none-eabi/lib/thumb/v7-a+fp/hard/libc.a(libc_a-closer.o)
 .ARM.attributes
                0x0000099b       0x33 /home/test/zynq_psoracle/toolchain/xpack-arm-none-eabi-gcc-14.2.1-1.1/bin/../lib/gcc/arm-none-eabi/14.2.1/../../../../arm-none-eabi/lib/thumb/v7-a+fp/hard/libc.a(libc_a-reent.o)
 .ARM.attributes
                0x000009ce       0x33 /home/test/zynq_psoracle/toolchain/xpack-arm-none-eabi-gcc-14.2.1-1.1/bin/../lib/gcc/arm-none-eabi/14.2.1/../../../../arm-none-eabi/lib/thumb/v7-a+fp/hard/libc.a(libc_a-impure.o)
 .ARM.attributes
                0x00000a01       0x33 /home/test/zynq_psoracle/toolchain/xpack-arm-none-eabi-gcc-14.2.1-1.1/bin/../lib/gcc/arm-none-eabi/14.2.1/../../../../arm-none-eabi/lib/thumb/v7-a+fp/hard/libc.a(libc_a-lseekr.o)
 .ARM.attributes
                0x00000a34       0x33 /home/test/zynq_psoracle/toolchain/xpack-arm-none-eabi-gcc-14.2.1-1.1/bin/../lib/gcc/arm-none-eabi/14.2.1/../../../../arm-none-eabi/lib/thumb/v7-a+fp/hard/libc.a(libc_a-readr.o)
 .ARM.attributes
                0x00000a67       0x33 /home/test/zynq_psoracle/toolchain/xpack-arm-none-eabi-gcc-14.2.1-1.1/bin/../lib/gcc/arm-none-eabi/14.2.1/../../../../arm-none-eabi/lib/thumb/v7-a+fp/hard/libc.a(libc_a-writer.o)
 .ARM.attributes
                0x00000a9a       0x33 /home/test/zynq_psoracle/toolchain/xpack-arm-none-eabi-gcc-14.2.1-1.1/bin/../lib/gcc/arm-none-eabi/14.2.1/../../../../arm-none-eabi/lib/thumb/v7-a+fp/hard/libc.a(libc_a-init.o)
 .ARM.attributes
                0x00000acd       0x33 /home/test/zynq_psoracle/toolchain/xpack-arm-none-eabi-gcc-14.2.1-1.1/bin/../lib/gcc/arm-none-eabi/14.2.1/../../../../arm-none-eabi/lib/thumb/v7-a+fp/hard/libc.a(libc_a-fini.o)
 .ARM.attributes
                0x00000b00       0x33 /home/test/zynq_psoracle/toolchain/xpack-arm-none-eabi-gcc-14.2.1-1.1/bin/../lib/gcc/arm-none-eabi/14.2.1/../../../../arm-none-eabi/lib/thumb/v7-a+fp/hard/libc.a(libc_a-lock.o)
 .ARM.attributes
                0x00000b33       0x1f /home/test/zynq_psoracle/toolchain/xpack-arm-none-eabi-gcc-14.2.1-1.1/bin/../lib/gcc/arm-none-eabi/14.2.1/../../../../arm-none-eabi/lib/thumb/v7-a+fp/hard/libc.a(libc_a-strcmp.o)
 .ARM.attributes
                0x00000b52       0x1b /home/test/zynq_psoracle/toolchain/xpack-arm-none-eabi-gcc-14.2.1-1.1/bin/../lib/gcc/arm-none-eabi/14.2.1/../../../../arm-none-eabi/lib/thumb/v7-a+fp/hard/libc.a(libc_a-memcpy.o)
 .ARM.attributes
                0x00000b6d       0x19 /home/test/zynq_psoracle/toolchain/xpack-arm-none-eabi-gcc-14.2.1-1.1/bin/../lib/gcc/arm-none-eabi/14.2.1/../../../../arm-none-eabi/lib/thumb/v7-a+fp/hard/libc.a(libc_a-strlen.o)
 .ARM.attributes
                0x00000b86       0x33 /home/test/zynq_psoracle/toolchain/xpack-arm-none-eabi-gcc-14.2.1-1.1/bin/../lib/gcc/arm-none-eabi/14.2.1/../../../../arm-none-eabi/lib/thumb/v7-a+fp/hard/libc.a(libc_a-__call_atexit.o)
 .ARM.attributes
                0x00000bb9       0x33 /home/test/zynq_psoracle/toolchain/xpack-arm-none-eabi-gcc-14.2.1-1.1/bin/../lib/gcc/arm-none-eabi/14.2.1/../../../../arm-none-eabi/lib/thumb/v7-a+fp/hard/libc.a(libc_a-atexit.o)
 .ARM.attributes
                0x00000bec       0x33 /home/test/zynq_psoracle/toolchain/xpack-arm-none-eabi-gcc-14.2.1-1.1/bin/../lib/gcc/arm-none-eabi/14.2.1/../../../../arm-none-eabi/lib/thumb/v7-a+fp/hard/libc.a(libc_a-freer.o)
 .ARM.attributes
                0x00000c1f       0x33 /home/test/zynq_psoracle/toolchain/xpack-arm-none-eabi-gcc-14.2.1-1.1/bin/../lib/gcc/arm-none-eabi/14.2.1/../../../../arm-none-eabi/lib/thumb/v7-a+fp/hard/libc.a(libc_a-mallocr.o)
 .ARM.attributes
                0x00000c52       0x33 /home/test/zynq_psoracle/toolchain/xpack-arm-none-eabi-gcc-14.2.1-1.1/bin/../lib/gcc/arm-none-eabi/14.2.1/../../../../arm-none-eabi/lib/thumb/v7-a+fp/hard/libc.a(libc_a-mlock.o)
 .ARM.attributes
                0x00000c85       0x33 /home/test/zynq_psoracle/toolchain/xpack-arm-none-eabi-gcc-14.2.1-1.1/bin/../lib/gcc/arm-none-eabi/14.2.1/../../../../arm-none-eabi/lib/thumb/v7-a+fp/hard/libc.a(libc_a-svfprintf.o)
 .ARM.attributes
                0x00000cb8       0x33 /home/test/zynq_psoracle/toolchain/xpack-arm-none-eabi-gcc-14.2.1-1.1/bin/../lib/gcc/arm-none-eabi/14.2.1/../../../../arm-none-eabi/lib/thumb/v7-a+fp/hard/libc.a(libc_a-ssprint_r.o)
 .ARM.attributes
                0x00000ceb       0x33 /home/test/zynq_psoracle/toolchain/xpack-arm-none-eabi-gcc-14.2.1-1.1/bin/../lib/gcc/arm-none-eabi/14.2.1/../../../../arm-none-eabi/lib/thumb/v7-a+fp/hard/libc.a(libc_a-fclose.o)
 .ARM.attributes
                0x00000d1e       0x33 /home/test/zynq_psoracle/toolchain/xpack-arm-none-eabi-gcc-14.2.1-1.1/bin/../lib/gcc/arm-none-eabi/14.2.1/../../../../arm-none-eabi/lib/thumb/v7-a+fp/hard/libc.a(libc_a-fflush.o)
 .ARM.attributes
                0x00000d51       0x33 /home/test/zynq_psoracle/toolchain/xpack-arm-none-eabi-gcc-14.2.1-1.1/bin/../lib/gcc/arm-none-eabi/14.2.1/../../../../arm-none-eabi/lib/thumb/v7-a+fp/hard/libc.a(libc_a-strchr.o)
 .ARM.attributes
                0x00000d84       0x33 /home/test/zynq_psoracle/toolchain/xpack-arm-none-eabi-gcc-14.2.1-1.1/bin/../lib/gcc/arm-none-eabi/14.2.1/../../../../arm-none-eabi/lib/thumb/v7-a+fp/hard/libc.a(libc_a-strncpy.o)
 .ARM.attributes
                0x00000db7       0x33 /home/test/zynq_psoracle/toolchain/xpack-arm-none-eabi-gcc-14.2.1-1.1/bin/../lib/gcc/arm-none-eabi/14.2.1/../../../../arm-none-eabi/lib/thumb/v7-a+fp/hard/libc.a(libc_a-locale.o)
 .ARM.attributes
                0x00000dea       0x33 /home/test/zynq_psoracle/toolchain/xpack-arm-none-eabi-gcc-14.2.1-1.1/bin/../lib/gcc/arm-none-eabi/14.2.1/../../../../arm-none-eabi/lib/thumb/v7-a+fp/hard/libc.a(libc_a-localeconv.o)
 .ARM.attributes
                0x00000e1d       0x33 /home/test/zynq_psoracle/toolchain/xpack-arm-none-eabi-gcc-14.2.1-1.1/bin/../lib/gcc/arm-none-eabi/14.2.1/../../../../arm-none-eabi/lib/thumb/v7-a+fp/hard/libc.a(libc_a-sbrkr.o)
 .ARM.attributes
                0x00000e50       0x33 /home/test/zynq_psoracle/toolchain/xpack-arm-none-eabi-gcc-14.2.1-1.1/bin/../lib/gcc/arm-none-eabi/14.2.1/../../../../arm-none-eabi/lib/thumb/v7-a+fp/hard/libc.a(libc_a-sysconf.o)
 .ARM.attributes
                0x00000e83       0x1b /home/test/zynq_psoracle/toolchain/xpack-arm-none-eabi-gcc-14.2.1-1.1/bin/../lib/gcc/arm-none-eabi/14.2.1/../../../../arm-none-eabi/lib/thumb/v7-a+fp/hard/libc.a(libc_a-memchr.o)
 .ARM.attributes
                0x00000e9e       0x33 /home/test/zynq_psoracle/toolchain/xpack-arm-none-eabi-gcc-14.2.1-1.1/bin/../lib/gcc/arm-none-eabi/14.2.1/../../../../arm-none-eabi/lib/thumb/v7-a+fp/hard/libc.a(libm_a-s_frexp.o)
 .ARM.attributes
                0x00000ed1       0x33 /home/test/zynq_psoracle/toolchain/xpack-arm-none-eabi-gcc-14.2.1-1.1/bin/../lib/gcc/arm-none-eabi/14.2.1/../../../../arm-none-eabi/lib/thumb/v7-a+fp/hard/libc.a(libc_a-__atexit.o)
 .ARM.attributes
                0x00000f04       0x33 /home/test/zynq_psoracle/toolchain/xpack-arm-none-eabi-gcc-14.2.1-1.1/bin/../lib/gcc/arm-none-eabi/14.2.1/../../../../arm-none-eabi/lib/thumb/v7-a+fp/hard/libc.a(libc_a-dtoa.o)
 .ARM.attributes
                0x00000f37       0x33 /home/test/zynq_psoracle/toolchain/xpack-arm-none-eabi-gcc-14.2.1-1.1/bin/../lib/gcc/arm-none-eabi/14.2.1/../../../../arm-none-eabi/lib/thumb/v7-a+fp/hard/libc.a(libc_a-mbtowc_r.o)
 .ARM.attributes
                0x00000f6a       0x33 /home/test/zynq_psoracle/toolchain/xpack-arm-none-eabi-gcc-14.2.1-1.1/bin/../lib/gcc/arm-none-eabi/14.2.1/../../../../arm-none-eabi/lib/thumb/v7-a+fp/hard/libc.a(libc_a-mprec.o)
 .ARM.attributes
                0x00000f9d       0x33 /home/test/zynq_psoracle/toolchain/xpack-arm-none-eabi-gcc-14.2.1-1.1/bin/../lib/gcc/arm-none-eabi/14.2.1/../../../../arm-none-eabi/lib/thumb/v7-a+fp/hard/libc.a(libc_a-wctomb_r.o)
 .ARM.attributes
                0x00000fd0       0x33 /home/test/zynq_psoracle/toolchain/xpack-arm-none-eabi-gcc-14.2.1-1.1/bin/../lib/gcc/arm-none-eabi/14.2.1/../../../../arm-none-eabi/lib/thumb/v7-a+fp/hard/libc.a(libc_a-wcrtomb.o)
 .ARM.attributes
                0x00001003       0x33 /home/test/zynq_psoracle/toolchain/xpack-arm-none-eabi-gcc-14.2.1-1.1/bin/../lib/gcc/arm-none-eabi/14.2.1/../../../../arm-none-eabi/lib/thumb/v7-a+fp/hard/libc.a(libc_a-wcsrtombs.o)
 .ARM.attributes
                0x00001036       0x33 /home/test/zynq_psoracle/toolchain/xpack-arm-none-eabi-gcc-14.2.1-1.1/bin/../lib/gcc/arm-none-eabi/14.2.1/../../../../arm-none-eabi/lib/thumb/v7-a+fp/hard/libc.a(libc_a-ssputs_r.o)
 .ARM.attributes
                0x00001069       0x33 /home/test/zynq_psoracle/toolchain/xpack-arm-none-eabi-gcc-14.2.1-1.1/bin/../lib/gcc/arm-none-eabi/14.2.1/../../../../arm-none-eabi/lib/thumb/v7-a+fp/hard/libc.a(libc_a-assert.o)
 .ARM.attributes
                0x0000109c       0x33 /home/test/zynq_psoracle/toolchain/xpack-arm-none-eabi-gcc-14.2.1-1.1/bin/../lib/gcc/arm-none-eabi/14.2.1/../../../../arm-none-eabi/lib/thumb/v7-a+fp/hard/libc.a(libc_a-callocr.o)
 .ARM.attributes
                0x000010cf       0x33 /home/test/zynq_psoracle/toolchain/xpack-arm-none-eabi-gcc-14.2.1-1.1/bin/../lib/gcc/arm-none-eabi/14.2.1/../../../../arm-none-eabi/lib/thumb/v7-a+fp/hard/libc.a(libc_a-reallocr.o)
 .ARM.attributes
                0x00001102       0x33 /home/test/zynq_psoracle/toolchain/xpack-arm-none-eabi-gcc-14.2.1-1.1/bin/../lib/gcc/arm-none-eabi/14.2.1/../../../../arm-none-eabi/lib/thumb/v7-a+fp/hard/libc.a(libc_a-wcsnrtombs.o)
 .ARM.attributes
                0x00001135       0x33 /home/test/zynq_psoracle/toolchain/xpack-arm-none-eabi-gcc-14.2.1-1.1/bin/../lib/gcc/arm-none-eabi/14.2.1/../../../../arm-none-eabi/lib/thumb/v7-a+fp/hard/libc.a(libc_a-fiprintf.o)
 .ARM.attributes
                0x00001168       0x33 /home/test/zynq_psoracle/toolchain/xpack-arm-none-eabi-gcc-14.2.1-1.1/bin/../lib/gcc/arm-none-eabi/14.2.1/../../../../arm-none-eabi/lib/thumb/v7-a+fp/hard/libc.a(libc_a-vfiprintf.o)
 .ARM.attributes